******************************************************************************
                  TI ARM Linker PC v18.12.4                    
******************************************************************************
>> Linked Wed Mar 25 08:36:23 2020

OUTPUT FILE NAME:   <ece3849d20_lab0_jemushatt.out>
ENTRY POINT SYMBOL: "_c_int00_noargs"  address: 00003d31


MEMORY CONFIGURATION

         name            origin    length      used     unused   attr    fill
----------------------  --------  ---------  --------  --------  ----  --------
  FLASH                 00000000   00100000  00004960  000fb6a0  R  X
  SRAM                  20000000   00040000  00008c36  000373ca  RW X


SEGMENT ALLOCATION MAP

run origin  load origin   length   init length attrs members
----------  ----------- ---------- ----------- ----- -------
00000000    00000000    00004960   00004960    r-x
  00000000    00000000    00000208   00000208    r-- .intvecs
  00000208    00000208    00003f70   00003f70    r-x .text
  00004178    00004178    00000758   00000758    r-- .const
  000048d0    000048d0    00000090   00000090    r-- .cinit
20000000    20000000    00008c40   00000000    rw-
  20000000    20000000    000081ec   00000000    rw- .data
  200081f0    200081f0    00000800   00000000    rw- .stack
  200089f0    200089f0    0000023a   00000000    rw- .bss
  20008c30    20008c30    00000010   00000000    rw- .sysmem


SECTION ALLOCATION MAP

 output                                  attributes/
section   page    origin      length       input sections
--------  ----  ----------  ----------   ----------------
.intvecs   0    00000000    00000208     
                  00000000    00000208     tm4c1294ncpdt_startup_ccs.obj (.intvecs)

.text      0    00000208    00003f70     
                  00000208    00000a4e     rtsv7M4_T_le_v4SPD16_eabi.lib : _printfi.c.obj (.text:__TI_printfi)
                  00000c56    00000002                                   : _lock.c.obj (.text:_nop)
                  00000c58    0000068c     Crystalfontz128x128_ST7735.obj (.text)
                  000012e4    00000270     rtsv7M4_T_le_v4SPD16_eabi.lib : _printfi.c.obj (.text:_pconv_a)
                  00001554    00000256     grlib.lib : string.obj (.text:GrFontGlyphRender)
                  000017aa    00000002     rtsv7M4_T_le_v4SPD16_eabi.lib : div0.asm.obj (.text)
                  000017ac    00000204     driverlib.lib : sysctl.obj (.text:SysCtlClockFreqSet)
                  000019b0    000001d0     rtsv7M4_T_le_v4SPD16_eabi.lib : _printfi.c.obj (.text:_pconv_g)
                  00001b80    000001c8     HAL_EK_TM4C1294XL_Crystalfontz128x128_ST7735.obj (.text)
                  00001d48    000001b6     rtsv7M4_T_le_v4SPD16_eabi.lib : fd_add_t2.asm.obj (.text)
                  00001efe    00000002     --HOLE-- [fill = 0]
                  00001f00    0000013c                                   : _printfi.c.obj (.text:_pconv_e)
                  0000203c    00000136                                   : fd_div_t2.asm.obj (.text)
                  00002172    00000130     driverlib.lib : gpio.obj (.text:GPIOPadConfigSet)
                  000022a2    00000002     --HOLE-- [fill = 0]
                  000022a4    00000124     rtsv7M4_T_le_v4SPD16_eabi.lib : _printfi.c.obj (.text:fcvt)
                  000023c8    00000118                                   : memory.c.obj (.text:aligned_alloc)
                  000024e0    00000114                                   : fputs.c.obj (.text:fputs)
                  000025f4    00000110                                   : s_scalbn.c.obj (.text:scalbn)
                  00002704    000000fc                                   : fd_mul_t2.asm.obj (.text)
                  00002800    000000e4                                   : memory.c.obj (.text:free)
                  000028e4    00000004                                   : printf.c.obj (.text:_outc)
                  000028e8    000000de     time_display.obj (.text)
                  000029c6    00000002     --HOLE-- [fill = 0]
                  000029c8    000000dc     rtsv7M4_T_le_v4SPD16_eabi.lib : setvbuf.c.obj (.text:setvbuf)
                  00002aa4    00000004                                   : printf.c.obj (.text:_outs)
                  00002aa8    000000d8     main.obj (.text)
                  00002b80    000000c4     grlib.lib : string.obj (.text:GrDefaultStringRenderer)
                  00002c44    000000b1     rtsv7M4_T_le_v4SPD16_eabi.lib : _printfi.c.obj (.text:_ltostr)
                  00002cf5    00000001     --HOLE-- [fill = 0]
                  00002cf6    0000009c                                   : memcpy_t2.asm.obj (.text)
                  00002d92    00000096                                   : ull_div_t2.asm.obj (.text)
                  00002e28    0000008c                                   : fputc.c.obj (.text:fputc)
                  00002eb4    00000086     grlib.lib : rectangle.obj (.text:GrRectFill)
                  00002f3a    00000086     rtsv7M4_T_le_v4SPD16_eabi.lib : fd_cmp_t2.asm.obj (.text:__aeabi_cdcmple)
                  00002fc0    00000086                                   : fd_cmp_t2.asm.obj (.text:__aeabi_cdrcmple)
                  00003046    0000007a                                   : memset_t2.asm.obj (.text)
                  000030c0    00000074                                   : fclose.c.obj (.text:__TI_closefile)
                  00003134    00000070                                   : memory.c.obj (.text:split)
                  000031a4    0000006e                                   : _printfi.c.obj (.text:_mcpy)
                  00003212    00000002     --HOLE-- [fill = 0]
                  00003214    0000006c                                   : hostrename.c.obj (.text:HOSTrename)
                  00003280    00000068     grlib.lib : context.obj (.text:GrContextInit)
                  000032e8    00000068     rtsv7M4_T_le_v4SPD16_eabi.lib : hostlseek.c.obj (.text:HOSTlseek)
                  00003350    00000068                                   : copy_decompress_lzss.c.obj (.text:decompress:lzss:__TI_decompress_lzss)
                  000033b8    00000068                                   : printf.c.obj (.text:printf)
                  00003420    00000064                                   : s_frexp.c.obj (.text:frexp)
                  00003484    00000064                                   : fseek.c.obj (.text:fseek)
                  000034e8    00000062                                   : _io_perm.c.obj (.text:__TI_wrt_ok)
                  0000354a    00000002     --HOLE-- [fill = 0]
                  0000354c    00000060                                   : hostopen.c.obj (.text:HOSTopen)
                  000035ac    0000005c                                   : close.c.obj (.text:close)
                  00003608    0000005a     grlib.lib : string.obj (.text:FontWideGlyphDataGet)
                  00003662    00000002     --HOLE-- [fill = 0]
                  00003664    00000058     rtsv7M4_T_le_v4SPD16_eabi.lib : hostread.c.obj (.text:HOSTread)
                  000036bc    00000058                                   : hostwrite.c.obj (.text:HOSTwrite)
                  00003714    00000056                                   : _printfi.c.obj (.text:_pconv_f)
                  0000376a    00000054                                   : ltoa.c.obj (.text:ltoa)
                  000037be    00000052                                   : _printfi.c.obj (.text:_ecpy)
                  00003810    0000004c                                   : fflush.c.obj (.text:__TI_doflush)
                  0000385c    0000004c                                   : atoi.c.obj (.text:atoi)
                  000038a8    0000004c                                   : snprintf.c.obj (.text:snprintf)
                  000038f4    0000004a     grlib.lib : string.obj (.text:UpdateContextCharMapping)
                  0000393e    00000002     --HOLE-- [fill = 0]
                  00003940    00000048     driverlib.lib : gpio.obj (.text:GPIOPinConfigure)
                  00003988    00000048                   : sysctl.obj (.text:_SysCtlFrequencyGet)
                  000039d0    00000048     rtsv7M4_T_le_v4SPD16_eabi.lib : exit.c.obj (.text:exit)
                  00003a18    00000048                                   : fd_toi_t2.asm.obj (.text)
                  00003a60    00000044                                   : hostclose.c.obj (.text:HOSTclose)
                  00003aa4    00000044                                   : hostunlink.c.obj (.text:HOSTunlink)
                  00003ae8    00000044                                   : autoinit.c.obj (.text:__TI_auto_init_nobinit_nopinit:__TI_auto_init_nobinit_nopinit)
                  00003b2c    00000044                                   : getdevice.c.obj (.text:getdevice)
                  00003b70    0000003e                                   : _printfi.c.obj (.text:_fcpy)
                  00003bae    0000003c     driverlib.lib : ssi.obj (.text:SSIConfigSetExpClk)
                  00003bea    0000003a     grlib.lib : string.obj (.text:FontGlyphDataGet)
                  00003c24    00000038     rtsv7M4_T_le_v4SPD16_eabi.lib : trgmsg.c.obj (.text:__TI_writemsg)
                  00003c5c    00000036                                   : strncpy.c.obj (.text:strncpy)
                  00003c92    00000002     --HOLE-- [fill = 0]
                  00003c94    00000034     driverlib.lib : sysctl.obj (.text:SysCtlPeripheralEnable)
                  00003cc8    00000034     rtsv7M4_T_le_v4SPD16_eabi.lib : fopen.c.obj (.text:__TI_cleanup)
                  00003cfc    00000034                                   : trgmsg.c.obj (.text:__TI_readmsg)
                  00003d30    00000034                                   : boot_cortex_m.c.obj (.text:_c_int00_noargs:_c_int00_noargs)
                  00003d64    00000030                                   : snprintf.c.obj (.text:_outs)
                  00003d94    00000030                                   : getdevice.c.obj (.text:finddevice)
                  00003dc4    0000002e     grlib.lib : string.obj (.text:GrStringNextCharGet)
                  00003df2    0000002e     rtsv7M4_T_le_v4SPD16_eabi.lib : i_tofd_t2.asm.obj (.text)
                  00003e20    0000002c                                   : unlink.c.obj (.text:unlink)
                  00003e4c    0000002a     driverlib.lib : gpio.obj (.text:GPIODirModeSet)
                  00003e76    00000002     --HOLE-- [fill = 0]
                  00003e78    00000028     rtsv7M4_T_le_v4SPD16_eabi.lib : memory.c.obj (.text:free_list_insert)
                  00003ea0    00000028                                   : lseek.c.obj (.text:lseek)
                  00003ec8    00000028                                   : write.c.obj (.text:write)
                  00003ef0    00000026     grlib.lib : string.obj (.text:GrFontInfoGet)
                  00003f16    00000022               : string.obj (.text:GrFontGlyphDataGet)
                  00003f38    00000020     rtsv7M4_T_le_v4SPD16_eabi.lib : memchr.c.obj (.text:memchr)
                  00003f58    0000001e     grlib.lib : string.obj (.text:GrFontCodepageGet)
                  00003f76    00000002     --HOLE-- [fill = 0]
                  00003f78    0000001c     driverlib.lib : sysctl.obj (.text:_SysCtlMemTimingGet)
                  00003f94    0000001c     rtsv7M4_T_le_v4SPD16_eabi.lib : copy_zero_init.c.obj (.text:decompress:ZI:__TI_zero_init_nomemset:__TI_zero_init_nomemset)
                  00003fb0    0000001c                                   : memory.c.obj (.text:free_list_remove)
                  00003fcc    0000001c                                   : memccpy.c.obj (.text:memccpy)
                  00003fe8    0000001a                                   : s_copysign.c.obj (.text:copysign)
                  00004002    00000006     driverlib.lib : gpio.obj (.text:GPIOPinWrite)
                  00004008    0000001a     tm4c1294ncpdt_startup_ccs.obj (.text)
                  00004022    00000018     driverlib.lib : gpio.obj (.text:GPIOPinTypeGPIOOutput)
                  0000403a    00000018     rtsv7M4_T_le_v4SPD16_eabi.lib : snprintf.c.obj (.text:_outc)
                  00004052    00000018                                   : strcmp.c.obj (.text:strcmp)
                  0000406a    00000016     grlib.lib : string.obj (.text:GrStringDraw)
                  00004080    00000016     rtsv7M4_T_le_v4SPD16_eabi.lib : strchr.c.obj (.text:strchr)
                  00004096    00000014                                   : strcpy.c.obj (.text:strcpy)
                  000040aa    00000014                                   : strlen.c.obj (.text:strlen)
                  000040be    00000012     driverlib.lib : gpio.obj (.text:GPIOPinTypeSSI)
                  000040d0    00000012     rtsv7M4_T_le_v4SPD16_eabi.lib : wcslen.c.obj (.text:wcslen)
                  000040e2    00000002     --HOLE-- [fill = 0]
                  000040e4    00000010     driverlib.lib : fpu.obj (.text:FPUEnable)
                  000040f4    00000010                   : fpu.obj (.text:FPULazyStackingEnable)
                  00004104    00000010                   : interrupt.obj (.text:IntMasterDisable)
                  00004114    0000000e     rtsv7M4_T_le_v4SPD16_eabi.lib : copy_decompress_none.c.obj (.text:decompress:none:__TI_decompress_none)
                  00004122    0000000c     driverlib.lib : cpu.obj (.text:CPUcpsid)
                  0000412e    0000000a                   : ssi.obj (.text:SSIDataPut)
                  00004138    0000000a                   : ssi.obj (.text:SSIEnable)
                  00004142    00000008     grlib.lib : charmap.obj (.text:GrMapISO8859_1_Unicode)
                  0000414a    00000008     driverlib.lib : ssi.obj (.text:SSIBusy)
                  00004152    00000002     --HOLE-- [fill = 0]
                  00004154    00000008     rtsv7M4_T_le_v4SPD16_eabi.lib : errno.c.obj (.text:__aeabi_errno_addr)
                  0000415c    00000008                                   : memory.c.obj (.text:malloc)
                  00004164    00000006     grlib.lib : string.obj (.text:GrContextFontSet)
                  0000416a    00000006     driverlib.lib : sysctl.obj (.text:SysCtlDelay)
                  00004170    00000004     rtsv7M4_T_le_v4SPD16_eabi.lib : pre_init.c.obj (.text:_system_pre_init)
                  00004174    00000004                                   : exit.c.obj (.text:abort:abort)

.const     0    00004178    00000758     
                  00004178    000002f8     grlib.lib : fontfixed6x8.obj (.const:.string:g_pui8FontFixed6x8Data)
                  00004470    00000120     driverlib.lib : sysctl.obj (.const:g_pppui32XTALtoVCO)
                  00004590    00000101     rtsv7M4_T_le_v4SPD16_eabi.lib : ctype.c.obj (.const:.string:_ctypes_)
                  00004691    00000003     --HOLE-- [fill = 0]
                  00004694    000000c8     grlib.lib : fontfixed6x8.obj (.const:g_sFontFixed6x8)
                  0000475c    00000090     driverlib.lib : gpio.obj (.const:g_pui32GPIOBaseAddrs)
                  000047ec    0000006c                   : sysctl.obj (.const:g_pui32Xtals)
                  00004858    00000030                   : sysctl.obj (.const:g_sXTALtoMEMTIM)
                  00004888    00000028     Crystalfontz128x128_ST7735.obj (.const:g_sCrystalfontz128x128)
                  000048b0    00000010     grlib.lib : context.obj (.const)
                  000048c0    00000008     main.obj (.const:$P$T0$1)
                  000048c8    00000008     driverlib.lib : sysctl.obj (.const)

.cinit     0    000048d0    00000090     
                  000048d0    0000006b     (.cinit..data.load) [load image, compression = lzss]
                  0000493b    00000001     --HOLE-- [fill = 0]
                  0000493c    0000000c     (__TI_handler_table)
                  00004948    00000008     (.cinit..bss.load) [load image, compression = zero_init]
                  00004950    00000010     (__TI_cinit_table)

.init_array 
*          0    00000000    00000000     UNINITIALIZED

.data      0    20000000    000081ec     UNINITIALIZED
                  20000000    00008000     Crystalfontz128x128_ST7735.obj (.data:Lcd_buffer)
                  20008000    000000f0     rtsv7M4_T_le_v4SPD16_eabi.lib : defs.c.obj (.data:_ftable)
                  200080f0    00000078                                   : host_device.c.obj (.data:_device)
                  20008168    00000050                                   : host_device.c.obj (.data:_stream)
                  200081b8    00000010                                   : defs.c.obj (.data)
                  200081c8    0000000c                                   : exit.c.obj (.data:$O1$$)
                  200081d4    00000008                                   : _lock.c.obj (.data:$O1$$)
                  200081dc    00000008                                   : memory.c.obj (.data:$O1$$)
                  200081e4    00000004     main.obj (.data)
                  200081e8    00000004     rtsv7M4_T_le_v4SPD16_eabi.lib : errno.c.obj (.data)

.stack     0    200081f0    00000800     UNINITIALIZED
                  200081f0    00000004     rtsv7M4_T_le_v4SPD16_eabi.lib : boot_cortex_m.c.obj (.stack)
                  200081f4    000007fc     --HOLE--

.bss       0    200089f0    0000023a     UNINITIALIZED
                  200089f0    00000120     rtsv7M4_T_le_v4SPD16_eabi.lib : trgmsg.c.obj (.bss:_CIOBUF_)
                  20008b10    000000a0     (.common:__TI_tmpnams)
                  20008bb0    00000034     (.common:time_display_buffer)
                  20008be4    0000002c     (.common:sContext)
                  20008c10    00000008     (.common:parmbuf)
                  20008c18    00000004     (.common:gSystemClock)
                  20008c1c    00000004     (.common:g_psGrLibDefaults)
                  20008c20    00000002     (.common:Lcd_ScreenHeigth)
                  20008c22    00000002     (.common:Lcd_ScreenWidth)
                  20008c24    00000002     (.common:Lcd_TouchTrim)
                  20008c26    00000001     (.common:Lcd_FlagRead)
                  20008c27    00000001     (.common:Lcd_FontSolid)
                  20008c28    00000001     (.common:Lcd_Orientation)
                  20008c29    00000001     (.common:Lcd_PenSolid)

.sysmem    0    20008c30    00000010     UNINITIALIZED
                  20008c30    00000010     rtsv7M4_T_le_v4SPD16_eabi.lib : memory.c.obj (.sysmem)

MODULE SUMMARY

       Module                                             code    ro data   rw data
       ------                                             ----    -------   -------
    .\
       Crystalfontz128x128_ST7735.obj                     1676    40        32778  
       tm4c1294ncpdt_startup_ccs.obj                      26      520       0      
       HAL_EK_TM4C1294XL_Crystalfontz128x128_ST7735.obj   456     0         0      
       main.obj                                           216     8         104    
       time_display.obj                                   222     0         0      
    +--+--------------------------------------------------+-------+---------+---------+
       Total:                                             2596    568       32882  
                                                                                   
    C:/ti/tirtos_tivac_2_16_01_14/products/TivaWare_C_Series-2.1.1.71b/driverlib/ccs/Debug/driverlib.lib
       sysctl.obj                                         674     452       0      
       gpio.obj                                           466     144       0      
       ssi.obj                                            88      0         0      
       fpu.obj                                            32      0         0      
       interrupt.obj                                      16      0         0      
       cpu.obj                                            12      0         0      
    +--+--------------------------------------------------+-------+---------+---------+
       Total:                                             1288    596       0      
                                                                                   
    C:/ti/tirtos_tivac_2_16_01_14/products/TivaWare_C_Series-2.1.1.71b/grlib/ccs/Debug/grlib.lib
       string.obj                                         1192    0         0      
       fontfixed6x8.obj                                   0       960       0      
       rectangle.obj                                      134     0         0      
       context.obj                                        104     16        4      
       charmap.obj                                        8       0         0      
    +--+--------------------------------------------------+-------+---------+---------+
       Total:                                             1438    976       4      
                                                                                   
    C:\ti\ccs930\ccs\tools\compiler\ti-cgt-arm_18.12.4.LTS\lib\rtsv7M4_T_le_v4SPD16_eabi.lib
       _printfi.c.obj                                     4851    0         0      
       memory.c.obj                                       696     0         8      
       fd_add_t2.asm.obj                                  438     0         0      
       defs.c.obj                                         0       0         416    
       trgmsg.c.obj                                       108     0         288    
       fd_div_t2.asm.obj                                  310     0         0      
       fputs.c.obj                                        276     0         0      
       s_scalbn.c.obj                                     272     0         0      
       fd_cmp_t2.asm.obj                                  268     0         0      
       ctype.c.obj                                        0       257       0      
       fd_mul_t2.asm.obj                                  252     0         0      
       setvbuf.c.obj                                      220     0         0      
       host_device.c.obj                                  0       0         200    
       memcpy_t2.asm.obj                                  156     0         0      
       ull_div_t2.asm.obj                                 150     0         0      
       snprintf.c.obj                                     148     0         0      
       fputc.c.obj                                        140     0         0      
       memset_t2.asm.obj                                  122     0         0      
       fclose.c.obj                                       116     0         0      
       getdevice.c.obj                                    116     0         0      
       printf.c.obj                                       112     0         0      
       hostrename.c.obj                                   108     0         0      
       copy_decompress_lzss.c.obj                         104     0         0      
       hostlseek.c.obj                                    104     0         0      
       hostopen.c.obj                                     96      0         8      
       fseek.c.obj                                        100     0         0      
       s_frexp.c.obj                                      100     0         0      
       _io_perm.c.obj                                     98      0         0      
       close.c.obj                                        92      0         0      
       exit.c.obj                                         76      0         12     
       hostread.c.obj                                     88      0         0      
       hostwrite.c.obj                                    88      0         0      
       ltoa.c.obj                                         84      0         0      
       atoi.c.obj                                         76      0         0      
       fflush.c.obj                                       76      0         0      
       fd_toi_t2.asm.obj                                  72      0         0      
       autoinit.c.obj                                     68      0         0      
       hostclose.c.obj                                    68      0         0      
       hostunlink.c.obj                                   68      0         0      
       strncpy.c.obj                                      54      0         0      
       boot_cortex_m.c.obj                                52      0         0      
       fopen.c.obj                                        52      0         0      
       i_tofd_t2.asm.obj                                  46      0         0      
       unlink.c.obj                                       44      0         0      
       lseek.c.obj                                        40      0         0      
       write.c.obj                                        40      0         0      
       memchr.c.obj                                       32      0         0      
       copy_zero_init.c.obj                               28      0         0      
       memccpy.c.obj                                      28      0         0      
       s_copysign.c.obj                                   26      0         0      
       strcmp.c.obj                                       24      0         0      
       strchr.c.obj                                       22      0         0      
       strcpy.c.obj                                       20      0         0      
       strlen.c.obj                                       20      0         0      
       wcslen.c.obj                                       18      0         0      
       copy_decompress_none.c.obj                         14      0         0      
       errno.c.obj                                        8       0         4      
       _lock.c.obj                                        2       0         8      
       pre_init.c.obj                                     4       0         0      
       div0.asm.obj                                       2       0         0      
    +--+--------------------------------------------------+-------+---------+---------+
       Total:                                             10893   257       944    
                                                                                   
       Heap:                                              0       0         16     
       Stack:                                             0       0         2048   
       Linker Generated:                                  0       143       0      
    +--+--------------------------------------------------+-------+---------+---------+
       Grand Total:                                       16215   2540      35894  


LINKER GENERATED COPY TABLES

__TI_cinit_table @ 00004950 records: 2, size/record: 8, table size: 16
	.data: load addr=000048d0, load size=0000006b bytes, run addr=20000000, run size=000081ec bytes, compression=lzss
	.bss: load addr=00004948, load size=00000008 bytes, run addr=200089f0, run size=0000023a bytes, compression=zero_init


LINKER GENERATED HANDLER TABLE

__TI_handler_table @ 0000493c records: 3, size/record: 4, table size: 12
	index: 0, handler: __TI_decompress_lzss
	index: 1, handler: __TI_decompress_none
	index: 2, handler: __TI_zero_init


GLOBAL SYMBOLS: SORTED ALPHABETICALLY BY Name 

address   name                              
-------   ----                              
00004175  C$$EXIT                           
00003c53  C$$IO$$                           
00004123  CPUcpsid                          
00000c59  Crystalfontz128x128_Init          
00000d29  Crystalfontz128x128_SetDrawFrame  
00000e21  Crystalfontz128x128_SetOrientation
000040e5  FPUEnable                         
000040f5  FPULazyStackingEnable             
00003e4d  GPIODirModeSet                    
00002173  GPIOPadConfigSet                  
00003941  GPIOPinConfigure                  
00004023  GPIOPinTypeGPIOOutput             
000040bf  GPIOPinTypeSSI                    
00004003  GPIOPinWrite                      
00004165  GrContextFontSet                  
00003281  GrContextInit                     
00002b81  GrDefaultStringRenderer           
00003f59  GrFontCodepageGet                 
00003f17  GrFontGlyphDataGet                
00001555  GrFontGlyphRender                 
00003ef1  GrFontInfoGet                     
00004143  GrMapISO8859_1_Unicode            
00002eb5  GrRectFill                        
0000406b  GrStringDraw                      
00003dc5  GrStringNextCharGet               
00001b81  HAL_LCD_PortInit                  
00001c19  HAL_LCD_SpiInit                   
00001cb1  HAL_LCD_writeCommand              
00001d31  HAL_LCD_writeData                 
00003a61  HOSTclose                         
000032e9  HOSTlseek                         
0000354d  HOSTopen                          
00003665  HOSTread                          
00003215  HOSTrename                        
00003aa5  HOSTunlink                        
000036bd  HOSTwrite                         
00004105  IntMasterDisable                  
20008c26  Lcd_FlagRead                      
20008c27  Lcd_FontSolid                     
20008c28  Lcd_Orientation                   
20008c29  Lcd_PenSolid                      
20008c20  Lcd_ScreenHeigth                  
20008c22  Lcd_ScreenWidth                   
20008c24  Lcd_TouchTrim                     
20000000  Lcd_buffer                        
00004009  ResetISR                          
0000414b  SSIBusy                           
00003baf  SSIConfigSetExpClk                
0000412f  SSIDataPut                        
00004139  SSIEnable                         
000017ad  SysCtlClockFreqSet                
0000416b  SysCtlDelay                       
00003c95  SysCtlPeripheralEnable            
200089f0  __CIOBUF_                         
200089f0  __STACK_END                       
00000800  __STACK_SIZE                      
200083f0  __STACK_TOP                       
00000010  __SYSMEM_SIZE                     
00004950  __TI_CINIT_Base                   
00004960  __TI_CINIT_Limit                  
0000493c  __TI_Handler_Table_Base           
00004948  __TI_Handler_Table_Limit          
00003ae9  __TI_auto_init_nobinit_nopinit    
00003cc9  __TI_cleanup                      
200081c8  __TI_cleanup_ptr                  
000030c1  __TI_closefile                    
00003351  __TI_decompress_lzss              
00004115  __TI_decompress_none              
00003811  __TI_doflush                      
200081cc  __TI_dtors_ptr                    
200081d0  __TI_enable_exit_profile_output   
200081b8  __TI_ft_end                       
ffffffff  __TI_pprof_out_hndl               
00000209  __TI_printfi                      
ffffffff  __TI_prof_data_size               
ffffffff  __TI_prof_data_start              
00003cfd  __TI_readmsg                      
00000000  __TI_static_base__                
20008b10  __TI_tmpnams                      
00003c25  __TI_writemsg                     
000034e9  __TI_wrt_ok                       
00003f95  __TI_zero_init_nomemset           
00002f3b  __aeabi_cdcmpeq                   
00002f3b  __aeabi_cdcmple                   
00002fc1  __aeabi_cdrcmple                  
00003a19  __aeabi_d2iz                      
00001d53  __aeabi_dadd                      
0000203d  __aeabi_ddiv                      
00002705  __aeabi_dmul                      
00001d49  __aeabi_dsub                      
00004155  __aeabi_errno_addr                
00003df3  __aeabi_i2d                       
000017ab  __aeabi_idiv0                     
000017ab  __aeabi_ldiv0                     
00003047  __aeabi_memclr                    
00003047  __aeabi_memclr4                   
00003047  __aeabi_memclr8                   
00002cf7  __aeabi_memcpy                    
00002cf7  __aeabi_memcpy4                   
00002cf7  __aeabi_memcpy8                   
00003049  __aeabi_memset                    
00003049  __aeabi_memset4                   
00003049  __aeabi_memset8                   
200081c4  __aeabi_stderr                    
200081bc  __aeabi_stdin                     
200081c0  __aeabi_stdout                    
00002d93  __aeabi_uldivmod                  
ffffffff  __binit__                         
ffffffff  __c_args__                        
UNDEFED   __mpu_init                        
200081f0  __stack                           
00003d31  _c_int00_noargs                   
00004590  _ctypes_                          
200080f0  _device                           
20008000  _ftable                           
200081d4  _lock                             
00000c57  _nop                              
20008168  _stream                           
20008c30  _sys_memory                       
UNDEFED   _system_post_cinit                
00004171  _system_pre_init                  
200081d8  _unlock                           
00004175  abort                             
000023c9  aligned_alloc                     
0000385d  atoi                              
ffffffff  binit                             
000035ad  close                             
00003fe9  copysign                          
00003fe9  copysignl                         
000028e9  display_time_standard             
200081e8  errno                             
000039d1  exit                              
00003d95  finddevice                        
00002e29  fputc                             
000024e1  fputs                             
00002801  free                              
00003421  frexp                             
00003421  frexpl                            
00003485  fseek                             
20008c18  gSystemClock                      
200081e4  gTime                             
00000000  g_pfnVectors                      
000048b0  g_psDefaultCodePointMapTable      
00004888  g_sCrystalfontz128x128            
00004694  g_sFontFixed6x8                   
00003b2d  getdevice                         
000025f5  ldexp                             
000025f5  ldexpl                            
00003ea1  lseek                             
0000376b  ltoa                              
00002aa9  main                              
0000415d  malloc                            
000023c9  memalign                          
00003fcd  memccpy                           
00003f39  memchr                            
00002cf7  memcpy                            
0000304f  memset                            
20008c10  parmbuf                           
000033b9  printf                            
00002e29  putc                              
00003e21  remove                            
20008be4  sContext                          
000025f5  scalbn                            
000025f5  scalbnl                           
000029c9  setvbuf                           
000038a9  snprintf                          
00004081  strchr                            
00004053  strcmp                            
00004097  strcpy                            
000040ab  strlen                            
00003c5d  strncpy                           
20008bb0  time_display_buffer               
00003e21  unlink                            
000040d1  wcslen                            
00003ec9  write                             


GLOBAL SYMBOLS: SORTED BY Symbol Address 

address   name                              
-------   ----                              
00000000  __TI_static_base__                
00000000  g_pfnVectors                      
00000010  __SYSMEM_SIZE                     
00000209  __TI_printfi                      
00000800  __STACK_SIZE                      
00000c57  _nop                              
00000c59  Crystalfontz128x128_Init          
00000d29  Crystalfontz128x128_SetDrawFrame  
00000e21  Crystalfontz128x128_SetOrientation
00001555  GrFontGlyphRender                 
000017ab  __aeabi_idiv0                     
000017ab  __aeabi_ldiv0                     
000017ad  SysCtlClockFreqSet                
00001b81  HAL_LCD_PortInit                  
00001c19  HAL_LCD_SpiInit                   
00001cb1  HAL_LCD_writeCommand              
00001d31  HAL_LCD_writeData                 
00001d49  __aeabi_dsub                      
00001d53  __aeabi_dadd                      
0000203d  __aeabi_ddiv                      
00002173  GPIOPadConfigSet                  
000023c9  aligned_alloc                     
000023c9  memalign                          
000024e1  fputs                             
000025f5  ldexp                             
000025f5  ldexpl                            
000025f5  scalbn                            
000025f5  scalbnl                           
00002705  __aeabi_dmul                      
00002801  free                              
000028e9  display_time_standard             
000029c9  setvbuf                           
00002aa9  main                              
00002b81  GrDefaultStringRenderer           
00002cf7  __aeabi_memcpy                    
00002cf7  __aeabi_memcpy4                   
00002cf7  __aeabi_memcpy8                   
00002cf7  memcpy                            
00002d93  __aeabi_uldivmod                  
00002e29  fputc                             
00002e29  putc                              
00002eb5  GrRectFill                        
00002f3b  __aeabi_cdcmpeq                   
00002f3b  __aeabi_cdcmple                   
00002fc1  __aeabi_cdrcmple                  
00003047  __aeabi_memclr                    
00003047  __aeabi_memclr4                   
00003047  __aeabi_memclr8                   
00003049  __aeabi_memset                    
00003049  __aeabi_memset4                   
00003049  __aeabi_memset8                   
0000304f  memset                            
000030c1  __TI_closefile                    
00003215  HOSTrename                        
00003281  GrContextInit                     
000032e9  HOSTlseek                         
00003351  __TI_decompress_lzss              
000033b9  printf                            
00003421  frexp                             
00003421  frexpl                            
00003485  fseek                             
000034e9  __TI_wrt_ok                       
0000354d  HOSTopen                          
000035ad  close                             
00003665  HOSTread                          
000036bd  HOSTwrite                         
0000376b  ltoa                              
00003811  __TI_doflush                      
0000385d  atoi                              
000038a9  snprintf                          
00003941  GPIOPinConfigure                  
000039d1  exit                              
00003a19  __aeabi_d2iz                      
00003a61  HOSTclose                         
00003aa5  HOSTunlink                        
00003ae9  __TI_auto_init_nobinit_nopinit    
00003b2d  getdevice                         
00003baf  SSIConfigSetExpClk                
00003c25  __TI_writemsg                     
00003c53  C$$IO$$                           
00003c5d  strncpy                           
00003c95  SysCtlPeripheralEnable            
00003cc9  __TI_cleanup                      
00003cfd  __TI_readmsg                      
00003d31  _c_int00_noargs                   
00003d95  finddevice                        
00003dc5  GrStringNextCharGet               
00003df3  __aeabi_i2d                       
00003e21  remove                            
00003e21  unlink                            
00003e4d  GPIODirModeSet                    
00003ea1  lseek                             
00003ec9  write                             
00003ef1  GrFontInfoGet                     
00003f17  GrFontGlyphDataGet                
00003f39  memchr                            
00003f59  GrFontCodepageGet                 
00003f95  __TI_zero_init_nomemset           
00003fcd  memccpy                           
00003fe9  copysign                          
00003fe9  copysignl                         
00004003  GPIOPinWrite                      
00004009  ResetISR                          
00004023  GPIOPinTypeGPIOOutput             
00004053  strcmp                            
0000406b  GrStringDraw                      
00004081  strchr                            
00004097  strcpy                            
000040ab  strlen                            
000040bf  GPIOPinTypeSSI                    
000040d1  wcslen                            
000040e5  FPUEnable                         
000040f5  FPULazyStackingEnable             
00004105  IntMasterDisable                  
00004115  __TI_decompress_none              
00004123  CPUcpsid                          
0000412f  SSIDataPut                        
00004139  SSIEnable                         
00004143  GrMapISO8859_1_Unicode            
0000414b  SSIBusy                           
00004155  __aeabi_errno_addr                
0000415d  malloc                            
00004165  GrContextFontSet                  
0000416b  SysCtlDelay                       
00004171  _system_pre_init                  
00004175  C$$EXIT                           
00004175  abort                             
00004590  _ctypes_                          
00004694  g_sFontFixed6x8                   
00004888  g_sCrystalfontz128x128            
000048b0  g_psDefaultCodePointMapTable      
0000493c  __TI_Handler_Table_Base           
00004948  __TI_Handler_Table_Limit          
00004950  __TI_CINIT_Base                   
00004960  __TI_CINIT_Limit                  
20000000  Lcd_buffer                        
20008000  _ftable                           
200080f0  _device                           
20008168  _stream                           
200081b8  __TI_ft_end                       
200081bc  __aeabi_stdin                     
200081c0  __aeabi_stdout                    
200081c4  __aeabi_stderr                    
200081c8  __TI_cleanup_ptr                  
200081cc  __TI_dtors_ptr                    
200081d0  __TI_enable_exit_profile_output   
200081d4  _lock                             
200081d8  _unlock                           
200081e4  gTime                             
200081e8  errno                             
200081f0  __stack                           
200083f0  __STACK_TOP                       
200089f0  __CIOBUF_                         
200089f0  __STACK_END                       
20008b10  __TI_tmpnams                      
20008bb0  time_display_buffer               
20008be4  sContext                          
20008c10  parmbuf                           
20008c18  gSystemClock                      
20008c20  Lcd_ScreenHeigth                  
20008c22  Lcd_ScreenWidth                   
20008c24  Lcd_TouchTrim                     
20008c26  Lcd_FlagRead                      
20008c27  Lcd_FontSolid                     
20008c28  Lcd_Orientation                   
20008c29  Lcd_PenSolid                      
20008c30  _sys_memory                       
ffffffff  __TI_pprof_out_hndl               
ffffffff  __TI_prof_data_size               
ffffffff  __TI_prof_data_start              
ffffffff  __binit__                         
ffffffff  __c_args__                        
ffffffff  binit                             
UNDEFED   __mpu_init                        
UNDEFED   _system_post_cinit                

[175 symbols]
