******************************************************************************
                  TI ARM Linker PC v18.12.4                    
******************************************************************************
>> Linked Wed Mar 25 08:36:34 2020

OUTPUT FILE NAME:   <ece3849d20_lab0_jemushatt.out>
ENTRY POINT SYMBOL: "_c_int00_noargs"  address: 00003b59


MEMORY CONFIGURATION

         name            origin    length      used     unused   attr    fill
----------------------  --------  ---------  --------  --------  ----  --------
  FLASH                 00000000   00100000  00004754  000fb8ac  R  X
  SRAM                  20000000   00040000  00008c64  0003739c  RW X


SEGMENT ALLOCATION MAP

run origin  load origin   length   init length attrs members
----------  ----------- ---------- ----------- ----- -------
00000000    00000000    00004758   00004758    r-x
  00000000    00000000    00000208   00000208    r-- .intvecs
  00000208    00000208    00003d9c   00003d9c    r-x .text
  00003fa4    00003fa4    00000750   00000750    r-- .const
  000046f8    000046f8    00000060   00000060    r-- .cinit
20000000    20000000    00008c68   00000000    rw-
  20000000    20000000    000081f8   00000000    rw- .data
  200081f8    200081f8    00000800   00000000    rw- .stack
  200089f8    200089f8    0000025c   00000000    rw- .bss
  20008c58    20008c58    00000010   00000000    rw- .sysmem


SECTION ALLOCATION MAP

 output                                  attributes/
section   page    origin      length       input sections
--------  ----  ----------  ----------   ----------------
.intvecs   0    00000000    00000208     
                  00000000    00000208     tm4c1294ncpdt_startup_ccs.obj (.intvecs)

.text      0    00000208    00003d9c     
                  00000208    00000a4e     rtsv7M4_T_le_v4SPD16_eabi.lib : _printfi.c.obj (.text:__TI_printfi)
                  00000c56    00000002                                   : _lock.c.obj (.text:_nop)
                  00000c58    00000574     Crystalfontz128x128_ST7735.obj (.text)
                  000011cc    00000270     rtsv7M4_T_le_v4SPD16_eabi.lib : _printfi.c.obj (.text:_pconv_a)
                  0000143c    00000256     grlib.lib : string.obj (.text:GrFontGlyphRender)
                  00001692    00000002     rtsv7M4_T_le_v4SPD16_eabi.lib : div0.asm.obj (.text)
                  00001694    00000204     driverlib.lib : sysctl.obj (.text:SysCtlClockFreqSet)
                  00001898    000001d0     rtsv7M4_T_le_v4SPD16_eabi.lib : _printfi.c.obj (.text:_pconv_g)
                  00001a68    000001b6                                   : fd_add_t2.asm.obj (.text)
                  00001c1e    00000002     --HOLE-- [fill = 0]
                  00001c20    0000017e     HAL_EK_TM4C1294XL_Crystalfontz128x128_ST7735.obj (.text)
                  00001d9e    00000002     --HOLE-- [fill = 0]
                  00001da0    0000013c     rtsv7M4_T_le_v4SPD16_eabi.lib : _printfi.c.obj (.text:_pconv_e)
                  00001edc    00000136                                   : fd_div_t2.asm.obj (.text)
                  00002012    00000130     driverlib.lib : gpio.obj (.text:GPIOPadConfigSet)
                  00002142    00000002     --HOLE-- [fill = 0]
                  00002144    00000124     rtsv7M4_T_le_v4SPD16_eabi.lib : _printfi.c.obj (.text:fcvt)
                  00002268    00000118                                   : memory.c.obj (.text:aligned_alloc)
                  00002380    00000114                                   : fputs.c.obj (.text:fputs)
                  00002494    00000110                                   : s_scalbn.c.obj (.text:scalbn)
                  000025a4    000000fc                                   : fd_mul_t2.asm.obj (.text)
                  000026a0    000000e4                                   : memory.c.obj (.text:free)
                  00002784    000000dc                                   : setvbuf.c.obj (.text:setvbuf)
                  00002860    000000c4     grlib.lib : string.obj (.text:GrDefaultStringRenderer)
                  00002924    000000b1     rtsv7M4_T_le_v4SPD16_eabi.lib : _printfi.c.obj (.text:_ltostr)
                  000029d5    00000003     --HOLE-- [fill = 0]
                  000029d8    000000a4     main.obj (.text)
                  00002a7c    00000004     rtsv7M4_T_le_v4SPD16_eabi.lib : printf.c.obj (.text:_outc)
                  00002a80    0000009e     time_display.obj (.text)
                  00002b1e    0000009c     rtsv7M4_T_le_v4SPD16_eabi.lib : memcpy_t2.asm.obj (.text)
                  00002bba    00000096                                   : ull_div_t2.asm.obj (.text)
                  00002c50    0000008c                                   : fputc.c.obj (.text:fputc)
                  00002cdc    00000086     grlib.lib : rectangle.obj (.text:GrRectFill)
                  00002d62    00000086     rtsv7M4_T_le_v4SPD16_eabi.lib : fd_cmp_t2.asm.obj (.text:__aeabi_cdcmple)
                  00002de8    00000086                                   : fd_cmp_t2.asm.obj (.text:__aeabi_cdrcmple)
                  00002e6e    0000007a                                   : memset_t2.asm.obj (.text)
                  00002ee8    00000074                                   : fclose.c.obj (.text:__TI_closefile)
                  00002f5c    00000070                                   : memory.c.obj (.text:split)
                  00002fcc    0000006e                                   : _printfi.c.obj (.text:_mcpy)
                  0000303a    00000002     --HOLE-- [fill = 0]
                  0000303c    0000006c                                   : hostrename.c.obj (.text:HOSTrename)
                  000030a8    00000068     grlib.lib : context.obj (.text:GrContextInit)
                  00003110    00000068     rtsv7M4_T_le_v4SPD16_eabi.lib : hostlseek.c.obj (.text:HOSTlseek)
                  00003178    00000068                                   : copy_decompress_lzss.c.obj (.text:decompress:lzss:__TI_decompress_lzss)
                  000031e0    00000068                                   : printf.c.obj (.text:printf)
                  00003248    00000064                                   : s_frexp.c.obj (.text:frexp)
                  000032ac    00000064                                   : fseek.c.obj (.text:fseek)
                  00003310    00000062                                   : _io_perm.c.obj (.text:__TI_wrt_ok)
                  00003372    00000002     --HOLE-- [fill = 0]
                  00003374    00000060                                   : hostopen.c.obj (.text:HOSTopen)
                  000033d4    0000005c                                   : close.c.obj (.text:close)
                  00003430    0000005a     grlib.lib : string.obj (.text:FontWideGlyphDataGet)
                  0000348a    00000002     --HOLE-- [fill = 0]
                  0000348c    00000058     rtsv7M4_T_le_v4SPD16_eabi.lib : hostread.c.obj (.text:HOSTread)
                  000034e4    00000058                                   : hostwrite.c.obj (.text:HOSTwrite)
                  0000353c    00000056                                   : _printfi.c.obj (.text:_pconv_f)
                  00003592    00000054                                   : ltoa.c.obj (.text:ltoa)
                  000035e6    00000052                                   : _printfi.c.obj (.text:_ecpy)
                  00003638    0000004c                                   : fflush.c.obj (.text:__TI_doflush)
                  00003684    0000004c                                   : atoi.c.obj (.text:atoi)
                  000036d0    0000004c                                   : snprintf.c.obj (.text:snprintf)
                  0000371c    0000004a     grlib.lib : string.obj (.text:UpdateContextCharMapping)
                  00003766    00000002     --HOLE-- [fill = 0]
                  00003768    00000048     driverlib.lib : gpio.obj (.text:GPIOPinConfigure)
                  000037b0    00000048                   : sysctl.obj (.text:_SysCtlFrequencyGet)
                  000037f8    00000048     rtsv7M4_T_le_v4SPD16_eabi.lib : exit.c.obj (.text:exit)
                  00003840    00000048                                   : fd_toi_t2.asm.obj (.text)
                  00003888    00000044                                   : hostclose.c.obj (.text:HOSTclose)
                  000038cc    00000044                                   : hostunlink.c.obj (.text:HOSTunlink)
                  00003910    00000044                                   : autoinit.c.obj (.text:__TI_auto_init_nobinit_nopinit:__TI_auto_init_nobinit_nopinit)
                  00003954    00000044                                   : getdevice.c.obj (.text:getdevice)
                  00003998    0000003e                                   : _printfi.c.obj (.text:_fcpy)
                  000039d6    0000003c     driverlib.lib : ssi.obj (.text:SSIConfigSetExpClk)
                  00003a12    0000003a     grlib.lib : string.obj (.text:FontGlyphDataGet)
                  00003a4c    00000038     rtsv7M4_T_le_v4SPD16_eabi.lib : trgmsg.c.obj (.text:__TI_writemsg)
                  00003a84    00000036                                   : strncpy.c.obj (.text:strncpy)
                  00003aba    00000002     --HOLE-- [fill = 0]
                  00003abc    00000034     driverlib.lib : sysctl.obj (.text:SysCtlPeripheralEnable)
                  00003af0    00000034     rtsv7M4_T_le_v4SPD16_eabi.lib : fopen.c.obj (.text:__TI_cleanup)
                  00003b24    00000034                                   : trgmsg.c.obj (.text:__TI_readmsg)
                  00003b58    00000034                                   : boot_cortex_m.c.obj (.text:_c_int00_noargs:_c_int00_noargs)
                  00003b8c    00000030                                   : snprintf.c.obj (.text:_outs)
                  00003bbc    00000030                                   : getdevice.c.obj (.text:finddevice)
                  00003bec    0000002e     grlib.lib : string.obj (.text:GrStringNextCharGet)
                  00003c1a    0000002e     rtsv7M4_T_le_v4SPD16_eabi.lib : i_tofd_t2.asm.obj (.text)
                  00003c48    0000002c                                   : unlink.c.obj (.text:unlink)
                  00003c74    0000002a     driverlib.lib : gpio.obj (.text:GPIODirModeSet)
                  00003c9e    00000002     --HOLE-- [fill = 0]
                  00003ca0    00000028     rtsv7M4_T_le_v4SPD16_eabi.lib : memory.c.obj (.text:free_list_insert)
                  00003cc8    00000028                                   : lseek.c.obj (.text:lseek)
                  00003cf0    00000028                                   : write.c.obj (.text:write)
                  00003d18    00000026     grlib.lib : string.obj (.text:GrFontInfoGet)
                  00003d3e    00000022               : string.obj (.text:GrFontGlyphDataGet)
                  00003d60    00000020     rtsv7M4_T_le_v4SPD16_eabi.lib : memchr.c.obj (.text:memchr)
                  00003d80    0000001e     grlib.lib : string.obj (.text:GrFontCodepageGet)
                  00003d9e    00000002     --HOLE-- [fill = 0]
                  00003da0    0000001c     driverlib.lib : sysctl.obj (.text:_SysCtlMemTimingGet)
                  00003dbc    0000001c     rtsv7M4_T_le_v4SPD16_eabi.lib : copy_zero_init.c.obj (.text:decompress:ZI:__TI_zero_init_nomemset:__TI_zero_init_nomemset)
                  00003dd8    0000001c                                   : memory.c.obj (.text:free_list_remove)
                  00003df4    0000001c                                   : memccpy.c.obj (.text:memccpy)
                  00003e10    0000001a                                   : s_copysign.c.obj (.text:copysign)
                  00003e2a    00000006     driverlib.lib : gpio.obj (.text:GPIOPinWrite)
                  00003e30    0000001a     tm4c1294ncpdt_startup_ccs.obj (.text)
                  00003e4a    00000018     driverlib.lib : gpio.obj (.text:GPIOPinTypeGPIOOutput)
                  00003e62    00000018     rtsv7M4_T_le_v4SPD16_eabi.lib : snprintf.c.obj (.text:_outc)
                  00003e7a    00000018                                   : strcmp.c.obj (.text:strcmp)
                  00003e92    00000016     grlib.lib : string.obj (.text:GrStringDraw)
                  00003ea8    00000016     rtsv7M4_T_le_v4SPD16_eabi.lib : strchr.c.obj (.text:strchr)
                  00003ebe    00000014                                   : strcpy.c.obj (.text:strcpy)
                  00003ed2    00000014                                   : strlen.c.obj (.text:strlen)
                  00003ee6    00000012     driverlib.lib : gpio.obj (.text:GPIOPinTypeSSI)
                  00003ef8    00000012     rtsv7M4_T_le_v4SPD16_eabi.lib : wcslen.c.obj (.text:wcslen)
                  00003f0a    00000002     --HOLE-- [fill = 0]
                  00003f0c    00000010     driverlib.lib : fpu.obj (.text:FPUEnable)
                  00003f1c    00000010                   : fpu.obj (.text:FPULazyStackingEnable)
                  00003f2c    00000010                   : interrupt.obj (.text:IntMasterDisable)
                  00003f3c    0000000e     rtsv7M4_T_le_v4SPD16_eabi.lib : copy_decompress_none.c.obj (.text:decompress:none:__TI_decompress_none)
                  00003f4a    0000000c     driverlib.lib : cpu.obj (.text:CPUcpsid)
                  00003f56    0000000a                   : ssi.obj (.text:SSIDataPut)
                  00003f60    0000000a                   : ssi.obj (.text:SSIEnable)
                  00003f6a    00000008     grlib.lib : charmap.obj (.text:GrMapISO8859_1_Unicode)
                  00003f72    00000008     driverlib.lib : ssi.obj (.text:SSIBusy)
                  00003f7a    00000002     --HOLE-- [fill = 0]
                  00003f7c    00000008     rtsv7M4_T_le_v4SPD16_eabi.lib : errno.c.obj (.text:__aeabi_errno_addr)
                  00003f84    00000008                                   : memory.c.obj (.text:malloc)
                  00003f8c    00000006     grlib.lib : string.obj (.text:GrContextFontSet)
                  00003f92    00000006     driverlib.lib : sysctl.obj (.text:SysCtlDelay)
                  00003f98    00000004     rtsv7M4_T_le_v4SPD16_eabi.lib : printf.c.obj (.text:_outs)
                  00003f9c    00000004                                   : pre_init.c.obj (.text:_system_pre_init)
                  00003fa0    00000004                                   : exit.c.obj (.text:abort:abort)

.const     0    00003fa4    00000750     
                  00003fa4    000002f8     grlib.lib : fontfixed6x8.obj (.const:.string:g_pui8FontFixed6x8Data)
                  0000429c    00000120     driverlib.lib : sysctl.obj (.const:g_pppui32XTALtoVCO)
                  000043bc    00000101     rtsv7M4_T_le_v4SPD16_eabi.lib : ctype.c.obj (.const:.string:_ctypes_)
                  000044bd    00000003     --HOLE-- [fill = 0]
                  000044c0    000000c8     grlib.lib : fontfixed6x8.obj (.const:g_sFontFixed6x8)
                  00004588    00000090     driverlib.lib : gpio.obj (.const:g_pui32GPIOBaseAddrs)
                  00004618    0000006c                   : sysctl.obj (.const:g_pui32Xtals)
                  00004684    00000030                   : sysctl.obj (.const:g_sXTALtoMEMTIM)
                  000046b4    00000028     Crystalfontz128x128_ST7735.obj (.const:g_sCrystalfontz128x128)
                  000046dc    00000010     grlib.lib : context.obj (.const)
                  000046ec    00000008     driverlib.lib : sysctl.obj (.const)

.cinit     0    000046f8    00000060     
                  000046f8    0000003c     (.cinit..data.load) [load image, compression = lzss]
                  00004734    0000000c     (__TI_handler_table)
                  00004740    00000008     (.cinit..bss.load) [load image, compression = zero_init]
                  00004748    00000010     (__TI_cinit_table)

.init_array 
*          0    00000000    00000000     UNINITIALIZED

.data      0    20000000    000081f8     UNINITIALIZED
                  20000000    0000800c     Crystalfontz128x128_ST7735.obj (.data:$O1$$)
                  2000800c    000000f0     rtsv7M4_T_le_v4SPD16_eabi.lib : defs.c.obj (.data:_ftable)
                  200080fc    00000078                                   : host_device.c.obj (.data:_device)
                  20008174    00000050                                   : host_device.c.obj (.data:_stream)
                  200081c4    00000010                                   : defs.c.obj (.data)
                  200081d4    0000000c                                   : exit.c.obj (.data:$O1$$)
                  200081e0    00000008                                   : _lock.c.obj (.data:$O1$$)
                  200081e8    00000008                                   : memory.c.obj (.data:$O1$$)
                  200081f0    00000004     main.obj (.data)
                  200081f4    00000004     rtsv7M4_T_le_v4SPD16_eabi.lib : errno.c.obj (.data)

.stack     0    200081f8    00000800     UNINITIALIZED
                  200081f8    00000004     rtsv7M4_T_le_v4SPD16_eabi.lib : boot_cortex_m.c.obj (.stack)
                  200081fc    000007fc     --HOLE--

.bss       0    200089f8    0000025c     UNINITIALIZED
                  200089f8    00000120     rtsv7M4_T_le_v4SPD16_eabi.lib : trgmsg.c.obj (.bss:_CIOBUF_)
                  20008b18    000000a0     (.common:__TI_tmpnams)
                  20008bb8    00000060     time_display.obj (.bss:$O1$$)
                  20008c18    00000030     main.obj (.bss:$O1$$)
                  20008c48    00000008     (.common:parmbuf)
                  20008c50    00000004     (.common:g_psGrLibDefaults)

.sysmem    0    20008c58    00000010     UNINITIALIZED
                  20008c58    00000010     rtsv7M4_T_le_v4SPD16_eabi.lib : memory.c.obj (.sysmem)

MODULE SUMMARY

       Module                                             code    ro data   rw data
       ------                                             ----    -------   -------
    .\
       Crystalfontz128x128_ST7735.obj                     1396    40        32780  
       tm4c1294ncpdt_startup_ccs.obj                      26      520       0      
       HAL_EK_TM4C1294XL_Crystalfontz128x128_ST7735.obj   382     0         0      
       time_display.obj                                   158     0         96     
       main.obj                                           164     0         52     
    +--+--------------------------------------------------+-------+---------+---------+
       Total:                                             2126    560       32928  
                                                                                   
    C:/ti/tirtos_tivac_2_16_01_14/products/TivaWare_C_Series-2.1.1.71b/driverlib/ccs/Debug/driverlib.lib
       sysctl.obj                                         674     452       0      
       gpio.obj                                           466     144       0      
       ssi.obj                                            88      0         0      
       fpu.obj                                            32      0         0      
       interrupt.obj                                      16      0         0      
       cpu.obj                                            12      0         0      
    +--+--------------------------------------------------+-------+---------+---------+
       Total:                                             1288    596       0      
                                                                                   
    C:/ti/tirtos_tivac_2_16_01_14/products/TivaWare_C_Series-2.1.1.71b/grlib/ccs/Debug/grlib.lib
       string.obj                                         1192    0         0      
       fontfixed6x8.obj                                   0       960       0      
       rectangle.obj                                      134     0         0      
       context.obj                                        104     16        4      
       charmap.obj                                        8       0         0      
    +--+--------------------------------------------------+-------+---------+---------+
       Total:                                             1438    976       4      
                                                                                   
    C:\ti\ccs930\ccs\tools\compiler\ti-cgt-arm_18.12.4.LTS\lib\rtsv7M4_T_le_v4SPD16_eabi.lib
       _printfi.c.obj                                     4851    0         0      
       memory.c.obj                                       696     0         8      
       fd_add_t2.asm.obj                                  438     0         0      
       defs.c.obj                                         0       0         416    
       trgmsg.c.obj                                       108     0         288    
       fd_div_t2.asm.obj                                  310     0         0      
       fputs.c.obj                                        276     0         0      
       s_scalbn.c.obj                                     272     0         0      
       fd_cmp_t2.asm.obj                                  268     0         0      
       ctype.c.obj                                        0       257       0      
       fd_mul_t2.asm.obj                                  252     0         0      
       setvbuf.c.obj                                      220     0         0      
       host_device.c.obj                                  0       0         200    
       memcpy_t2.asm.obj                                  156     0         0      
       ull_div_t2.asm.obj                                 150     0         0      
       snprintf.c.obj                                     148     0         0      
       fputc.c.obj                                        140     0         0      
       memset_t2.asm.obj                                  122     0         0      
       fclose.c.obj                                       116     0         0      
       getdevice.c.obj                                    116     0         0      
       printf.c.obj                                       112     0         0      
       hostrename.c.obj                                   108     0         0      
       copy_decompress_lzss.c.obj                         104     0         0      
       hostlseek.c.obj                                    104     0         0      
       hostopen.c.obj                                     96      0         8      
       fseek.c.obj                                        100     0         0      
       s_frexp.c.obj                                      100     0         0      
       _io_perm.c.obj                                     98      0         0      
       close.c.obj                                        92      0         0      
       exit.c.obj                                         76      0         12     
       hostread.c.obj                                     88      0         0      
       hostwrite.c.obj                                    88      0         0      
       ltoa.c.obj                                         84      0         0      
       atoi.c.obj                                         76      0         0      
       fflush.c.obj                                       76      0         0      
       fd_toi_t2.asm.obj                                  72      0         0      
       autoinit.c.obj                                     68      0         0      
       hostclose.c.obj                                    68      0         0      
       hostunlink.c.obj                                   68      0         0      
       strncpy.c.obj                                      54      0         0      
       boot_cortex_m.c.obj                                52      0         0      
       fopen.c.obj                                        52      0         0      
       i_tofd_t2.asm.obj                                  46      0         0      
       unlink.c.obj                                       44      0         0      
       lseek.c.obj                                        40      0         0      
       write.c.obj                                        40      0         0      
       memchr.c.obj                                       32      0         0      
       copy_zero_init.c.obj                               28      0         0      
       memccpy.c.obj                                      28      0         0      
       s_copysign.c.obj                                   26      0         0      
       strcmp.c.obj                                       24      0         0      
       strchr.c.obj                                       22      0         0      
       strcpy.c.obj                                       20      0         0      
       strlen.c.obj                                       20      0         0      
       wcslen.c.obj                                       18      0         0      
       copy_decompress_none.c.obj                         14      0         0      
       errno.c.obj                                        8       0         4      
       _lock.c.obj                                        2       0         8      
       pre_init.c.obj                                     4       0         0      
       div0.asm.obj                                       2       0         0      
    +--+--------------------------------------------------+-------+---------+---------+
       Total:                                             10893   257       944    
                                                                                   
       Heap:                                              0       0         16     
       Stack:                                             0       0         2048   
       Linker Generated:                                  0       96        0      
    +--+--------------------------------------------------+-------+---------+---------+
       Grand Total:                                       15745   2485      35940  


LINKER GENERATED COPY TABLES

__TI_cinit_table @ 00004748 records: 2, size/record: 8, table size: 16
	.data: load addr=000046f8, load size=0000003c bytes, run addr=20000000, run size=000081f8 bytes, compression=lzss
	.bss: load addr=00004740, load size=00000008 bytes, run addr=200089f8, run size=0000025c bytes, compression=zero_init


LINKER GENERATED HANDLER TABLE

__TI_handler_table @ 00004734 records: 3, size/record: 4, table size: 12
	index: 0, handler: __TI_decompress_lzss
	index: 1, handler: __TI_decompress_none
	index: 2, handler: __TI_zero_init


GLOBAL SYMBOLS: SORTED ALPHABETICALLY BY Name 

address   name                              
-------   ----                              
00003fa1  C$$EXIT                           
00003a7b  C$$IO$$                           
00003f4b  CPUcpsid                          
00001101  Crystalfontz128x128_Init          
00000ca1  Crystalfontz128x128_SetDrawFrame  
00000c59  Crystalfontz128x128_SetOrientation
00003f0d  FPUEnable                         
00003f1d  FPULazyStackingEnable             
00003c75  GPIODirModeSet                    
00002013  GPIOPadConfigSet                  
00003769  GPIOPinConfigure                  
00003e4b  GPIOPinTypeGPIOOutput             
00003ee7  GPIOPinTypeSSI                    
00003e2b  GPIOPinWrite                      
00003f8d  GrContextFontSet                  
000030a9  GrContextInit                     
00002861  GrDefaultStringRenderer           
00003d81  GrFontCodepageGet                 
00003d3f  GrFontGlyphDataGet                
0000143d  GrFontGlyphRender                 
00003d19  GrFontInfoGet                     
00003f6b  GrMapISO8859_1_Unicode            
00002cdd  GrRectFill                        
00003e93  GrStringDraw                      
00003bed  GrStringNextCharGet               
00001d11  HAL_LCD_PortInit                  
00001c81  HAL_LCD_SpiInit                   
00001c31  HAL_LCD_writeCommand              
00001c21  HAL_LCD_writeData                 
00003889  HOSTclose                         
00003111  HOSTlseek                         
00003375  HOSTopen                          
0000348d  HOSTread                          
0000303d  HOSTrename                        
000038cd  HOSTunlink                        
000034e5  HOSTwrite                         
00003f2d  IntMasterDisable                  
20000003  Lcd_FlagRead                      
20000002  Lcd_FontSolid                     
20000000  Lcd_Orientation                   
20000001  Lcd_PenSolid                      
20000006  Lcd_ScreenHeigth                  
20000004  Lcd_ScreenWidth                   
20000008  Lcd_TouchTrim                     
2000000a  Lcd_buffer                        
00003e31  ResetISR                          
00003f73  SSIBusy                           
000039d7  SSIConfigSetExpClk                
00003f57  SSIDataPut                        
00003f61  SSIEnable                         
00001695  SysCtlClockFreqSet                
00003f93  SysCtlDelay                       
00003abd  SysCtlPeripheralEnable            
200089f8  __CIOBUF_                         
200089f8  __STACK_END                       
00000800  __STACK_SIZE                      
200083f8  __STACK_TOP                       
00000010  __SYSMEM_SIZE                     
00004748  __TI_CINIT_Base                   
00004758  __TI_CINIT_Limit                  
00004734  __TI_Handler_Table_Base           
00004740  __TI_Handler_Table_Limit          
00003911  __TI_auto_init_nobinit_nopinit    
00003af1  __TI_cleanup                      
200081d4  __TI_cleanup_ptr                  
00002ee9  __TI_closefile                    
00003179  __TI_decompress_lzss              
00003f3d  __TI_decompress_none              
00003639  __TI_doflush                      
200081d8  __TI_dtors_ptr                    
200081dc  __TI_enable_exit_profile_output   
200081c4  __TI_ft_end                       
ffffffff  __TI_pprof_out_hndl               
00000209  __TI_printfi                      
ffffffff  __TI_prof_data_size               
ffffffff  __TI_prof_data_start              
00003b25  __TI_readmsg                      
00000000  __TI_static_base__                
20008b18  __TI_tmpnams                      
00003a4d  __TI_writemsg                     
00003311  __TI_wrt_ok                       
00003dbd  __TI_zero_init_nomemset           
00002d63  __aeabi_cdcmpeq                   
00002d63  __aeabi_cdcmple                   
00002de9  __aeabi_cdrcmple                  
00003841  __aeabi_d2iz                      
00001a73  __aeabi_dadd                      
00001edd  __aeabi_ddiv                      
000025a5  __aeabi_dmul                      
00001a69  __aeabi_dsub                      
00003f7d  __aeabi_errno_addr                
00003c1b  __aeabi_i2d                       
00001693  __aeabi_idiv0                     
00001693  __aeabi_ldiv0                     
00002e6f  __aeabi_memclr                    
00002e6f  __aeabi_memclr4                   
00002e6f  __aeabi_memclr8                   
00002b1f  __aeabi_memcpy                    
00002b1f  __aeabi_memcpy4                   
00002b1f  __aeabi_memcpy8                   
00002e71  __aeabi_memset                    
00002e71  __aeabi_memset4                   
00002e71  __aeabi_memset8                   
200081d0  __aeabi_stderr                    
200081c8  __aeabi_stdin                     
200081cc  __aeabi_stdout                    
00002bbb  __aeabi_uldivmod                  
ffffffff  __binit__                         
ffffffff  __c_args__                        
UNDEFED   __mpu_init                        
200081f8  __stack                           
00003b59  _c_int00_noargs                   
000043bc  _ctypes_                          
200080fc  _device                           
2000800c  _ftable                           
200081e0  _lock                             
00000c57  _nop                              
20008174  _stream                           
20008c58  _sys_memory                       
UNDEFED   _system_post_cinit                
00003f9d  _system_pre_init                  
200081e4  _unlock                           
00003fa1  abort                             
00002269  aligned_alloc                     
00003685  atoi                              
ffffffff  binit                             
000033d5  close                             
00003e11  copysign                          
00003e11  copysignl                         
00002a81  display_time_standard             
200081f4  errno                             
000037f9  exit                              
00003bbd  finddevice                        
00002c51  fputc                             
00002381  fputs                             
000026a1  free                              
00003249  frexp                             
00003249  frexpl                            
000032ad  fseek                             
20008c18  gSystemClock                      
200081f0  gTime                             
00000000  g_pfnVectors                      
000046dc  g_psDefaultCodePointMapTable      
000046b4  g_sCrystalfontz128x128            
000044c0  g_sFontFixed6x8                   
00003955  getdevice                         
00002495  ldexp                             
00002495  ldexpl                            
00003cc9  lseek                             
00003593  ltoa                              
000029d9  main                              
00003f85  malloc                            
00002269  memalign                          
00003df5  memccpy                           
00003d61  memchr                            
00002b1f  memcpy                            
00002e77  memset                            
20008c48  parmbuf                           
000031e1  printf                            
00002c51  putc                              
00003c49  remove                            
20008c1c  sContext                          
00002495  scalbn                            
00002495  scalbnl                           
00002785  setvbuf                           
000036d1  snprintf                          
00003ea9  strchr                            
00003e7b  strcmp                            
00003ebf  strcpy                            
00003ed3  strlen                            
00003a85  strncpy                           
00003c49  unlink                            
00003ef9  wcslen                            
00003cf1  write                             


GLOBAL SYMBOLS: SORTED BY Symbol Address 

address   name                              
-------   ----                              
00000000  __TI_static_base__                
00000000  g_pfnVectors                      
00000010  __SYSMEM_SIZE                     
00000209  __TI_printfi                      
00000800  __STACK_SIZE                      
00000c57  _nop                              
00000c59  Crystalfontz128x128_SetOrientation
00000ca1  Crystalfontz128x128_SetDrawFrame  
00001101  Crystalfontz128x128_Init          
0000143d  GrFontGlyphRender                 
00001693  __aeabi_idiv0                     
00001693  __aeabi_ldiv0                     
00001695  SysCtlClockFreqSet                
00001a69  __aeabi_dsub                      
00001a73  __aeabi_dadd                      
00001c21  HAL_LCD_writeData                 
00001c31  HAL_LCD_writeCommand              
00001c81  HAL_LCD_SpiInit                   
00001d11  HAL_LCD_PortInit                  
00001edd  __aeabi_ddiv                      
00002013  GPIOPadConfigSet                  
00002269  aligned_alloc                     
00002269  memalign                          
00002381  fputs                             
00002495  ldexp                             
00002495  ldexpl                            
00002495  scalbn                            
00002495  scalbnl                           
000025a5  __aeabi_dmul                      
000026a1  free                              
00002785  setvbuf                           
00002861  GrDefaultStringRenderer           
000029d9  main                              
00002a81  display_time_standard             
00002b1f  __aeabi_memcpy                    
00002b1f  __aeabi_memcpy4                   
00002b1f  __aeabi_memcpy8                   
00002b1f  memcpy                            
00002bbb  __aeabi_uldivmod                  
00002c51  fputc                             
00002c51  putc                              
00002cdd  GrRectFill                        
00002d63  __aeabi_cdcmpeq                   
00002d63  __aeabi_cdcmple                   
00002de9  __aeabi_cdrcmple                  
00002e6f  __aeabi_memclr                    
00002e6f  __aeabi_memclr4                   
00002e6f  __aeabi_memclr8                   
00002e71  __aeabi_memset                    
00002e71  __aeabi_memset4                   
00002e71  __aeabi_memset8                   
00002e77  memset                            
00002ee9  __TI_closefile                    
0000303d  HOSTrename                        
000030a9  GrContextInit                     
00003111  HOSTlseek                         
00003179  __TI_decompress_lzss              
000031e1  printf                            
00003249  frexp                             
00003249  frexpl                            
000032ad  fseek                             
00003311  __TI_wrt_ok                       
00003375  HOSTopen                          
000033d5  close                             
0000348d  HOSTread                          
000034e5  HOSTwrite                         
00003593  ltoa                              
00003639  __TI_doflush                      
00003685  atoi                              
000036d1  snprintf                          
00003769  GPIOPinConfigure                  
000037f9  exit                              
00003841  __aeabi_d2iz                      
00003889  HOSTclose                         
000038cd  HOSTunlink                        
00003911  __TI_auto_init_nobinit_nopinit    
00003955  getdevice                         
000039d7  SSIConfigSetExpClk                
00003a4d  __TI_writemsg                     
00003a7b  C$$IO$$                           
00003a85  strncpy                           
00003abd  SysCtlPeripheralEnable            
00003af1  __TI_cleanup                      
00003b25  __TI_readmsg                      
00003b59  _c_int00_noargs                   
00003bbd  finddevice                        
00003bed  GrStringNextCharGet               
00003c1b  __aeabi_i2d                       
00003c49  remove                            
00003c49  unlink                            
00003c75  GPIODirModeSet                    
00003cc9  lseek                             
00003cf1  write                             
00003d19  GrFontInfoGet                     
00003d3f  GrFontGlyphDataGet                
00003d61  memchr                            
00003d81  GrFontCodepageGet                 
00003dbd  __TI_zero_init_nomemset           
00003df5  memccpy                           
00003e11  copysign                          
00003e11  copysignl                         
00003e2b  GPIOPinWrite                      
00003e31  ResetISR                          
00003e4b  GPIOPinTypeGPIOOutput             
00003e7b  strcmp                            
00003e93  GrStringDraw                      
00003ea9  strchr                            
00003ebf  strcpy                            
00003ed3  strlen                            
00003ee7  GPIOPinTypeSSI                    
00003ef9  wcslen                            
00003f0d  FPUEnable                         
00003f1d  FPULazyStackingEnable             
00003f2d  IntMasterDisable                  
00003f3d  __TI_decompress_none              
00003f4b  CPUcpsid                          
00003f57  SSIDataPut                        
00003f61  SSIEnable                         
00003f6b  GrMapISO8859_1_Unicode            
00003f73  SSIBusy                           
00003f7d  __aeabi_errno_addr                
00003f85  malloc                            
00003f8d  GrContextFontSet                  
00003f93  SysCtlDelay                       
00003f9d  _system_pre_init                  
00003fa1  C$$EXIT                           
00003fa1  abort                             
000043bc  _ctypes_                          
000044c0  g_sFontFixed6x8                   
000046b4  g_sCrystalfontz128x128            
000046dc  g_psDefaultCodePointMapTable      
00004734  __TI_Handler_Table_Base           
00004740  __TI_Handler_Table_Limit          
00004748  __TI_CINIT_Base                   
00004758  __TI_CINIT_Limit                  
20000000  Lcd_Orientation                   
20000001  Lcd_PenSolid                      
20000002  Lcd_FontSolid                     
20000003  Lcd_FlagRead                      
20000004  Lcd_ScreenWidth                   
20000006  Lcd_ScreenHeigth                  
20000008  Lcd_TouchTrim                     
2000000a  Lcd_buffer                        
2000800c  _ftable                           
200080fc  _device                           
20008174  _stream                           
200081c4  __TI_ft_end                       
200081c8  __aeabi_stdin                     
200081cc  __aeabi_stdout                    
200081d0  __aeabi_stderr                    
200081d4  __TI_cleanup_ptr                  
200081d8  __TI_dtors_ptr                    
200081dc  __TI_enable_exit_profile_output   
200081e0  _lock                             
200081e4  _unlock                           
200081f0  gTime                             
200081f4  errno                             
200081f8  __stack                           
200083f8  __STACK_TOP                       
200089f8  __CIOBUF_                         
200089f8  __STACK_END                       
20008b18  __TI_tmpnams                      
20008c18  gSystemClock                      
20008c1c  sContext                          
20008c48  parmbuf                           
20008c58  _sys_memory                       
ffffffff  __TI_pprof_out_hndl               
ffffffff  __TI_prof_data_size               
ffffffff  __TI_prof_data_start              
ffffffff  __binit__                         
ffffffff  __c_args__                        
ffffffff  binit                             
UNDEFED   __mpu_init                        
UNDEFED   _system_post_cinit                

[174 symbols]
