<?xml version="1.0" encoding="ISO-8859-1" ?>
<link_info>
   <banner>TI ARM Linker PC v18.12.4.LTS</banner>
   <copyright>Copyright (c) 1996-2018 Texas Instruments Incorporated</copyright>
   <link_time>0x5e7b5e62</link_time>
   <link_errors>0x2</link_errors>
   <output_file>ece3849d20_lab0_jemushatt.out</output_file>
   <entry_point>
      <name>_c_int00_noargs</name>
      <address>0x3b59</address>
   </entry_point>
   <input_file_list>
      <input_file id="fl-2">
         <path>.\</path>
         <kind>object</kind>
         <file>Crystalfontz128x128_ST7735.obj</file>
         <name>Crystalfontz128x128_ST7735.obj</name>
      </input_file>
      <input_file id="fl-3">
         <path>.\</path>
         <kind>object</kind>
         <file>HAL_EK_TM4C1294XL_Crystalfontz128x128_ST7735.obj</file>
         <name>HAL_EK_TM4C1294XL_Crystalfontz128x128_ST7735.obj</name>
      </input_file>
      <input_file id="fl-4">
         <path>.\</path>
         <kind>object</kind>
         <file>buttons.obj</file>
         <name>buttons.obj</name>
      </input_file>
      <input_file id="fl-5">
         <path>.\</path>
         <kind>object</kind>
         <file>main.obj</file>
         <name>main.obj</name>
      </input_file>
      <input_file id="fl-6">
         <path>.\</path>
         <kind>object</kind>
         <file>sysctl_pll.obj</file>
         <name>sysctl_pll.obj</name>
      </input_file>
      <input_file id="fl-7">
         <path>.\</path>
         <kind>object</kind>
         <file>time_display.obj</file>
         <name>time_display.obj</name>
      </input_file>
      <input_file id="fl-8">
         <path>.\</path>
         <kind>object</kind>
         <file>tm4c1294ncpdt_startup_ccs.obj</file>
         <name>tm4c1294ncpdt_startup_ccs.obj</name>
      </input_file>
      <input_file id="fl-e">
         <kind>object</kind>
         <file>&lt;internal&gt;</file>
         <name>&lt;internal&gt;</name>
      </input_file>
      <input_file id="fl-c4">
         <path>C:\ti\ccs930\ccs\tools\compiler\ti-cgt-arm_18.12.4.LTS\lib\</path>
         <kind>archive</kind>
         <file>rtsv7M4_T_le_v4SPD16_eabi.lib</file>
         <name>printf.c.obj</name>
      </input_file>
      <input_file id="fl-c5">
         <path>C:\ti\ccs930\ccs\tools\compiler\ti-cgt-arm_18.12.4.LTS\lib\</path>
         <kind>archive</kind>
         <file>rtsv7M4_T_le_v4SPD16_eabi.lib</file>
         <name>_printfi.c.obj</name>
      </input_file>
      <input_file id="fl-c6">
         <path>C:\ti\ccs930\ccs\tools\compiler\ti-cgt-arm_18.12.4.LTS\lib\</path>
         <kind>archive</kind>
         <file>rtsv7M4_T_le_v4SPD16_eabi.lib</file>
         <name>snprintf.c.obj</name>
      </input_file>
      <input_file id="fl-c7">
         <path>C:\ti\ccs930\ccs\tools\compiler\ti-cgt-arm_18.12.4.LTS\lib\</path>
         <kind>archive</kind>
         <file>rtsv7M4_T_le_v4SPD16_eabi.lib</file>
         <name>fputc.c.obj</name>
      </input_file>
      <input_file id="fl-c8">
         <path>C:\ti\ccs930\ccs\tools\compiler\ti-cgt-arm_18.12.4.LTS\lib\</path>
         <kind>archive</kind>
         <file>rtsv7M4_T_le_v4SPD16_eabi.lib</file>
         <name>fputs.c.obj</name>
      </input_file>
      <input_file id="fl-c9">
         <path>C:\ti\ccs930\ccs\tools\compiler\ti-cgt-arm_18.12.4.LTS\lib\</path>
         <kind>archive</kind>
         <file>rtsv7M4_T_le_v4SPD16_eabi.lib</file>
         <name>_io_perm.c.obj</name>
      </input_file>
      <input_file id="fl-ca">
         <path>C:\ti\ccs930\ccs\tools\compiler\ti-cgt-arm_18.12.4.LTS\lib\</path>
         <kind>archive</kind>
         <file>rtsv7M4_T_le_v4SPD16_eabi.lib</file>
         <name>setvbuf.c.obj</name>
      </input_file>
      <input_file id="fl-cb">
         <path>C:\ti\ccs930\ccs\tools\compiler\ti-cgt-arm_18.12.4.LTS\lib\</path>
         <kind>archive</kind>
         <file>rtsv7M4_T_le_v4SPD16_eabi.lib</file>
         <name>fd_add_t2.asm.obj</name>
      </input_file>
      <input_file id="fl-cc">
         <path>C:\ti\ccs930\ccs\tools\compiler\ti-cgt-arm_18.12.4.LTS\lib\</path>
         <kind>archive</kind>
         <file>rtsv7M4_T_le_v4SPD16_eabi.lib</file>
         <name>fd_cmp_t2.asm.obj</name>
      </input_file>
      <input_file id="fl-cd">
         <path>C:\ti\ccs930\ccs\tools\compiler\ti-cgt-arm_18.12.4.LTS\lib\</path>
         <kind>archive</kind>
         <file>rtsv7M4_T_le_v4SPD16_eabi.lib</file>
         <name>fd_div_t2.asm.obj</name>
      </input_file>
      <input_file id="fl-ce">
         <path>C:\ti\ccs930\ccs\tools\compiler\ti-cgt-arm_18.12.4.LTS\lib\</path>
         <kind>archive</kind>
         <file>rtsv7M4_T_le_v4SPD16_eabi.lib</file>
         <name>fd_mul_t2.asm.obj</name>
      </input_file>
      <input_file id="fl-cf">
         <path>C:\ti\ccs930\ccs\tools\compiler\ti-cgt-arm_18.12.4.LTS\lib\</path>
         <kind>archive</kind>
         <file>rtsv7M4_T_le_v4SPD16_eabi.lib</file>
         <name>fd_toi_t2.asm.obj</name>
      </input_file>
      <input_file id="fl-d0">
         <path>C:\ti\ccs930\ccs\tools\compiler\ti-cgt-arm_18.12.4.LTS\lib\</path>
         <kind>archive</kind>
         <file>rtsv7M4_T_le_v4SPD16_eabi.lib</file>
         <name>i_tofd_t2.asm.obj</name>
      </input_file>
      <input_file id="fl-d1">
         <path>C:\ti\ccs930\ccs\tools\compiler\ti-cgt-arm_18.12.4.LTS\lib\</path>
         <kind>archive</kind>
         <file>rtsv7M4_T_le_v4SPD16_eabi.lib</file>
         <name>memcpy_t2.asm.obj</name>
      </input_file>
      <input_file id="fl-d2">
         <path>C:\ti\ccs930\ccs\tools\compiler\ti-cgt-arm_18.12.4.LTS\lib\</path>
         <kind>archive</kind>
         <file>rtsv7M4_T_le_v4SPD16_eabi.lib</file>
         <name>ull_div_t2.asm.obj</name>
      </input_file>
      <input_file id="fl-d3">
         <path>C:\ti\ccs930\ccs\tools\compiler\ti-cgt-arm_18.12.4.LTS\lib\</path>
         <kind>archive</kind>
         <file>rtsv7M4_T_le_v4SPD16_eabi.lib</file>
         <name>memset_t2.asm.obj</name>
      </input_file>
      <input_file id="fl-d4">
         <path>C:\ti\ccs930\ccs\tools\compiler\ti-cgt-arm_18.12.4.LTS\lib\</path>
         <kind>archive</kind>
         <file>rtsv7M4_T_le_v4SPD16_eabi.lib</file>
         <name>copy_zero_init.c.obj</name>
      </input_file>
      <input_file id="fl-d5">
         <path>C:\ti\ccs930\ccs\tools\compiler\ti-cgt-arm_18.12.4.LTS\lib\</path>
         <kind>archive</kind>
         <file>rtsv7M4_T_le_v4SPD16_eabi.lib</file>
         <name>copy_decompress_none.c.obj</name>
      </input_file>
      <input_file id="fl-d6">
         <path>C:\ti\ccs930\ccs\tools\compiler\ti-cgt-arm_18.12.4.LTS\lib\</path>
         <kind>archive</kind>
         <file>rtsv7M4_T_le_v4SPD16_eabi.lib</file>
         <name>copy_decompress_lzss.c.obj</name>
      </input_file>
      <input_file id="fl-d7">
         <path>C:\ti\ccs930\ccs\tools\compiler\ti-cgt-arm_18.12.4.LTS\lib\</path>
         <kind>archive</kind>
         <file>rtsv7M4_T_le_v4SPD16_eabi.lib</file>
         <name>exit.c.obj</name>
      </input_file>
      <input_file id="fl-d8">
         <path>C:\ti\ccs930\ccs\tools\compiler\ti-cgt-arm_18.12.4.LTS\lib\</path>
         <kind>archive</kind>
         <file>rtsv7M4_T_le_v4SPD16_eabi.lib</file>
         <name>_lock.c.obj</name>
      </input_file>
      <input_file id="fl-d9">
         <path>C:\ti\ccs930\ccs\tools\compiler\ti-cgt-arm_18.12.4.LTS\lib\</path>
         <kind>archive</kind>
         <file>rtsv7M4_T_le_v4SPD16_eabi.lib</file>
         <name>atoi.c.obj</name>
      </input_file>
      <input_file id="fl-da">
         <path>C:\ti\ccs930\ccs\tools\compiler\ti-cgt-arm_18.12.4.LTS\lib\</path>
         <kind>archive</kind>
         <file>rtsv7M4_T_le_v4SPD16_eabi.lib</file>
         <name>ctype.c.obj</name>
      </input_file>
      <input_file id="fl-db">
         <path>C:\ti\ccs930\ccs\tools\compiler\ti-cgt-arm_18.12.4.LTS\lib\</path>
         <kind>archive</kind>
         <file>rtsv7M4_T_le_v4SPD16_eabi.lib</file>
         <name>defs.c.obj</name>
      </input_file>
      <input_file id="fl-dc">
         <path>C:\ti\ccs930\ccs\tools\compiler\ti-cgt-arm_18.12.4.LTS\lib\</path>
         <kind>archive</kind>
         <file>rtsv7M4_T_le_v4SPD16_eabi.lib</file>
         <name>ltoa.c.obj</name>
      </input_file>
      <input_file id="fl-dd">
         <path>C:\ti\ccs930\ccs\tools\compiler\ti-cgt-arm_18.12.4.LTS\lib\</path>
         <kind>archive</kind>
         <file>rtsv7M4_T_le_v4SPD16_eabi.lib</file>
         <name>memccpy.c.obj</name>
      </input_file>
      <input_file id="fl-de">
         <path>C:\ti\ccs930\ccs\tools\compiler\ti-cgt-arm_18.12.4.LTS\lib\</path>
         <kind>archive</kind>
         <file>rtsv7M4_T_le_v4SPD16_eabi.lib</file>
         <name>memchr.c.obj</name>
      </input_file>
      <input_file id="fl-df">
         <path>C:\ti\ccs930\ccs\tools\compiler\ti-cgt-arm_18.12.4.LTS\lib\</path>
         <kind>archive</kind>
         <file>rtsv7M4_T_le_v4SPD16_eabi.lib</file>
         <name>memory.c.obj</name>
      </input_file>
      <input_file id="fl-e0">
         <path>C:\ti\ccs930\ccs\tools\compiler\ti-cgt-arm_18.12.4.LTS\lib\</path>
         <kind>archive</kind>
         <file>rtsv7M4_T_le_v4SPD16_eabi.lib</file>
         <name>strchr.c.obj</name>
      </input_file>
      <input_file id="fl-e1">
         <path>C:\ti\ccs930\ccs\tools\compiler\ti-cgt-arm_18.12.4.LTS\lib\</path>
         <kind>archive</kind>
         <file>rtsv7M4_T_le_v4SPD16_eabi.lib</file>
         <name>strlen.c.obj</name>
      </input_file>
      <input_file id="fl-e2">
         <path>C:\ti\ccs930\ccs\tools\compiler\ti-cgt-arm_18.12.4.LTS\lib\</path>
         <kind>archive</kind>
         <file>rtsv7M4_T_le_v4SPD16_eabi.lib</file>
         <name>write.c.obj</name>
      </input_file>
      <input_file id="fl-e3">
         <path>C:\ti\ccs930\ccs\tools\compiler\ti-cgt-arm_18.12.4.LTS\lib\</path>
         <kind>archive</kind>
         <file>rtsv7M4_T_le_v4SPD16_eabi.lib</file>
         <name>host_device.c.obj</name>
      </input_file>
      <input_file id="fl-e4">
         <path>C:\ti\ccs930\ccs\tools\compiler\ti-cgt-arm_18.12.4.LTS\lib\</path>
         <kind>archive</kind>
         <file>rtsv7M4_T_le_v4SPD16_eabi.lib</file>
         <name>boot_cortex_m.c.obj</name>
      </input_file>
      <input_file id="fl-e5">
         <path>C:\ti\ccs930\ccs\tools\compiler\ti-cgt-arm_18.12.4.LTS\lib\</path>
         <kind>archive</kind>
         <file>rtsv7M4_T_le_v4SPD16_eabi.lib</file>
         <name>errno.c.obj</name>
      </input_file>
      <input_file id="fl-e6">
         <path>C:\ti\ccs930\ccs\tools\compiler\ti-cgt-arm_18.12.4.LTS\lib\</path>
         <kind>archive</kind>
         <file>rtsv7M4_T_le_v4SPD16_eabi.lib</file>
         <name>wcslen.c.obj</name>
      </input_file>
      <input_file id="fl-e7">
         <path>C:\ti\ccs930\ccs\tools\compiler\ti-cgt-arm_18.12.4.LTS\lib\</path>
         <kind>archive</kind>
         <file>rtsv7M4_T_le_v4SPD16_eabi.lib</file>
         <name>s_frexp.c.obj</name>
      </input_file>
      <input_file id="fl-e8">
         <path>C:\ti\ccs930\ccs\tools\compiler\ti-cgt-arm_18.12.4.LTS\lib\</path>
         <kind>archive</kind>
         <file>rtsv7M4_T_le_v4SPD16_eabi.lib</file>
         <name>s_scalbn.c.obj</name>
      </input_file>
      <input_file id="fl-e9">
         <path>C:\ti\ccs930\ccs\tools\compiler\ti-cgt-arm_18.12.4.LTS\lib\</path>
         <kind>archive</kind>
         <file>rtsv7M4_T_le_v4SPD16_eabi.lib</file>
         <name>fflush.c.obj</name>
      </input_file>
      <input_file id="fl-ea">
         <path>C:\ti\ccs930\ccs\tools\compiler\ti-cgt-arm_18.12.4.LTS\lib\</path>
         <kind>archive</kind>
         <file>rtsv7M4_T_le_v4SPD16_eabi.lib</file>
         <name>fopen.c.obj</name>
      </input_file>
      <input_file id="fl-eb">
         <path>C:\ti\ccs930\ccs\tools\compiler\ti-cgt-arm_18.12.4.LTS\lib\</path>
         <kind>archive</kind>
         <file>rtsv7M4_T_le_v4SPD16_eabi.lib</file>
         <name>fseek.c.obj</name>
      </input_file>
      <input_file id="fl-ec">
         <path>C:\ti\ccs930\ccs\tools\compiler\ti-cgt-arm_18.12.4.LTS\lib\</path>
         <kind>archive</kind>
         <file>rtsv7M4_T_le_v4SPD16_eabi.lib</file>
         <name>div0.asm.obj</name>
      </input_file>
      <input_file id="fl-ed">
         <path>C:\ti\ccs930\ccs\tools\compiler\ti-cgt-arm_18.12.4.LTS\lib\</path>
         <kind>archive</kind>
         <file>rtsv7M4_T_le_v4SPD16_eabi.lib</file>
         <name>autoinit.c.obj</name>
      </input_file>
      <input_file id="fl-ee">
         <path>C:\ti\ccs930\ccs\tools\compiler\ti-cgt-arm_18.12.4.LTS\lib\</path>
         <kind>archive</kind>
         <file>rtsv7M4_T_le_v4SPD16_eabi.lib</file>
         <name>pre_init.c.obj</name>
      </input_file>
      <input_file id="fl-ef">
         <path>C:\ti\ccs930\ccs\tools\compiler\ti-cgt-arm_18.12.4.LTS\lib\</path>
         <kind>archive</kind>
         <file>rtsv7M4_T_le_v4SPD16_eabi.lib</file>
         <name>cpy_tbl.c.obj</name>
      </input_file>
      <input_file id="fl-f0">
         <path>C:\ti\ccs930\ccs\tools\compiler\ti-cgt-arm_18.12.4.LTS\lib\</path>
         <kind>archive</kind>
         <file>rtsv7M4_T_le_v4SPD16_eabi.lib</file>
         <name>args_main.c.obj</name>
      </input_file>
      <input_file id="fl-f1">
         <path>C:\ti\ccs930\ccs\tools\compiler\ti-cgt-arm_18.12.4.LTS\lib\</path>
         <kind>archive</kind>
         <file>rtsv7M4_T_le_v4SPD16_eabi.lib</file>
         <name>hostclose.c.obj</name>
      </input_file>
      <input_file id="fl-f2">
         <path>C:\ti\ccs930\ccs\tools\compiler\ti-cgt-arm_18.12.4.LTS\lib\</path>
         <kind>archive</kind>
         <file>rtsv7M4_T_le_v4SPD16_eabi.lib</file>
         <name>hostlseek.c.obj</name>
      </input_file>
      <input_file id="fl-f3">
         <path>C:\ti\ccs930\ccs\tools\compiler\ti-cgt-arm_18.12.4.LTS\lib\</path>
         <kind>archive</kind>
         <file>rtsv7M4_T_le_v4SPD16_eabi.lib</file>
         <name>hostopen.c.obj</name>
      </input_file>
      <input_file id="fl-f4">
         <path>C:\ti\ccs930\ccs\tools\compiler\ti-cgt-arm_18.12.4.LTS\lib\</path>
         <kind>archive</kind>
         <file>rtsv7M4_T_le_v4SPD16_eabi.lib</file>
         <name>hostread.c.obj</name>
      </input_file>
      <input_file id="fl-f5">
         <path>C:\ti\ccs930\ccs\tools\compiler\ti-cgt-arm_18.12.4.LTS\lib\</path>
         <kind>archive</kind>
         <file>rtsv7M4_T_le_v4SPD16_eabi.lib</file>
         <name>hostrename.c.obj</name>
      </input_file>
      <input_file id="fl-f6">
         <path>C:\ti\ccs930\ccs\tools\compiler\ti-cgt-arm_18.12.4.LTS\lib\</path>
         <kind>archive</kind>
         <file>rtsv7M4_T_le_v4SPD16_eabi.lib</file>
         <name>hostunlink.c.obj</name>
      </input_file>
      <input_file id="fl-f7">
         <path>C:\ti\ccs930\ccs\tools\compiler\ti-cgt-arm_18.12.4.LTS\lib\</path>
         <kind>archive</kind>
         <file>rtsv7M4_T_le_v4SPD16_eabi.lib</file>
         <name>hostwrite.c.obj</name>
      </input_file>
      <input_file id="fl-f8">
         <path>C:\ti\ccs930\ccs\tools\compiler\ti-cgt-arm_18.12.4.LTS\lib\</path>
         <kind>archive</kind>
         <file>rtsv7M4_T_le_v4SPD16_eabi.lib</file>
         <name>trgmsg.c.obj</name>
      </input_file>
      <input_file id="fl-f9">
         <path>C:\ti\ccs930\ccs\tools\compiler\ti-cgt-arm_18.12.4.LTS\lib\</path>
         <kind>archive</kind>
         <file>rtsv7M4_T_le_v4SPD16_eabi.lib</file>
         <name>open.c.obj</name>
      </input_file>
      <input_file id="fl-fa">
         <path>C:\ti\ccs930\ccs\tools\compiler\ti-cgt-arm_18.12.4.LTS\lib\</path>
         <kind>archive</kind>
         <file>rtsv7M4_T_le_v4SPD16_eabi.lib</file>
         <name>lseek.c.obj</name>
      </input_file>
      <input_file id="fl-fb">
         <path>C:\ti\ccs930\ccs\tools\compiler\ti-cgt-arm_18.12.4.LTS\lib\</path>
         <kind>archive</kind>
         <file>rtsv7M4_T_le_v4SPD16_eabi.lib</file>
         <name>s_copysign.c.obj</name>
      </input_file>
      <input_file id="fl-fc">
         <path>C:\ti\ccs930\ccs\tools\compiler\ti-cgt-arm_18.12.4.LTS\lib\</path>
         <kind>archive</kind>
         <file>rtsv7M4_T_le_v4SPD16_eabi.lib</file>
         <name>fclose.c.obj</name>
      </input_file>
      <input_file id="fl-fd">
         <path>C:\ti\ccs930\ccs\tools\compiler\ti-cgt-arm_18.12.4.LTS\lib\</path>
         <kind>archive</kind>
         <file>rtsv7M4_T_le_v4SPD16_eabi.lib</file>
         <name>getdevice.c.obj</name>
      </input_file>
      <input_file id="fl-fe">
         <path>C:\ti\ccs930\ccs\tools\compiler\ti-cgt-arm_18.12.4.LTS\lib\</path>
         <kind>archive</kind>
         <file>rtsv7M4_T_le_v4SPD16_eabi.lib</file>
         <name>strcmp.c.obj</name>
      </input_file>
      <input_file id="fl-ff">
         <path>C:\ti\ccs930\ccs\tools\compiler\ti-cgt-arm_18.12.4.LTS\lib\</path>
         <kind>archive</kind>
         <file>rtsv7M4_T_le_v4SPD16_eabi.lib</file>
         <name>strcpy.c.obj</name>
      </input_file>
      <input_file id="fl-100">
         <path>C:\ti\ccs930\ccs\tools\compiler\ti-cgt-arm_18.12.4.LTS\lib\</path>
         <kind>archive</kind>
         <file>rtsv7M4_T_le_v4SPD16_eabi.lib</file>
         <name>strncpy.c.obj</name>
      </input_file>
      <input_file id="fl-101">
         <path>C:\ti\ccs930\ccs\tools\compiler\ti-cgt-arm_18.12.4.LTS\lib\</path>
         <kind>archive</kind>
         <file>rtsv7M4_T_le_v4SPD16_eabi.lib</file>
         <name>remove.c.obj</name>
      </input_file>
      <input_file id="fl-102">
         <path>C:\ti\ccs930\ccs\tools\compiler\ti-cgt-arm_18.12.4.LTS\lib\</path>
         <kind>archive</kind>
         <file>rtsv7M4_T_le_v4SPD16_eabi.lib</file>
         <name>close.c.obj</name>
      </input_file>
      <input_file id="fl-103">
         <path>C:\ti\ccs930\ccs\tools\compiler\ti-cgt-arm_18.12.4.LTS\lib\</path>
         <kind>archive</kind>
         <file>rtsv7M4_T_le_v4SPD16_eabi.lib</file>
         <name>unlink.c.obj</name>
      </input_file>
      <input_file id="fl-104">
         <path>C:\ti\tirtos_tivac_2_16_01_14\products\TivaWare_C_Series-2.1.1.71b\grlib\ccs\Debug\</path>
         <kind>archive</kind>
         <file>grlib.lib</file>
         <name>context.obj</name>
      </input_file>
      <input_file id="fl-105">
         <path>C:\ti\tirtos_tivac_2_16_01_14\products\TivaWare_C_Series-2.1.1.71b\grlib\ccs\Debug\</path>
         <kind>archive</kind>
         <file>grlib.lib</file>
         <name>rectangle.obj</name>
      </input_file>
      <input_file id="fl-106">
         <path>C:\ti\tirtos_tivac_2_16_01_14\products\TivaWare_C_Series-2.1.1.71b\grlib\ccs\Debug\</path>
         <kind>archive</kind>
         <file>grlib.lib</file>
         <name>string.obj</name>
      </input_file>
      <input_file id="fl-107">
         <path>C:\ti\tirtos_tivac_2_16_01_14\products\TivaWare_C_Series-2.1.1.71b\grlib\ccs\Debug\</path>
         <kind>archive</kind>
         <file>grlib.lib</file>
         <name>fontfixed6x8.obj</name>
      </input_file>
      <input_file id="fl-108">
         <path>C:\ti\tirtos_tivac_2_16_01_14\products\TivaWare_C_Series-2.1.1.71b\grlib\ccs\Debug\</path>
         <kind>archive</kind>
         <file>grlib.lib</file>
         <name>charmap.obj</name>
      </input_file>
      <input_file id="fl-109">
         <path>C:\ti\tirtos_tivac_2_16_01_14\products\TivaWare_C_Series-2.1.1.71b\grlib\ccs\Debug\</path>
         <kind>archive</kind>
         <file>grlib.lib</file>
         <name>line.obj</name>
      </input_file>
      <input_file id="fl-10a">
         <path>C:\ti\tirtos_tivac_2_16_01_14\products\TivaWare_C_Series-2.1.1.71b\driverlib\ccs\Debug\</path>
         <kind>archive</kind>
         <file>driverlib.lib</file>
         <name>adc.obj</name>
      </input_file>
      <input_file id="fl-10b">
         <path>C:\ti\tirtos_tivac_2_16_01_14\products\TivaWare_C_Series-2.1.1.71b\driverlib\ccs\Debug\</path>
         <kind>archive</kind>
         <file>driverlib.lib</file>
         <name>fpu.obj</name>
      </input_file>
      <input_file id="fl-10c">
         <path>C:\ti\tirtos_tivac_2_16_01_14\products\TivaWare_C_Series-2.1.1.71b\driverlib\ccs\Debug\</path>
         <kind>archive</kind>
         <file>driverlib.lib</file>
         <name>gpio.obj</name>
      </input_file>
      <input_file id="fl-10d">
         <path>C:\ti\tirtos_tivac_2_16_01_14\products\TivaWare_C_Series-2.1.1.71b\driverlib\ccs\Debug\</path>
         <kind>archive</kind>
         <file>driverlib.lib</file>
         <name>interrupt.obj</name>
      </input_file>
      <input_file id="fl-10e">
         <path>C:\ti\tirtos_tivac_2_16_01_14\products\TivaWare_C_Series-2.1.1.71b\driverlib\ccs\Debug\</path>
         <kind>archive</kind>
         <file>driverlib.lib</file>
         <name>ssi.obj</name>
      </input_file>
      <input_file id="fl-10f">
         <path>C:\ti\tirtos_tivac_2_16_01_14\products\TivaWare_C_Series-2.1.1.71b\driverlib\ccs\Debug\</path>
         <kind>archive</kind>
         <file>driverlib.lib</file>
         <name>sysctl.obj</name>
      </input_file>
      <input_file id="fl-110">
         <path>C:\ti\tirtos_tivac_2_16_01_14\products\TivaWare_C_Series-2.1.1.71b\driverlib\ccs\Debug\</path>
         <kind>archive</kind>
         <file>driverlib.lib</file>
         <name>timer.obj</name>
      </input_file>
      <input_file id="fl-111">
         <path>C:\ti\tirtos_tivac_2_16_01_14\products\TivaWare_C_Series-2.1.1.71b\driverlib\ccs\Debug\</path>
         <kind>archive</kind>
         <file>driverlib.lib</file>
         <name>cpu.obj</name>
      </input_file>
   </input_file_list>
   <object_component_list>
      <object_component id="oc-f">
         <name>.intvecs</name>
         <load_address>0x0</load_address>
         <run_address>0x0</run_address>
         <size>0x208</size>
         <input_file_ref idref="fl-8"/>
      </object_component>
      <object_component id="oc-276">
         <name>.text:__TI_printfi</name>
         <load_address>0x208</load_address>
         <run_address>0x208</run_address>
         <size>0xa4e</size>
         <input_file_ref idref="fl-c5"/>
      </object_component>
      <object_component id="oc-2b6">
         <name>.text:_nop</name>
         <load_address>0xc56</load_address>
         <run_address>0xc56</run_address>
         <size>0x2</size>
         <input_file_ref idref="fl-d8"/>
      </object_component>
      <object_component id="oc-f4">
         <name>.text</name>
         <load_address>0xc58</load_address>
         <run_address>0xc58</run_address>
         <size>0x574</size>
         <input_file_ref idref="fl-2"/>
      </object_component>
      <object_component id="oc-32f">
         <name>.text:_pconv_a</name>
         <load_address>0x11cc</load_address>
         <run_address>0x11cc</run_address>
         <size>0x270</size>
         <input_file_ref idref="fl-c5"/>
      </object_component>
      <object_component id="oc-254">
         <name>.text:GrFontGlyphRender</name>
         <load_address>0x143c</load_address>
         <run_address>0x143c</run_address>
         <size>0x256</size>
         <input_file_ref idref="fl-106"/>
      </object_component>
      <object_component id="oc-42a">
         <name>.text</name>
         <load_address>0x1692</load_address>
         <run_address>0x1692</run_address>
         <size>0x2</size>
         <input_file_ref idref="fl-ec"/>
      </object_component>
      <object_component id="oc-eb">
         <name>.text:SysCtlClockFreqSet</name>
         <load_address>0x1694</load_address>
         <run_address>0x1694</run_address>
         <size>0x204</size>
         <input_file_ref idref="fl-10f"/>
      </object_component>
      <object_component id="oc-31d">
         <name>.text:_pconv_g</name>
         <load_address>0x1898</load_address>
         <run_address>0x1898</run_address>
         <size>0x1d0</size>
         <input_file_ref idref="fl-c5"/>
      </object_component>
      <object_component id="oc-3b8">
         <name>.text</name>
         <load_address>0x1a68</load_address>
         <run_address>0x1a68</run_address>
         <size>0x1b6</size>
         <input_file_ref idref="fl-cb"/>
      </object_component>
      <object_component id="oc-18b">
         <name>.text</name>
         <load_address>0x1c20</load_address>
         <run_address>0x1c20</run_address>
         <size>0x17e</size>
         <input_file_ref idref="fl-3"/>
      </object_component>
      <object_component id="oc-329">
         <name>.text:_pconv_e</name>
         <load_address>0x1da0</load_address>
         <run_address>0x1da0</run_address>
         <size>0x13c</size>
         <input_file_ref idref="fl-c5"/>
      </object_component>
      <object_component id="oc-39e">
         <name>.text</name>
         <load_address>0x1edc</load_address>
         <run_address>0x1edc</run_address>
         <size>0x136</size>
         <input_file_ref idref="fl-cd"/>
      </object_component>
      <object_component id="oc-2e5">
         <name>.text:GPIOPadConfigSet</name>
         <load_address>0x2012</load_address>
         <run_address>0x2012</run_address>
         <size>0x130</size>
         <input_file_ref idref="fl-10c"/>
      </object_component>
      <object_component id="oc-3ca">
         <name>.text:fcvt</name>
         <load_address>0x2144</load_address>
         <run_address>0x2144</run_address>
         <size>0x124</size>
         <input_file_ref idref="fl-c5"/>
      </object_component>
      <object_component id="oc-4d5">
         <name>.text:aligned_alloc</name>
         <load_address>0x2268</load_address>
         <run_address>0x2268</run_address>
         <size>0x118</size>
         <input_file_ref idref="fl-df"/>
      </object_component>
      <object_component id="oc-357">
         <name>.text:fputs</name>
         <load_address>0x2380</load_address>
         <run_address>0x2380</run_address>
         <size>0x114</size>
         <input_file_ref idref="fl-c8"/>
      </object_component>
      <object_component id="oc-3de">
         <name>.text:scalbn</name>
         <load_address>0x2494</load_address>
         <run_address>0x2494</run_address>
         <size>0x110</size>
         <input_file_ref idref="fl-e8"/>
      </object_component>
      <object_component id="oc-399">
         <name>.text</name>
         <load_address>0x25a4</load_address>
         <run_address>0x25a4</run_address>
         <size>0xfc</size>
         <input_file_ref idref="fl-ce"/>
      </object_component>
      <object_component id="oc-493">
         <name>.text:free</name>
         <load_address>0x26a0</load_address>
         <run_address>0x26a0</run_address>
         <size>0xe4</size>
         <input_file_ref idref="fl-df"/>
      </object_component>
      <object_component id="oc-465">
         <name>.text:setvbuf</name>
         <load_address>0x2784</load_address>
         <run_address>0x2784</run_address>
         <size>0xdc</size>
         <input_file_ref idref="fl-ca"/>
      </object_component>
      <object_component id="oc-195">
         <name>.text:GrDefaultStringRenderer</name>
         <load_address>0x2860</load_address>
         <run_address>0x2860</run_address>
         <size>0xc4</size>
         <input_file_ref idref="fl-106"/>
      </object_component>
      <object_component id="oc-312">
         <name>.text:_ltostr</name>
         <load_address>0x2924</load_address>
         <run_address>0x2924</run_address>
         <size>0xb1</size>
         <input_file_ref idref="fl-c5"/>
      </object_component>
      <object_component id="oc-9f">
         <name>.text</name>
         <load_address>0x29d8</load_address>
         <run_address>0x29d8</run_address>
         <size>0xa4</size>
         <input_file_ref idref="fl-5"/>
      </object_component>
      <object_component id="oc-285">
         <name>.text:_outc</name>
         <load_address>0x2a7c</load_address>
         <run_address>0x2a7c</run_address>
         <size>0x4</size>
         <input_file_ref idref="fl-c4"/>
      </object_component>
      <object_component id="oc-115">
         <name>.text</name>
         <load_address>0x2a80</load_address>
         <run_address>0x2a80</run_address>
         <size>0x9e</size>
         <input_file_ref idref="fl-7"/>
      </object_component>
      <object_component id="oc-3b">
         <name>.text</name>
         <load_address>0x2b1e</load_address>
         <run_address>0x2b1e</run_address>
         <size>0x9c</size>
         <input_file_ref idref="fl-d1"/>
      </object_component>
      <object_component id="oc-392">
         <name>.text</name>
         <load_address>0x2bba</load_address>
         <run_address>0x2bba</run_address>
         <size>0x96</size>
         <input_file_ref idref="fl-d2"/>
      </object_component>
      <object_component id="oc-35e">
         <name>.text:fputc</name>
         <load_address>0x2c50</load_address>
         <run_address>0x2c50</run_address>
         <size>0x8c</size>
         <input_file_ref idref="fl-c7"/>
      </object_component>
      <object_component id="oc-10f">
         <name>.text:GrRectFill</name>
         <load_address>0x2cdc</load_address>
         <run_address>0x2cdc</run_address>
         <size>0x86</size>
         <input_file_ref idref="fl-105"/>
      </object_component>
      <object_component id="oc-318">
         <name>.text:__aeabi_cdcmple</name>
         <load_address>0x2d62</load_address>
         <run_address>0x2d62</run_address>
         <size>0x86</size>
         <input_file_ref idref="fl-cc"/>
      </object_component>
      <object_component id="oc-3a3">
         <name>.text:__aeabi_cdrcmple</name>
         <load_address>0x2de8</load_address>
         <run_address>0x2de8</run_address>
         <size>0x86</size>
         <input_file_ref idref="fl-cc"/>
      </object_component>
      <object_component id="oc-93">
         <name>.text</name>
         <load_address>0x2e6e</load_address>
         <run_address>0x2e6e</run_address>
         <size>0x7a</size>
         <input_file_ref idref="fl-d3"/>
      </object_component>
      <object_component id="oc-4dc">
         <name>.text:__TI_closefile</name>
         <load_address>0x2ee8</load_address>
         <run_address>0x2ee8</run_address>
         <size>0x74</size>
         <input_file_ref idref="fl-fc"/>
      </object_component>
      <object_component id="oc-51d">
         <name>.text:split</name>
         <load_address>0x2f5c</load_address>
         <run_address>0x2f5c</run_address>
         <size>0x70</size>
         <input_file_ref idref="fl-df"/>
      </object_component>
      <object_component id="oc-3c3">
         <name>.text:_mcpy</name>
         <load_address>0x2fcc</load_address>
         <run_address>0x2fcc</run_address>
         <size>0x6e</size>
         <input_file_ref idref="fl-c5"/>
      </object_component>
      <object_component id="oc-50c">
         <name>.text:HOSTrename</name>
         <load_address>0x303c</load_address>
         <run_address>0x303c</run_address>
         <size>0x6c</size>
         <input_file_ref idref="fl-f5"/>
      </object_component>
      <object_component id="oc-fd">
         <name>.text:GrContextInit</name>
         <load_address>0x30a8</load_address>
         <run_address>0x30a8</run_address>
         <size>0x68</size>
         <input_file_ref idref="fl-104"/>
      </object_component>
      <object_component id="oc-500">
         <name>.text:HOSTlseek</name>
         <load_address>0x3110</load_address>
         <run_address>0x3110</run_address>
         <size>0x68</size>
         <input_file_ref idref="fl-f2"/>
      </object_component>
      <object_component id="oc-12">
         <name>.text:decompress:lzss:__TI_decompress_lzss</name>
         <load_address>0x3178</load_address>
         <run_address>0x3178</run_address>
         <size>0x68</size>
         <input_file_ref idref="fl-d6"/>
      </object_component>
      <object_component id="oc-1bd">
         <name>.text:printf</name>
         <load_address>0x31e0</load_address>
         <run_address>0x31e0</run_address>
         <size>0x68</size>
         <input_file_ref idref="fl-c4"/>
      </object_component>
      <object_component id="oc-3d8">
         <name>.text:frexp</name>
         <load_address>0x3248</load_address>
         <run_address>0x3248</run_address>
         <size>0x64</size>
         <input_file_ref idref="fl-e7"/>
      </object_component>
      <object_component id="oc-45f">
         <name>.text:fseek</name>
         <load_address>0x32ac</load_address>
         <run_address>0x32ac</run_address>
         <size>0x64</size>
         <input_file_ref idref="fl-eb"/>
      </object_component>
      <object_component id="oc-407">
         <name>.text:__TI_wrt_ok</name>
         <load_address>0x3310</load_address>
         <run_address>0x3310</run_address>
         <size>0x62</size>
         <input_file_ref idref="fl-c9"/>
      </object_component>
      <object_component id="oc-4e8">
         <name>.text:HOSTopen</name>
         <load_address>0x3374</load_address>
         <run_address>0x3374</run_address>
         <size>0x60</size>
         <input_file_ref idref="fl-f3"/>
      </object_component>
      <object_component id="oc-524">
         <name>.text:close</name>
         <load_address>0x33d4</load_address>
         <run_address>0x33d4</run_address>
         <size>0x5c</size>
         <input_file_ref idref="fl-102"/>
      </object_component>
      <object_component id="oc-2f5">
         <name>.text:FontWideGlyphDataGet</name>
         <load_address>0x3430</load_address>
         <run_address>0x3430</run_address>
         <size>0x5a</size>
         <input_file_ref idref="fl-106"/>
      </object_component>
      <object_component id="oc-4f4">
         <name>.text:HOSTread</name>
         <load_address>0x348c</load_address>
         <run_address>0x348c</run_address>
         <size>0x58</size>
         <input_file_ref idref="fl-f4"/>
      </object_component>
      <object_component id="oc-4fa">
         <name>.text:HOSTwrite</name>
         <load_address>0x34e4</load_address>
         <run_address>0x34e4</run_address>
         <size>0x58</size>
         <input_file_ref idref="fl-f7"/>
      </object_component>
      <object_component id="oc-323">
         <name>.text:_pconv_f</name>
         <load_address>0x353c</load_address>
         <run_address>0x353c</run_address>
         <size>0x56</size>
         <input_file_ref idref="fl-c5"/>
      </object_component>
      <object_component id="oc-3ad">
         <name>.text:ltoa</name>
         <load_address>0x3592</load_address>
         <run_address>0x3592</run_address>
         <size>0x54</size>
         <input_file_ref idref="fl-dc"/>
      </object_component>
      <object_component id="oc-3bd">
         <name>.text:_ecpy</name>
         <load_address>0x35e6</load_address>
         <run_address>0x35e6</run_address>
         <size>0x52</size>
         <input_file_ref idref="fl-c5"/>
      </object_component>
      <object_component id="oc-413">
         <name>.text:__TI_doflush</name>
         <load_address>0x3638</load_address>
         <run_address>0x3638</run_address>
         <size>0x4c</size>
         <input_file_ref idref="fl-e9"/>
      </object_component>
      <object_component id="oc-30c">
         <name>.text:atoi</name>
         <load_address>0x3684</load_address>
         <run_address>0x3684</run_address>
         <size>0x4c</size>
         <input_file_ref idref="fl-d9"/>
      </object_component>
      <object_component id="oc-1c6">
         <name>.text:snprintf</name>
         <load_address>0x36d0</load_address>
         <run_address>0x36d0</run_address>
         <size>0x4c</size>
         <input_file_ref idref="fl-c6"/>
      </object_component>
      <object_component id="oc-1a8">
         <name>.text:UpdateContextCharMapping</name>
         <load_address>0x371c</load_address>
         <run_address>0x371c</run_address>
         <size>0x4a</size>
         <input_file_ref idref="fl-106"/>
      </object_component>
      <object_component id="oc-234">
         <name>.text:GPIOPinConfigure</name>
         <load_address>0x3768</load_address>
         <run_address>0x3768</run_address>
         <size>0x48</size>
         <input_file_ref idref="fl-10c"/>
      </object_component>
      <object_component id="oc-170">
         <name>.text:_SysCtlFrequencyGet</name>
         <load_address>0x37b0</load_address>
         <run_address>0x37b0</run_address>
         <size>0x48</size>
         <input_file_ref idref="fl-10f"/>
      </object_component>
      <object_component id="oc-127">
         <name>.text:exit</name>
         <load_address>0x37f8</load_address>
         <run_address>0x37f8</run_address>
         <size>0x48</size>
         <input_file_ref idref="fl-d7"/>
      </object_component>
      <object_component id="oc-3a8">
         <name>.text</name>
         <load_address>0x3840</load_address>
         <run_address>0x3840</run_address>
         <size>0x48</size>
         <input_file_ref idref="fl-cf"/>
      </object_component>
      <object_component id="oc-4ee">
         <name>.text:HOSTclose</name>
         <load_address>0x3888</load_address>
         <run_address>0x3888</run_address>
         <size>0x44</size>
         <input_file_ref idref="fl-f1"/>
      </object_component>
      <object_component id="oc-506">
         <name>.text:HOSTunlink</name>
         <load_address>0x38cc</load_address>
         <run_address>0x38cc</run_address>
         <size>0x44</size>
         <input_file_ref idref="fl-f6"/>
      </object_component>
      <object_component id="oc-12d">
         <name>.text:__TI_auto_init_nobinit_nopinit:__TI_auto_init_nobinit_nopinit</name>
         <load_address>0x3910</load_address>
         <run_address>0x3910</run_address>
         <size>0x44</size>
         <input_file_ref idref="fl-ed"/>
      </object_component>
      <object_component id="oc-55c">
         <name>.text:getdevice</name>
         <load_address>0x3954</load_address>
         <run_address>0x3954</run_address>
         <size>0x44</size>
         <input_file_ref idref="fl-fd"/>
      </object_component>
      <object_component id="oc-3d0">
         <name>.text:_fcpy</name>
         <load_address>0x3998</load_address>
         <run_address>0x3998</run_address>
         <size>0x3e</size>
         <input_file_ref idref="fl-c5"/>
      </object_component>
      <object_component id="oc-222">
         <name>.text:SSIConfigSetExpClk</name>
         <load_address>0x39d6</load_address>
         <run_address>0x39d6</run_address>
         <size>0x3c</size>
         <input_file_ref idref="fl-10e"/>
      </object_component>
      <object_component id="oc-2fb">
         <name>.text:FontGlyphDataGet</name>
         <load_address>0x3a12</load_address>
         <run_address>0x3a12</run_address>
         <size>0x3a</size>
         <input_file_ref idref="fl-106"/>
      </object_component>
      <object_component id="oc-535">
         <name>.text:__TI_writemsg</name>
         <load_address>0x3a4c</load_address>
         <run_address>0x3a4c</run_address>
         <size>0x38</size>
         <input_file_ref idref="fl-f8"/>
      </object_component>
      <object_component id="oc-57e">
         <name>.text:strncpy</name>
         <load_address>0x3a84</load_address>
         <run_address>0x3a84</run_address>
         <size>0x36</size>
         <input_file_ref idref="fl-100"/>
      </object_component>
      <object_component id="oc-21c">
         <name>.text:SysCtlPeripheralEnable</name>
         <load_address>0x3abc</load_address>
         <run_address>0x3abc</run_address>
         <size>0x34</size>
         <input_file_ref idref="fl-10f"/>
      </object_component>
      <object_component id="oc-49f">
         <name>.text:__TI_cleanup</name>
         <load_address>0x3af0</load_address>
         <run_address>0x3af0</run_address>
         <size>0x34</size>
         <input_file_ref idref="fl-ea"/>
      </object_component>
      <object_component id="oc-53b">
         <name>.text:__TI_readmsg</name>
         <load_address>0x3b24</load_address>
         <run_address>0x3b24</run_address>
         <size>0x34</size>
         <input_file_ref idref="fl-f8"/>
      </object_component>
      <object_component id="oc-59">
         <name>.text:_c_int00_noargs:_c_int00_noargs</name>
         <load_address>0x3b58</load_address>
         <run_address>0x3b58</run_address>
         <size>0x34</size>
         <input_file_ref idref="fl-e4"/>
      </object_component>
      <object_component id="oc-294">
         <name>.text:_outs</name>
         <load_address>0x3b8c</load_address>
         <run_address>0x3b8c</run_address>
         <size>0x30</size>
         <input_file_ref idref="fl-c6"/>
      </object_component>
      <object_component id="oc-584">
         <name>.text:finddevice</name>
         <load_address>0x3bbc</load_address>
         <run_address>0x3bbc</run_address>
         <size>0x30</size>
         <input_file_ref idref="fl-fd"/>
      </object_component>
      <object_component id="oc-248">
         <name>.text:GrStringNextCharGet</name>
         <load_address>0x3bec</load_address>
         <run_address>0x3bec</run_address>
         <size>0x2e</size>
         <input_file_ref idref="fl-106"/>
      </object_component>
      <object_component id="oc-3b3">
         <name>.text</name>
         <load_address>0x3c1a</load_address>
         <run_address>0x3c1a</run_address>
         <size>0x2e</size>
         <input_file_ref idref="fl-d0"/>
      </object_component>
      <object_component id="oc-52a">
         <name>.text:unlink</name>
         <load_address>0x3c48</load_address>
         <run_address>0x3c48</run_address>
         <size>0x2c</size>
         <input_file_ref idref="fl-103"/>
      </object_component>
      <object_component id="oc-2df">
         <name>.text:GPIODirModeSet</name>
         <load_address>0x3c74</load_address>
         <run_address>0x3c74</run_address>
         <size>0x2a</size>
         <input_file_ref idref="fl-10c"/>
      </object_component>
      <object_component id="oc-4ce">
         <name>.text:free_list_insert</name>
         <load_address>0x3ca0</load_address>
         <run_address>0x3ca0</run_address>
         <size>0x28</size>
         <input_file_ref idref="fl-df"/>
      </object_component>
      <object_component id="oc-48b">
         <name>.text:lseek</name>
         <load_address>0x3cc8</load_address>
         <run_address>0x3cc8</run_address>
         <size>0x28</size>
         <input_file_ref idref="fl-fa"/>
      </object_component>
      <object_component id="oc-419">
         <name>.text:write</name>
         <load_address>0x3cf0</load_address>
         <run_address>0x3cf0</run_address>
         <size>0x28</size>
         <input_file_ref idref="fl-e2"/>
      </object_component>
      <object_component id="oc-242">
         <name>.text:GrFontInfoGet</name>
         <load_address>0x3d18</load_address>
         <run_address>0x3d18</run_address>
         <size>0x26</size>
         <input_file_ref idref="fl-106"/>
      </object_component>
      <object_component id="oc-24e">
         <name>.text:GrFontGlyphDataGet</name>
         <load_address>0x3d3e</load_address>
         <run_address>0x3d3e</run_address>
         <size>0x22</size>
         <input_file_ref idref="fl-106"/>
      </object_component>
      <object_component id="oc-40d">
         <name>.text:memchr</name>
         <load_address>0x3d60</load_address>
         <run_address>0x3d60</run_address>
         <size>0x20</size>
         <input_file_ref idref="fl-de"/>
      </object_component>
      <object_component id="oc-269">
         <name>.text:GrFontCodepageGet</name>
         <load_address>0x3d80</load_address>
         <run_address>0x3d80</run_address>
         <size>0x1e</size>
         <input_file_ref idref="fl-106"/>
      </object_component>
      <object_component id="oc-16a">
         <name>.text:_SysCtlMemTimingGet</name>
         <load_address>0x3da0</load_address>
         <run_address>0x3da0</run_address>
         <size>0x1c</size>
         <input_file_ref idref="fl-10f"/>
      </object_component>
      <object_component id="oc-47">
         <name>.text:decompress:ZI:__TI_zero_init_nomemset:__TI_zero_init_nomemset</name>
         <load_address>0x3dbc</load_address>
         <run_address>0x3dbc</run_address>
         <size>0x1c</size>
         <input_file_ref idref="fl-d4"/>
      </object_component>
      <object_component id="oc-4c8">
         <name>.text:free_list_remove</name>
         <load_address>0x3dd8</load_address>
         <run_address>0x3dd8</run_address>
         <size>0x1c</size>
         <input_file_ref idref="fl-df"/>
      </object_component>
      <object_component id="oc-335">
         <name>.text:memccpy</name>
         <load_address>0x3df4</load_address>
         <run_address>0x3df4</run_address>
         <size>0x1c</size>
         <input_file_ref idref="fl-dd"/>
      </object_component>
      <object_component id="oc-443">
         <name>.text:copysign</name>
         <load_address>0x3e10</load_address>
         <run_address>0x3e10</run_address>
         <size>0x1a</size>
         <input_file_ref idref="fl-fb"/>
      </object_component>
      <object_component id="oc-216">
         <name>.text:GPIOPinWrite</name>
         <load_address>0x3e2a</load_address>
         <run_address>0x3e2a</run_address>
         <size>0x6</size>
         <input_file_ref idref="fl-10c"/>
      </object_component>
      <object_component id="oc-27">
         <name>.text</name>
         <load_address>0x3e30</load_address>
         <run_address>0x3e30</run_address>
         <size>0x1a</size>
         <input_file_ref idref="fl-8"/>
      </object_component>
      <object_component id="oc-23a">
         <name>.text:GPIOPinTypeGPIOOutput</name>
         <load_address>0x3e4a</load_address>
         <run_address>0x3e4a</run_address>
         <size>0x18</size>
         <input_file_ref idref="fl-10c"/>
      </object_component>
      <object_component id="oc-29a">
         <name>.text:_outc</name>
         <load_address>0x3e62</load_address>
         <run_address>0x3e62</run_address>
         <size>0x18</size>
         <input_file_ref idref="fl-c6"/>
      </object_component>
      <object_component id="oc-59b">
         <name>.text:strcmp</name>
         <load_address>0x3e7a</load_address>
         <run_address>0x3e7a</run_address>
         <size>0x18</size>
         <input_file_ref idref="fl-fe"/>
      </object_component>
      <object_component id="oc-1cc">
         <name>.text:GrStringDraw</name>
         <load_address>0x3e92</load_address>
         <run_address>0x3e92</run_address>
         <size>0x16</size>
         <input_file_ref idref="fl-106"/>
      </object_component>
      <object_component id="oc-3e4">
         <name>.text:strchr</name>
         <load_address>0x3ea8</load_address>
         <run_address>0x3ea8</run_address>
         <size>0x16</size>
         <input_file_ref idref="fl-e0"/>
      </object_component>
      <object_component id="oc-54f">
         <name>.text:strcpy</name>
         <load_address>0x3ebe</load_address>
         <run_address>0x3ebe</run_address>
         <size>0x14</size>
         <input_file_ref idref="fl-ff"/>
      </object_component>
      <object_component id="oc-306">
         <name>.text:strlen</name>
         <load_address>0x3ed2</load_address>
         <run_address>0x3ed2</run_address>
         <size>0x14</size>
         <input_file_ref idref="fl-e1"/>
      </object_component>
      <object_component id="oc-22e">
         <name>.text:GPIOPinTypeSSI</name>
         <load_address>0x3ee6</load_address>
         <run_address>0x3ee6</run_address>
         <size>0x12</size>
         <input_file_ref idref="fl-10c"/>
      </object_component>
      <object_component id="oc-33b">
         <name>.text:wcslen</name>
         <load_address>0x3ef8</load_address>
         <run_address>0x3ef8</run_address>
         <size>0x12</size>
         <input_file_ref idref="fl-e6"/>
      </object_component>
      <object_component id="oc-df">
         <name>.text:FPUEnable</name>
         <load_address>0x3f0c</load_address>
         <run_address>0x3f0c</run_address>
         <size>0x10</size>
         <input_file_ref idref="fl-10b"/>
      </object_component>
      <object_component id="oc-e5">
         <name>.text:FPULazyStackingEnable</name>
         <load_address>0x3f1c</load_address>
         <run_address>0x3f1c</run_address>
         <size>0x10</size>
         <input_file_ref idref="fl-10b"/>
      </object_component>
      <object_component id="oc-d9">
         <name>.text:IntMasterDisable</name>
         <load_address>0x3f2c</load_address>
         <run_address>0x3f2c</run_address>
         <size>0x10</size>
         <input_file_ref idref="fl-10d"/>
      </object_component>
      <object_component id="oc-18">
         <name>.text:decompress:none:__TI_decompress_none</name>
         <load_address>0x3f3c</load_address>
         <run_address>0x3f3c</run_address>
         <size>0xe</size>
         <input_file_ref idref="fl-d5"/>
      </object_component>
      <object_component id="oc-161">
         <name>.text:CPUcpsid</name>
         <load_address>0x3f4a</load_address>
         <run_address>0x3f4a</run_address>
         <size>0xc</size>
         <input_file_ref idref="fl-111"/>
      </object_component>
      <object_component id="oc-20a">
         <name>.text:SSIDataPut</name>
         <load_address>0x3f56</load_address>
         <run_address>0x3f56</run_address>
         <size>0xa</size>
         <input_file_ref idref="fl-10e"/>
      </object_component>
      <object_component id="oc-228">
         <name>.text:SSIEnable</name>
         <load_address>0x3f60</load_address>
         <run_address>0x3f60</run_address>
         <size>0xa</size>
         <input_file_ref idref="fl-10e"/>
      </object_component>
      <object_component id="oc-25b">
         <name>.text:GrMapISO8859_1_Unicode</name>
         <load_address>0x3f6a</load_address>
         <run_address>0x3f6a</run_address>
         <size>0x8</size>
         <input_file_ref idref="fl-108"/>
      </object_component>
      <object_component id="oc-210">
         <name>.text:SSIBusy</name>
         <load_address>0x3f72</load_address>
         <run_address>0x3f72</run_address>
         <size>0x8</size>
         <input_file_ref idref="fl-10e"/>
      </object_component>
      <object_component id="oc-341">
         <name>.text:__aeabi_errno_addr</name>
         <load_address>0x3f7c</load_address>
         <run_address>0x3f7c</run_address>
         <size>0x8</size>
         <input_file_ref idref="fl-e5"/>
      </object_component>
      <object_component id="oc-499">
         <name>.text:malloc</name>
         <load_address>0x3f84</load_address>
         <run_address>0x3f84</run_address>
         <size>0x8</size>
         <input_file_ref idref="fl-df"/>
      </object_component>
      <object_component id="oc-106">
         <name>.text:GrContextFontSet</name>
         <load_address>0x3f8c</load_address>
         <run_address>0x3f8c</run_address>
         <size>0x6</size>
         <input_file_ref idref="fl-106"/>
      </object_component>
      <object_component id="oc-191">
         <name>.text:SysCtlDelay</name>
         <load_address>0x3f92</load_address>
         <run_address>0x3f92</run_address>
         <size>0x6</size>
         <input_file_ref idref="fl-10f"/>
      </object_component>
      <object_component id="oc-27f">
         <name>.text:_outs</name>
         <load_address>0x3f98</load_address>
         <run_address>0x3f98</run_address>
         <size>0x4</size>
         <input_file_ref idref="fl-c4"/>
      </object_component>
      <object_component id="oc-99">
         <name>.text:_system_pre_init</name>
         <load_address>0x3f9c</load_address>
         <run_address>0x3f9c</run_address>
         <size>0x4</size>
         <input_file_ref idref="fl-ee"/>
      </object_component>
      <object_component id="oc-121">
         <name>.text:abort:abort</name>
         <load_address>0x3fa0</load_address>
         <run_address>0x3fa0</run_address>
         <size>0x4</size>
         <input_file_ref idref="fl-d7"/>
      </object_component>
      <object_component id="oc-1a2">
         <name>.const:.string:g_pui8FontFixed6x8Data</name>
         <load_address>0x3fa4</load_address>
         <run_address>0x3fa4</run_address>
         <size>0x2f8</size>
         <input_file_ref idref="fl-107"/>
      </object_component>
      <object_component id="oc-179">
         <name>.const:g_pppui32XTALtoVCO</name>
         <load_address>0x429c</load_address>
         <run_address>0x429c</run_address>
         <size>0x120</size>
         <input_file_ref idref="fl-10f"/>
      </object_component>
      <object_component id="oc-38d">
         <name>.const:.string:_ctypes_</name>
         <load_address>0x43bc</load_address>
         <run_address>0x43bc</run_address>
         <size>0x101</size>
         <input_file_ref idref="fl-da"/>
      </object_component>
      <object_component id="oc-103">
         <name>.const:g_sFontFixed6x8</name>
         <load_address>0x44c0</load_address>
         <run_address>0x44c0</run_address>
         <size>0xc8</size>
         <input_file_ref idref="fl-107"/>
      </object_component>
      <object_component id="oc-2ec">
         <name>.const:g_pui32GPIOBaseAddrs</name>
         <load_address>0x4588</load_address>
         <run_address>0x4588</run_address>
         <size>0x90</size>
         <input_file_ref idref="fl-10c"/>
      </object_component>
      <object_component id="oc-176">
         <name>.const:g_pui32Xtals</name>
         <load_address>0x4618</load_address>
         <run_address>0x4618</run_address>
         <size>0x6c</size>
         <input_file_ref idref="fl-10f"/>
      </object_component>
      <object_component id="oc-1f6">
         <name>.const:g_sXTALtoMEMTIM</name>
         <load_address>0x4684</load_address>
         <run_address>0x4684</run_address>
         <size>0x30</size>
         <input_file_ref idref="fl-10f"/>
      </object_component>
      <object_component id="oc-fa">
         <name>.const:g_sCrystalfontz128x128</name>
         <load_address>0x46b4</load_address>
         <run_address>0x46b4</run_address>
         <size>0x28</size>
         <input_file_ref idref="fl-2"/>
      </object_component>
      <object_component id="oc-19b">
         <name>.const</name>
         <load_address>0x46dc</load_address>
         <run_address>0x46dc</run_address>
         <size>0x10</size>
         <input_file_ref idref="fl-104"/>
      </object_component>
      <object_component id="oc-17c">
         <name>.const</name>
         <load_address>0x46ec</load_address>
         <run_address>0x46ec</run_address>
         <size>0x8</size>
         <input_file_ref idref="fl-10f"/>
      </object_component>
      <object_component id="oc-5d3">
         <name>.cinit..data.load</name>
         <load_address>0x46f8</load_address>
         <run_address>0x46f8</run_address>
         <size>0x3c</size>
      </object_component>
      <object_component id="oc-5d1">
         <name>__TI_handler_table</name>
         <load_address>0x4734</load_address>
         <run_address>0x4734</run_address>
         <size>0xc</size>
      </object_component>
      <object_component id="oc-5d4">
         <name>.cinit..bss.load</name>
         <load_address>0x4740</load_address>
         <run_address>0x4740</run_address>
         <size>0x8</size>
      </object_component>
      <object_component id="oc-5d2">
         <name>__TI_cinit_table</name>
         <load_address>0x4748</load_address>
         <run_address>0x4748</run_address>
         <size>0x10</size>
      </object_component>
      <object_component id="oc-188">
         <name>.data:$O1$$</name>
         <load_address>0x20000000</load_address>
         <run_address>0x20000000</run_address>
         <size>0x800c</size>
         <input_file_ref idref="fl-2"/>
      </object_component>
      <object_component id="oc-10c">
         <name>.data</name>
         <load_address>0x200081f0</load_address>
         <run_address>0x200081f0</run_address>
         <size>0x4</size>
         <input_file_ref idref="fl-5"/>
      </object_component>
      <object_component id="oc-1d6">
         <name>.data:$O1$$</name>
         <load_address>0x200081d4</load_address>
         <run_address>0x200081d4</run_address>
         <size>0xc</size>
         <input_file_ref idref="fl-d7"/>
      </object_component>
      <object_component id="oc-1d9">
         <name>.data:$O1$$</name>
         <load_address>0x200081e0</load_address>
         <run_address>0x200081e0</run_address>
         <size>0x8</size>
         <input_file_ref idref="fl-d8"/>
      </object_component>
      <object_component id="oc-27c">
         <name>.data:_ftable</name>
         <load_address>0x2000800c</load_address>
         <run_address>0x2000800c</run_address>
         <size>0xf0</size>
         <input_file_ref idref="fl-db"/>
      </object_component>
      <object_component id="oc-4e2">
         <name>.data</name>
         <load_address>0x200081c4</load_address>
         <run_address>0x200081c4</run_address>
         <size>0x10</size>
         <input_file_ref idref="fl-db"/>
      </object_component>
      <object_component id="oc-518">
         <name>.data:$O1$$</name>
         <load_address>0x200081e8</load_address>
         <run_address>0x200081e8</run_address>
         <size>0x8</size>
         <input_file_ref idref="fl-df"/>
      </object_component>
      <object_component id="oc-4b2">
         <name>.data:_device</name>
         <load_address>0x200080fc</load_address>
         <run_address>0x200080fc</run_address>
         <size>0x78</size>
         <input_file_ref idref="fl-e3"/>
      </object_component>
      <object_component id="oc-471">
         <name>.data:_stream</name>
         <load_address>0x20008174</load_address>
         <run_address>0x20008174</run_address>
         <size>0x50</size>
         <input_file_ref idref="fl-e3"/>
      </object_component>
      <object_component id="oc-3f4">
         <name>.data</name>
         <load_address>0x200081f4</load_address>
         <run_address>0x200081f4</run_address>
         <size>0x4</size>
         <input_file_ref idref="fl-e5"/>
      </object_component>
      <object_component id="oc-f1">
         <name>.bss:$O1$$</name>
         <uninitialized>true</uninitialized>
         <run_address>0x20008c18</run_address>
         <size>0x30</size>
         <input_file_ref idref="fl-5"/>
      </object_component>
      <object_component id="oc-1c3">
         <name>.bss:$O1$$</name>
         <uninitialized>true</uninitialized>
         <run_address>0x20008bb8</run_address>
         <size>0x60</size>
         <input_file_ref idref="fl-7"/>
      </object_component>
      <object_component id="oc-566">
         <name>.bss:_CIOBUF_</name>
         <uninitialized>true</uninitialized>
         <run_address>0x200089f8</run_address>
         <size>0x120</size>
         <input_file_ref idref="fl-f8"/>
      </object_component>
      <object_component id="oc-530">
         <name>.common:__TI_tmpnams</name>
         <uninitialized>true</uninitialized>
         <run_address>0x20008b18</run_address>
         <size>0xa0</size>
      </object_component>
      <object_component id="oc-541">
         <name>.common:parmbuf</name>
         <uninitialized>true</uninitialized>
         <run_address>0x20008c48</run_address>
         <size>0x8</size>
      </object_component>
      <object_component id="oc-19e">
         <name>.common:g_psGrLibDefaults</name>
         <uninitialized>true</uninitialized>
         <run_address>0x20008c50</run_address>
         <size>0x4</size>
      </object_component>
      <object_component id="oc-21">
         <name>.sysmem</name>
         <uninitialized>true</uninitialized>
         <run_address>0x20008c58</run_address>
         <size>0x10</size>
         <input_file_ref idref="fl-df"/>
      </object_component>
      <object_component id="oc-5d6">
         <name>.sysmem</name>
         <uninitialized>true</uninitialized>
         <run_address>0x20008c58</run_address>
         <size>0x0</size>
      </object_component>
      <object_component id="oc-24">
         <name>.stack</name>
         <uninitialized>true</uninitialized>
         <run_address>0x200081f8</run_address>
         <size>0x4</size>
         <input_file_ref idref="fl-e4"/>
      </object_component>
      <object_component id="oc-5d5">
         <name>.stack</name>
         <uninitialized>true</uninitialized>
         <run_address>0x200081f8</run_address>
         <size>0x0</size>
      </object_component>
      <object_component id="oc-c7">
         <name>.debug_info</name>
         <load_address>0x0</load_address>
         <run_address>0x0</run_address>
         <size>0x729</size>
         <input_file_ref idref="fl-2"/>
      </object_component>
      <object_component id="oc-fb">
         <name>.debug_info</name>
         <load_address>0x729</load_address>
         <run_address>0x729</run_address>
         <size>0x122</size>
         <input_file_ref idref="fl-2"/>
      </object_component>
      <object_component id="oc-189">
         <name>.debug_info</name>
         <load_address>0x84b</load_address>
         <run_address>0x84b</run_address>
         <size>0x240</size>
         <input_file_ref idref="fl-2"/>
      </object_component>
      <object_component id="oc-f5">
         <name>.debug_info</name>
         <load_address>0xa8b</load_address>
         <run_address>0xa8b</run_address>
         <size>0x112f</size>
         <input_file_ref idref="fl-2"/>
      </object_component>
      <object_component id="oc-11c">
         <name>.debug_info</name>
         <load_address>0x1bba</load_address>
         <run_address>0x1bba</run_address>
         <size>0x6bd</size>
         <input_file_ref idref="fl-2"/>
      </object_component>
      <object_component id="oc-74">
         <name>.debug_info</name>
         <load_address>0x2277</load_address>
         <run_address>0x2277</run_address>
         <size>0x26b</size>
         <input_file_ref idref="fl-2"/>
      </object_component>
      <object_component id="oc-c2">
         <name>.debug_info</name>
         <load_address>0x24e2</load_address>
         <run_address>0x24e2</run_address>
         <size>0x8b</size>
         <input_file_ref idref="fl-2"/>
      </object_component>
      <object_component id="oc-bd">
         <name>.debug_info</name>
         <load_address>0x256d</load_address>
         <run_address>0x256d</run_address>
         <size>0x297</size>
         <input_file_ref idref="fl-2"/>
      </object_component>
      <object_component id="oc-79">
         <name>.debug_info</name>
         <load_address>0x2804</load_address>
         <run_address>0x2804</run_address>
         <size>0xbb</size>
         <input_file_ref idref="fl-2"/>
      </object_component>
      <object_component id="oc-241">
         <name>.debug_info</name>
         <load_address>0x28bf</load_address>
         <run_address>0x28bf</run_address>
         <size>0x6c3</size>
         <input_file_ref idref="fl-3"/>
      </object_component>
      <object_component id="oc-18c">
         <name>.debug_info</name>
         <load_address>0x2f82</load_address>
         <run_address>0x2f82</run_address>
         <size>0x623</size>
         <input_file_ref idref="fl-3"/>
      </object_component>
      <object_component id="oc-1b3">
         <name>.debug_info</name>
         <load_address>0x35a5</load_address>
         <run_address>0x35a5</run_address>
         <size>0x7c1</size>
         <input_file_ref idref="fl-5"/>
      </object_component>
      <object_component id="oc-10d">
         <name>.debug_info</name>
         <load_address>0x3d66</load_address>
         <run_address>0x3d66</run_address>
         <size>0xe9</size>
         <input_file_ref idref="fl-5"/>
      </object_component>
      <object_component id="oc-f2">
         <name>.debug_info</name>
         <load_address>0x3e4f</load_address>
         <run_address>0x3e4f</run_address>
         <size>0x118</size>
         <input_file_ref idref="fl-5"/>
      </object_component>
      <object_component id="oc-a1">
         <name>.debug_info</name>
         <load_address>0x3f67</load_address>
         <run_address>0x3f67</run_address>
         <size>0x249</size>
         <input_file_ref idref="fl-5"/>
      </object_component>
      <object_component id="oc-2af">
         <name>.debug_info</name>
         <load_address>0x41b0</load_address>
         <run_address>0x41b0</run_address>
         <size>0xcc</size>
         <input_file_ref idref="fl-5"/>
      </object_component>
      <object_component id="oc-28d">
         <name>.debug_info</name>
         <load_address>0x427c</load_address>
         <run_address>0x427c</run_address>
         <size>0x2c</size>
         <input_file_ref idref="fl-5"/>
      </object_component>
      <object_component id="oc-36">
         <name>.debug_info</name>
         <load_address>0x42a8</load_address>
         <run_address>0x42a8</run_address>
         <size>0x84</size>
         <input_file_ref idref="fl-6"/>
      </object_component>
      <object_component id="oc-1d3">
         <name>.debug_info</name>
         <load_address>0x432c</load_address>
         <run_address>0x432c</run_address>
         <size>0x5d5</size>
         <input_file_ref idref="fl-7"/>
      </object_component>
      <object_component id="oc-1c4">
         <name>.debug_info</name>
         <load_address>0x4901</load_address>
         <run_address>0x4901</run_address>
         <size>0x12e</size>
         <input_file_ref idref="fl-7"/>
      </object_component>
      <object_component id="oc-117">
         <name>.debug_info</name>
         <load_address>0x4a2f</load_address>
         <run_address>0x4a2f</run_address>
         <size>0x1d6</size>
         <input_file_ref idref="fl-7"/>
      </object_component>
      <object_component id="oc-2f">
         <name>.debug_info</name>
         <load_address>0x4c05</load_address>
         <run_address>0x4c05</run_address>
         <size>0x2cd</size>
         <input_file_ref idref="fl-8"/>
      </object_component>
      <object_component id="oc-10">
         <name>.debug_info</name>
         <load_address>0x4ed2</load_address>
         <run_address>0x4ed2</run_address>
         <size>0x10c</size>
         <input_file_ref idref="fl-8"/>
      </object_component>
      <object_component id="oc-28">
         <name>.debug_info</name>
         <load_address>0x4fde</load_address>
         <run_address>0x4fde</run_address>
         <size>0x28b</size>
         <input_file_ref idref="fl-8"/>
      </object_component>
      <object_component id="oc-28c">
         <name>.debug_info</name>
         <load_address>0x5269</load_address>
         <run_address>0x5269</run_address>
         <size>0x3e4</size>
         <input_file_ref idref="fl-c4"/>
      </object_component>
      <object_component id="oc-287">
         <name>.debug_info</name>
         <load_address>0x564d</load_address>
         <run_address>0x564d</run_address>
         <size>0x156</size>
         <input_file_ref idref="fl-c4"/>
      </object_component>
      <object_component id="oc-282">
         <name>.debug_info</name>
         <load_address>0x57a3</load_address>
         <run_address>0x57a3</run_address>
         <size>0x165</size>
         <input_file_ref idref="fl-c4"/>
      </object_component>
      <object_component id="oc-1be">
         <name>.debug_info</name>
         <load_address>0x5908</load_address>
         <run_address>0x5908</run_address>
         <size>0x1ab</size>
         <input_file_ref idref="fl-c4"/>
      </object_component>
      <object_component id="oc-367">
         <name>.debug_info</name>
         <load_address>0x5ab3</load_address>
         <run_address>0x5ab3</run_address>
         <size>0xb2</size>
         <input_file_ref idref="fl-c4"/>
      </object_component>
      <object_component id="oc-348">
         <name>.debug_info</name>
         <load_address>0x5b65</load_address>
         <run_address>0x5b65</run_address>
         <size>0x57a</size>
         <input_file_ref idref="fl-c5"/>
      </object_component>
      <object_component id="oc-316">
         <name>.debug_info</name>
         <load_address>0x60df</load_address>
         <run_address>0x60df</run_address>
         <size>0x21d</size>
         <input_file_ref idref="fl-c5"/>
      </object_component>
      <object_component id="oc-3c1">
         <name>.debug_info</name>
         <load_address>0x62fc</load_address>
         <run_address>0x62fc</run_address>
         <size>0x1b2</size>
         <input_file_ref idref="fl-c5"/>
      </object_component>
      <object_component id="oc-3c7">
         <name>.debug_info</name>
         <load_address>0x64ae</load_address>
         <run_address>0x64ae</run_address>
         <size>0x21a</size>
         <input_file_ref idref="fl-c5"/>
      </object_component>
      <object_component id="oc-321">
         <name>.debug_info</name>
         <load_address>0x66c8</load_address>
         <run_address>0x66c8</run_address>
         <size>0x3ba</size>
         <input_file_ref idref="fl-c5"/>
      </object_component>
      <object_component id="oc-3ce">
         <name>.debug_info</name>
         <load_address>0x6a82</load_address>
         <run_address>0x6a82</run_address>
         <size>0x304</size>
         <input_file_ref idref="fl-c5"/>
      </object_component>
      <object_component id="oc-3d4">
         <name>.debug_info</name>
         <load_address>0x6d86</load_address>
         <run_address>0x6d86</run_address>
         <size>0x214</size>
         <input_file_ref idref="fl-c5"/>
      </object_component>
      <object_component id="oc-327">
         <name>.debug_info</name>
         <load_address>0x6f9a</load_address>
         <run_address>0x6f9a</run_address>
         <size>0x214</size>
         <input_file_ref idref="fl-c5"/>
      </object_component>
      <object_component id="oc-32d">
         <name>.debug_info</name>
         <load_address>0x71ae</load_address>
         <run_address>0x71ae</run_address>
         <size>0x303</size>
         <input_file_ref idref="fl-c5"/>
      </object_component>
      <object_component id="oc-333">
         <name>.debug_info</name>
         <load_address>0x74b1</load_address>
         <run_address>0x74b1</run_address>
         <size>0x4af</size>
         <input_file_ref idref="fl-c5"/>
      </object_component>
      <object_component id="oc-27a">
         <name>.debug_info</name>
         <load_address>0x7960</load_address>
         <run_address>0x7960</run_address>
         <size>0x5f3</size>
         <input_file_ref idref="fl-c5"/>
      </object_component>
      <object_component id="oc-349">
         <name>.debug_info</name>
         <load_address>0x7f53</load_address>
         <run_address>0x7f53</run_address>
         <size>0x86</size>
         <input_file_ref idref="fl-c5"/>
      </object_component>
      <object_component id="oc-3fb">
         <name>.debug_info</name>
         <load_address>0x7fd9</load_address>
         <run_address>0x7fd9</run_address>
         <size>0x39</size>
         <input_file_ref idref="fl-c5"/>
      </object_component>
      <object_component id="oc-45a">
         <name>.debug_info</name>
         <load_address>0x8012</load_address>
         <run_address>0x8012</run_address>
         <size>0xb6</size>
         <input_file_ref idref="fl-c5"/>
      </object_component>
      <object_component id="oc-400">
         <name>.debug_info</name>
         <load_address>0x80c8</load_address>
         <run_address>0x80c8</run_address>
         <size>0x46</size>
         <input_file_ref idref="fl-c5"/>
      </object_component>
      <object_component id="oc-34e">
         <name>.debug_info</name>
         <load_address>0x810e</load_address>
         <run_address>0x810e</run_address>
         <size>0x46</size>
         <input_file_ref idref="fl-c5"/>
      </object_component>
      <object_component id="oc-2a2">
         <name>.debug_info</name>
         <load_address>0x8154</load_address>
         <run_address>0x8154</run_address>
         <size>0x2c</size>
         <input_file_ref idref="fl-c5"/>
      </object_component>
      <object_component id="oc-2a1">
         <name>.debug_info</name>
         <load_address>0x8180</load_address>
         <run_address>0x8180</run_address>
         <size>0x339</size>
         <input_file_ref idref="fl-c6"/>
      </object_component>
      <object_component id="oc-1c7">
         <name>.debug_info</name>
         <load_address>0x84b9</load_address>
         <run_address>0x84b9</run_address>
         <size>0x1ed</size>
         <input_file_ref idref="fl-c6"/>
      </object_component>
      <object_component id="oc-295">
         <name>.debug_info</name>
         <load_address>0x86a6</load_address>
         <run_address>0x86a6</run_address>
         <size>0x1c2</size>
         <input_file_ref idref="fl-c6"/>
      </object_component>
      <object_component id="oc-29b">
         <name>.debug_info</name>
         <load_address>0x8868</load_address>
         <run_address>0x8868</run_address>
         <size>0x175</size>
         <input_file_ref idref="fl-c6"/>
      </object_component>
      <object_component id="oc-2a7">
         <name>.debug_info</name>
         <load_address>0x89dd</load_address>
         <run_address>0x89dd</run_address>
         <size>0x69</size>
         <input_file_ref idref="fl-c6"/>
      </object_component>
      <object_component id="oc-422">
         <name>.debug_info</name>
         <load_address>0x8a46</load_address>
         <run_address>0x8a46</run_address>
         <size>0x382</size>
         <input_file_ref idref="fl-c7"/>
      </object_component>
      <object_component id="oc-35f">
         <name>.debug_info</name>
         <load_address>0x8dc8</load_address>
         <run_address>0x8dc8</run_address>
         <size>0x1e9</size>
         <input_file_ref idref="fl-c7"/>
      </object_component>
      <object_component id="oc-420">
         <name>.debug_info</name>
         <load_address>0x8fb1</load_address>
         <run_address>0x8fb1</run_address>
         <size>0x3fb</size>
         <input_file_ref idref="fl-c8"/>
      </object_component>
      <object_component id="oc-35b">
         <name>.debug_info</name>
         <load_address>0x93ac</load_address>
         <run_address>0x93ac</run_address>
         <size>0x2e1</size>
         <input_file_ref idref="fl-c8"/>
      </object_component>
      <object_component id="oc-d0">
         <name>.debug_info</name>
         <load_address>0x968d</load_address>
         <run_address>0x968d</run_address>
         <size>0x2c</size>
         <input_file_ref idref="fl-c8"/>
      </object_component>
      <object_component id="oc-46c">
         <name>.debug_info</name>
         <load_address>0x96b9</load_address>
         <run_address>0x96b9</run_address>
         <size>0x2ff</size>
         <input_file_ref idref="fl-c9"/>
      </object_component>
      <object_component id="oc-40a">
         <name>.debug_info</name>
         <load_address>0x99b8</load_address>
         <run_address>0x99b8</run_address>
         <size>0x19b</size>
         <input_file_ref idref="fl-c9"/>
      </object_component>
      <object_component id="oc-4a7">
         <name>.debug_info</name>
         <load_address>0x9b53</load_address>
         <run_address>0x9b53</run_address>
         <size>0xbf</size>
         <input_file_ref idref="fl-c9"/>
      </object_component>
      <object_component id="oc-4a6">
         <name>.debug_info</name>
         <load_address>0x9c12</load_address>
         <run_address>0x9c12</run_address>
         <size>0x373</size>
         <input_file_ref idref="fl-ca"/>
      </object_component>
      <object_component id="oc-466">
         <name>.debug_info</name>
         <load_address>0x9f85</load_address>
         <run_address>0x9f85</run_address>
         <size>0x20a</size>
         <input_file_ref idref="fl-ca"/>
      </object_component>
      <object_component id="oc-3bb">
         <name>.debug_info</name>
         <load_address>0xa18f</load_address>
         <run_address>0xa18f</run_address>
         <size>0x14b</size>
         <input_file_ref idref="fl-cb"/>
      </object_component>
      <object_component id="oc-31a">
         <name>.debug_info</name>
         <load_address>0xa2da</load_address>
         <run_address>0xa2da</run_address>
         <size>0x127</size>
         <input_file_ref idref="fl-cc"/>
      </object_component>
      <object_component id="oc-3a4">
         <name>.debug_info</name>
         <load_address>0xa401</load_address>
         <run_address>0xa401</run_address>
         <size>0x129</size>
         <input_file_ref idref="fl-cc"/>
      </object_component>
      <object_component id="oc-39f">
         <name>.debug_info</name>
         <load_address>0xa52a</load_address>
         <run_address>0xa52a</run_address>
         <size>0x139</size>
         <input_file_ref idref="fl-cd"/>
      </object_component>
      <object_component id="oc-39a">
         <name>.debug_info</name>
         <load_address>0xa663</load_address>
         <run_address>0xa663</run_address>
         <size>0x139</size>
         <input_file_ref idref="fl-ce"/>
      </object_component>
      <object_component id="oc-3a9">
         <name>.debug_info</name>
         <load_address>0xa79c</load_address>
         <run_address>0xa79c</run_address>
         <size>0x12d</size>
         <input_file_ref idref="fl-cf"/>
      </object_component>
      <object_component id="oc-3b4">
         <name>.debug_info</name>
         <load_address>0xa8c9</load_address>
         <run_address>0xa8c9</run_address>
         <size>0x12b</size>
         <input_file_ref idref="fl-d0"/>
      </object_component>
      <object_component id="oc-3c">
         <name>.debug_info</name>
         <load_address>0xa9f4</load_address>
         <run_address>0xa9f4</run_address>
         <size>0x118</size>
         <input_file_ref idref="fl-d1"/>
      </object_component>
      <object_component id="oc-394">
         <name>.debug_info</name>
         <load_address>0xab0c</load_address>
         <run_address>0xab0c</run_address>
         <size>0x133</size>
         <input_file_ref idref="fl-d2"/>
      </object_component>
      <object_component id="oc-94">
         <name>.debug_info</name>
         <load_address>0xac3f</load_address>
         <run_address>0xac3f</run_address>
         <size>0x146</size>
         <input_file_ref idref="fl-d3"/>
      </object_component>
      <object_component id="oc-92">
         <name>.debug_info</name>
         <load_address>0xad85</load_address>
         <run_address>0xad85</run_address>
         <size>0x2d3</size>
         <input_file_ref idref="fl-d4"/>
      </object_component>
      <object_component id="oc-4a">
         <name>.debug_info</name>
         <load_address>0xb058</load_address>
         <run_address>0xb058</run_address>
         <size>0x1d1</size>
         <input_file_ref idref="fl-d4"/>
      </object_component>
      <object_component id="oc-8d">
         <name>.debug_info</name>
         <load_address>0xb229</load_address>
         <run_address>0xb229</run_address>
         <size>0x46</size>
         <input_file_ref idref="fl-d4"/>
      </object_component>
      <object_component id="oc-46">
         <name>.debug_info</name>
         <load_address>0xb26f</load_address>
         <run_address>0xb26f</run_address>
         <size>0x2a7</size>
         <input_file_ref idref="fl-d5"/>
      </object_component>
      <object_component id="oc-19">
         <name>.debug_info</name>
         <load_address>0xb516</load_address>
         <run_address>0xb516</run_address>
         <size>0x1e9</size>
         <input_file_ref idref="fl-d5"/>
      </object_component>
      <object_component id="oc-41">
         <name>.debug_info</name>
         <load_address>0xb6ff</load_address>
[...]
         <value>0x1a69</value>
         <object_component_ref idref="oc-3b8"/>
      </symbol>
      <symbol id="sm-356">
         <name>__aeabi_dadd</name>
         <value>0x1a73</value>
         <object_component_ref idref="oc-3b8"/>
      </symbol>
      <symbol id="sm-378">
         <name>__aeabi_cdcmpeq</name>
         <value>0x2d63</value>
         <object_component_ref idref="oc-318"/>
      </symbol>
      <symbol id="sm-379">
         <name>__aeabi_cdcmple</name>
         <value>0x2d63</value>
         <object_component_ref idref="oc-318"/>
      </symbol>
      <symbol id="sm-37a">
         <name>__aeabi_cdrcmple</name>
         <value>0x2de9</value>
         <object_component_ref idref="oc-3a3"/>
      </symbol>
      <symbol id="sm-38e">
         <name>__aeabi_ddiv</name>
         <value>0x1edd</value>
         <object_component_ref idref="oc-39e"/>
      </symbol>
      <symbol id="sm-399">
         <name>__aeabi_dmul</name>
         <value>0x25a5</value>
         <object_component_ref idref="oc-399"/>
      </symbol>
      <symbol id="sm-3a3">
         <name>__aeabi_d2iz</name>
         <value>0x3841</value>
         <object_component_ref idref="oc-3a8"/>
      </symbol>
      <symbol id="sm-3ad">
         <name>__aeabi_i2d</name>
         <value>0x3c1b</value>
         <object_component_ref idref="oc-3b3"/>
      </symbol>
      <symbol id="sm-3c8">
         <name>memcpy</name>
         <value>0x2b1f</value>
         <object_component_ref idref="oc-3b"/>
      </symbol>
      <symbol id="sm-3c9">
         <name>__aeabi_memcpy</name>
         <value>0x2b1f</value>
         <object_component_ref idref="oc-3b"/>
      </symbol>
      <symbol id="sm-3ca">
         <name>__aeabi_memcpy8</name>
         <value>0x2b1f</value>
         <object_component_ref idref="oc-3b"/>
      </symbol>
      <symbol id="sm-3cb">
         <name>__aeabi_memcpy4</name>
         <value>0x2b1f</value>
         <object_component_ref idref="oc-3b"/>
      </symbol>
      <symbol id="sm-3d8">
         <name>__aeabi_uldivmod</name>
         <value>0x2bbb</value>
         <object_component_ref idref="oc-392"/>
      </symbol>
      <symbol id="sm-3e7">
         <name>__aeabi_memset</name>
         <value>0x2e71</value>
         <object_component_ref idref="oc-93"/>
      </symbol>
      <symbol id="sm-3e8">
         <name>memset</name>
         <value>0x2e77</value>
         <object_component_ref idref="oc-93"/>
      </symbol>
      <symbol id="sm-3e9">
         <name>__aeabi_memset8</name>
         <value>0x2e71</value>
         <object_component_ref idref="oc-93"/>
      </symbol>
      <symbol id="sm-3ea">
         <name>__aeabi_memset4</name>
         <value>0x2e71</value>
         <object_component_ref idref="oc-93"/>
      </symbol>
      <symbol id="sm-3eb">
         <name>__aeabi_memclr8</name>
         <value>0x2e6f</value>
         <object_component_ref idref="oc-93"/>
      </symbol>
      <symbol id="sm-3ec">
         <name>__aeabi_memclr4</name>
         <value>0x2e6f</value>
         <object_component_ref idref="oc-93"/>
      </symbol>
      <symbol id="sm-3ed">
         <name>__aeabi_memclr</name>
         <value>0x2e6f</value>
         <object_component_ref idref="oc-93"/>
      </symbol>
      <symbol id="sm-401">
         <name>__TI_zero_init_nomemset</name>
         <value>0x3dbd</value>
         <object_component_ref idref="oc-47"/>
      </symbol>
      <symbol id="sm-418">
         <name>__TI_decompress_none</name>
         <value>0x3f3d</value>
         <object_component_ref idref="oc-18"/>
      </symbol>
      <symbol id="sm-43b">
         <name>__TI_decompress_lzss</name>
         <value>0x3179</value>
         <object_component_ref idref="oc-12"/>
      </symbol>
      <symbol id="sm-461">
         <name>C$$EXIT</name>
         <value>0x3fa1</value>
         <object_component_ref idref="oc-121"/>
      </symbol>
      <symbol id="sm-462">
         <name>abort</name>
         <value>0x3fa1</value>
         <object_component_ref idref="oc-121"/>
      </symbol>
      <symbol id="sm-463">
         <name>__TI_dtors_ptr</name>
         <value>0x200081d8</value>
         <object_component_ref idref="oc-1d6"/>
      </symbol>
      <symbol id="sm-464">
         <name>__TI_cleanup_ptr</name>
         <value>0x200081d4</value>
         <object_component_ref idref="oc-1d6"/>
      </symbol>
      <symbol id="sm-465">
         <name>__TI_enable_exit_profile_output</name>
         <value>0x200081dc</value>
         <object_component_ref idref="oc-1d6"/>
      </symbol>
      <symbol id="sm-466">
         <name>exit</name>
         <value>0x37f9</value>
         <object_component_ref idref="oc-127"/>
      </symbol>
      <symbol id="sm-47b">
         <name>_nop</name>
         <value>0xc57</value>
         <object_component_ref idref="oc-2b6"/>
      </symbol>
      <symbol id="sm-47c">
         <name>_lock</name>
         <value>0x200081e0</value>
         <object_component_ref idref="oc-1d9"/>
      </symbol>
      <symbol id="sm-47d">
         <name>_unlock</name>
         <value>0x200081e4</value>
         <object_component_ref idref="oc-1d9"/>
      </symbol>
      <symbol id="sm-493">
         <name>atoi</name>
         <value>0x3685</value>
         <object_component_ref idref="oc-30c"/>
      </symbol>
      <symbol id="sm-49e">
         <name>_ctypes_</name>
         <value>0x43bc</value>
         <object_component_ref idref="oc-38d"/>
      </symbol>
      <symbol id="sm-4b3">
         <name>__TI_tmpnams</name>
         <value>0x20008b18</value>
      </symbol>
      <symbol id="sm-4b4">
         <name>__aeabi_stdout</name>
         <value>0x200081cc</value>
         <object_component_ref idref="oc-4e2"/>
      </symbol>
      <symbol id="sm-4b5">
         <name>__aeabi_stderr</name>
         <value>0x200081d0</value>
         <object_component_ref idref="oc-4e2"/>
      </symbol>
      <symbol id="sm-4b6">
         <name>__aeabi_stdin</name>
         <value>0x200081c8</value>
         <object_component_ref idref="oc-4e2"/>
      </symbol>
      <symbol id="sm-4b7">
         <name>_ftable</name>
         <value>0x2000800c</value>
         <object_component_ref idref="oc-27c"/>
      </symbol>
      <symbol id="sm-4b8">
         <name>__TI_ft_end</name>
         <value>0x200081c4</value>
         <object_component_ref idref="oc-4e2"/>
      </symbol>
      <symbol id="sm-4c7">
         <name>ltoa</name>
         <value>0x3593</value>
         <object_component_ref idref="oc-3ad"/>
      </symbol>
      <symbol id="sm-4d7">
         <name>memccpy</name>
         <value>0x3df5</value>
         <object_component_ref idref="oc-335"/>
      </symbol>
      <symbol id="sm-4e7">
         <name>memchr</name>
         <value>0x3d61</value>
         <object_component_ref idref="oc-40d"/>
      </symbol>
      <symbol id="sm-570">
         <name>_sys_memory</name>
         <value>0x20008c58</value>
         <object_component_ref idref="oc-21"/>
      </symbol>
      <symbol id="sm-571">
         <name>free</name>
         <value>0x26a1</value>
         <object_component_ref idref="oc-493"/>
      </symbol>
      <symbol id="sm-572">
         <name>memalign</name>
         <value>0x2269</value>
         <object_component_ref idref="oc-4d5"/>
      </symbol>
      <symbol id="sm-573">
         <name>malloc</name>
         <value>0x3f85</value>
         <object_component_ref idref="oc-499"/>
      </symbol>
      <symbol id="sm-574">
         <name>aligned_alloc</name>
         <value>0x2269</value>
         <object_component_ref idref="oc-4d5"/>
      </symbol>
      <symbol id="sm-584">
         <name>strchr</name>
         <value>0x3ea9</value>
         <object_component_ref idref="oc-3e4"/>
      </symbol>
      <symbol id="sm-592">
         <name>strlen</name>
         <value>0x3ed3</value>
         <object_component_ref idref="oc-306"/>
      </symbol>
      <symbol id="sm-5ac">
         <name>write</name>
         <value>0x3cf1</value>
         <object_component_ref idref="oc-419"/>
      </symbol>
      <symbol id="sm-5bd">
         <name>_stream</name>
         <value>0x20008174</value>
         <object_component_ref idref="oc-471"/>
      </symbol>
      <symbol id="sm-5be">
         <name>_device</name>
         <value>0x200080fc</value>
         <object_component_ref idref="oc-4b2"/>
      </symbol>
      <symbol id="sm-5d1">
         <name>__stack</name>
         <value>0x200081f8</value>
         <object_component_ref idref="oc-24"/>
      </symbol>
      <symbol id="sm-5d2">
         <name>_c_int00_noargs</name>
         <value>0x3b59</value>
         <object_component_ref idref="oc-59"/>
      </symbol>
      <symbol id="sm-5e8">
         <name>__aeabi_errno_addr</name>
         <value>0x3f7d</value>
         <object_component_ref idref="oc-341"/>
      </symbol>
      <symbol id="sm-5e9">
         <name>errno</name>
         <value>0x200081f4</value>
         <object_component_ref idref="oc-3f4"/>
      </symbol>
      <symbol id="sm-602">
         <name>wcslen</name>
         <value>0x3ef9</value>
         <object_component_ref idref="oc-33b"/>
      </symbol>
      <symbol id="sm-622">
         <name>frexpl</name>
         <value>0x3249</value>
         <object_component_ref idref="oc-3d8"/>
      </symbol>
      <symbol id="sm-623">
         <name>frexp</name>
         <value>0x3249</value>
         <object_component_ref idref="oc-3d8"/>
      </symbol>
      <symbol id="sm-640">
         <name>scalbn</name>
         <value>0x2495</value>
         <object_component_ref idref="oc-3de"/>
      </symbol>
      <symbol id="sm-641">
         <name>scalbnl</name>
         <value>0x2495</value>
         <object_component_ref idref="oc-3de"/>
      </symbol>
      <symbol id="sm-642">
         <name>ldexpl</name>
         <value>0x2495</value>
         <object_component_ref idref="oc-3de"/>
      </symbol>
      <symbol id="sm-643">
         <name>ldexp</name>
         <value>0x2495</value>
         <object_component_ref idref="oc-3de"/>
      </symbol>
      <symbol id="sm-653">
         <name>__TI_doflush</name>
         <value>0x3639</value>
         <object_component_ref idref="oc-413"/>
      </symbol>
      <symbol id="sm-663">
         <name>__TI_cleanup</name>
         <value>0x3af1</value>
         <object_component_ref idref="oc-49f"/>
      </symbol>
      <symbol id="sm-675">
         <name>fseek</name>
         <value>0x32ad</value>
         <object_component_ref idref="oc-45f"/>
      </symbol>
      <symbol id="sm-67f">
         <name>__aeabi_idiv0</name>
         <value>0x1693</value>
         <object_component_ref idref="oc-42a"/>
      </symbol>
      <symbol id="sm-680">
         <name>__aeabi_ldiv0</name>
         <value>0x1693</value>
         <object_component_ref idref="oc-42a"/>
      </symbol>
      <symbol id="sm-6a8">
         <name>__TI_auto_init_nobinit_nopinit</name>
         <value>0x3911</value>
         <object_component_ref idref="oc-12d"/>
      </symbol>
      <symbol id="sm-6b2">
         <name>_system_pre_init</name>
         <value>0x3f9d</value>
         <object_component_ref idref="oc-99"/>
      </symbol>
      <symbol id="sm-6c5">
         <name>HOSTclose</name>
         <value>0x3889</value>
         <object_component_ref idref="oc-4ee"/>
      </symbol>
      <symbol id="sm-6d6">
         <name>HOSTlseek</name>
         <value>0x3111</value>
         <object_component_ref idref="oc-500"/>
      </symbol>
      <symbol id="sm-6e8">
         <name>parmbuf</name>
         <value>0x20008c48</value>
      </symbol>
      <symbol id="sm-6e9">
         <name>HOSTopen</name>
         <value>0x3375</value>
         <object_component_ref idref="oc-4e8"/>
      </symbol>
      <symbol id="sm-6fa">
         <name>HOSTread</name>
         <value>0x348d</value>
         <object_component_ref idref="oc-4f4"/>
      </symbol>
      <symbol id="sm-70b">
         <name>HOSTrename</name>
         <value>0x303d</value>
         <object_component_ref idref="oc-50c"/>
      </symbol>
      <symbol id="sm-71c">
         <name>HOSTunlink</name>
         <value>0x38cd</value>
         <object_component_ref idref="oc-506"/>
      </symbol>
      <symbol id="sm-72d">
         <name>HOSTwrite</name>
         <value>0x34e5</value>
         <object_component_ref idref="oc-4fa"/>
      </symbol>
      <symbol id="sm-751">
         <name>__TI_readmsg</name>
         <value>0x3b25</value>
         <object_component_ref idref="oc-53b"/>
      </symbol>
      <symbol id="sm-752">
         <name>C$$IO$$</name>
         <value>0x3a7b</value>
         <object_component_ref idref="oc-535"/>
      </symbol>
      <symbol id="sm-753">
         <name>__CIOBUF_</name>
         <value>0x200089f8</value>
         <object_component_ref idref="oc-566"/>
      </symbol>
      <symbol id="sm-754">
         <name>__TI_writemsg</name>
         <value>0x3a4d</value>
         <object_component_ref idref="oc-535"/>
      </symbol>
      <symbol id="sm-765">
         <name>lseek</name>
         <value>0x3cc9</value>
         <object_component_ref idref="oc-48b"/>
      </symbol>
      <symbol id="sm-76f">
         <name>copysign</name>
         <value>0x3e11</value>
         <object_component_ref idref="oc-443"/>
      </symbol>
      <symbol id="sm-770">
         <name>copysignl</name>
         <value>0x3e11</value>
         <object_component_ref idref="oc-443"/>
      </symbol>
      <symbol id="sm-785">
         <name>__TI_closefile</name>
         <value>0x2ee9</value>
         <object_component_ref idref="oc-4dc"/>
      </symbol>
      <symbol id="sm-7a8">
         <name>finddevice</name>
         <value>0x3bbd</value>
         <object_component_ref idref="oc-584"/>
      </symbol>
      <symbol id="sm-7a9">
         <name>getdevice</name>
         <value>0x3955</value>
         <object_component_ref idref="oc-55c"/>
      </symbol>
      <symbol id="sm-7b8">
         <name>strcmp</name>
         <value>0x3e7b</value>
         <object_component_ref idref="oc-59b"/>
      </symbol>
      <symbol id="sm-7c6">
         <name>strcpy</name>
         <value>0x3ebf</value>
         <object_component_ref idref="oc-54f"/>
      </symbol>
      <symbol id="sm-7d6">
         <name>strncpy</name>
         <value>0x3a85</value>
         <object_component_ref idref="oc-57e"/>
      </symbol>
      <symbol id="sm-7eb">
         <name>close</name>
         <value>0x33d5</value>
         <object_component_ref idref="oc-524"/>
      </symbol>
      <symbol id="sm-7fb">
         <name>unlink</name>
         <value>0x3c49</value>
         <object_component_ref idref="oc-52a"/>
      </symbol>
      <symbol id="sm-820">
         <name>GrContextInit</name>
         <value>0x30a9</value>
         <object_component_ref idref="oc-fd"/>
      </symbol>
      <symbol id="sm-821">
         <name>g_psDefaultCodePointMapTable</name>
         <value>0x46dc</value>
         <object_component_ref idref="oc-19b"/>
      </symbol>
      <symbol id="sm-82f">
         <name>GrRectFill</name>
         <value>0x2cdd</value>
         <object_component_ref idref="oc-10f"/>
      </symbol>
      <symbol id="sm-8be">
         <name>GrFontInfoGet</name>
         <value>0x3d19</value>
         <object_component_ref idref="oc-242"/>
      </symbol>
      <symbol id="sm-8bf">
         <name>GrDefaultStringRenderer</name>
         <value>0x2861</value>
         <object_component_ref idref="oc-195"/>
      </symbol>
      <symbol id="sm-8c0">
         <name>GrFontGlyphRender</name>
         <value>0x143d</value>
         <object_component_ref idref="oc-254"/>
      </symbol>
      <symbol id="sm-8c1">
         <name>GrContextFontSet</name>
         <value>0x3f8d</value>
         <object_component_ref idref="oc-106"/>
      </symbol>
      <symbol id="sm-8c2">
         <name>GrFontGlyphDataGet</name>
         <value>0x3d3f</value>
         <object_component_ref idref="oc-24e"/>
      </symbol>
      <symbol id="sm-8c3">
         <name>GrStringDraw</name>
         <value>0x3e93</value>
         <object_component_ref idref="oc-1cc"/>
      </symbol>
      <symbol id="sm-8c4">
         <name>GrFontCodepageGet</name>
         <value>0x3d81</value>
         <object_component_ref idref="oc-269"/>
      </symbol>
      <symbol id="sm-8c5">
         <name>GrStringNextCharGet</name>
         <value>0x3bed</value>
         <object_component_ref idref="oc-248"/>
      </symbol>
      <symbol id="sm-8d7">
         <name>g_sFontFixed6x8</name>
         <value>0x44c0</value>
         <object_component_ref idref="oc-103"/>
      </symbol>
      <symbol id="sm-8e4">
         <name>GrMapISO8859_1_Unicode</name>
         <value>0x3f6b</value>
         <object_component_ref idref="oc-25b"/>
      </symbol>
      <symbol id="sm-8fc">
         <name>FPULazyStackingEnable</name>
         <value>0x3f1d</value>
         <object_component_ref idref="oc-e5"/>
      </symbol>
      <symbol id="sm-8fd">
         <name>FPUEnable</name>
         <value>0x3f0d</value>
         <object_component_ref idref="oc-df"/>
      </symbol>
      <symbol id="sm-93f">
         <name>GPIOPinConfigure</name>
         <value>0x3769</value>
         <object_component_ref idref="oc-234"/>
      </symbol>
      <symbol id="sm-940">
         <name>GPIOPinTypeGPIOOutput</name>
         <value>0x3e4b</value>
         <object_component_ref idref="oc-23a"/>
      </symbol>
      <symbol id="sm-941">
         <name>GPIODirModeSet</name>
         <value>0x3c75</value>
         <object_component_ref idref="oc-2df"/>
      </symbol>
      <symbol id="sm-942">
         <name>GPIOPinWrite</name>
         <value>0x3e2b</value>
         <object_component_ref idref="oc-216"/>
      </symbol>
      <symbol id="sm-943">
         <name>GPIOPadConfigSet</name>
         <value>0x2013</value>
         <object_component_ref idref="oc-2e5"/>
      </symbol>
      <symbol id="sm-944">
         <name>GPIOPinTypeSSI</name>
         <value>0x3ee7</value>
         <object_component_ref idref="oc-22e"/>
      </symbol>
      <symbol id="sm-94f">
         <name>IntMasterDisable</name>
         <value>0x3f2d</value>
         <object_component_ref idref="oc-d9"/>
      </symbol>
      <symbol id="sm-976">
         <name>SSIDataPut</name>
         <value>0x3f57</value>
         <object_component_ref idref="oc-20a"/>
      </symbol>
      <symbol id="sm-977">
         <name>SSIConfigSetExpClk</name>
         <value>0x39d7</value>
         <object_component_ref idref="oc-222"/>
      </symbol>
      <symbol id="sm-978">
         <name>SSIEnable</name>
         <value>0x3f61</value>
         <object_component_ref idref="oc-228"/>
      </symbol>
      <symbol id="sm-979">
         <name>SSIBusy</name>
         <value>0x3f73</value>
         <object_component_ref idref="oc-210"/>
      </symbol>
      <symbol id="sm-9e9">
         <name>SysCtlDelay</name>
         <value>0x3f93</value>
         <object_component_ref idref="oc-191"/>
      </symbol>
      <symbol id="sm-9ea">
         <name>SysCtlPeripheralEnable</name>
         <value>0x3abd</value>
         <object_component_ref idref="oc-21c"/>
      </symbol>
      <symbol id="sm-9eb">
         <name>SysCtlClockFreqSet</name>
         <value>0x1695</value>
         <object_component_ref idref="oc-eb"/>
      </symbol>
      <symbol id="sm-9f6">
         <name>CPUcpsid</name>
         <value>0x3f4b</value>
         <object_component_ref idref="oc-161"/>
      </symbol>
      <symbol id="sm-9f7">
         <name>__TI_static_base__</name>
         <value>0x0</value>
      </symbol>
      <symbol id="sm-9fa">
         <name>__mpu_init</name>
         <value>0x0</value>
      </symbol>
      <symbol id="sm-9fb">
         <name>_system_post_cinit</name>
         <value>0x0</value>
      </symbol>
      <symbol id="sm-9fc">
         <name>remove</name>
         <value>0x3c49</value>
      </symbol>
   </symbol_table>
   <title>Link errors: red sections failed placement</title>
</link_info>
