<?xml version="1.0" encoding="ISO-8859-1" ?>
<link_info>
   <banner>TI ARM Linker PC v18.12.4.LTS</banner>
   <copyright>Copyright (c) 1996-2018 Texas Instruments Incorporated</copyright>
   <link_time>0x5e7b5e5c</link_time>
   <link_errors>0x0</link_errors>
   <output_file>ece3849d20_lab0_jemushatt.out</output_file>
   <entry_point>
      <name>_c_int00_noargs</name>
      <address>0x39dd</address>
   </entry_point>
   <input_file_list>
      <input_file id="fl-2">
         <path>.\</path>
         <kind>object</kind>
         <file>Crystalfontz128x128_ST7735.obj</file>
         <name>Crystalfontz128x128_ST7735.obj</name>
      </input_file>
      <input_file id="fl-3">
         <path>.\</path>
         <kind>object</kind>
         <file>HAL_EK_TM4C1294XL_Crystalfontz128x128_ST7735.obj</file>
         <name>HAL_EK_TM4C1294XL_Crystalfontz128x128_ST7735.obj</name>
      </input_file>
      <input_file id="fl-4">
         <path>.\</path>
         <kind>object</kind>
         <file>buttons.obj</file>
         <name>buttons.obj</name>
      </input_file>
      <input_file id="fl-5">
         <path>.\</path>
         <kind>object</kind>
         <file>main.obj</file>
         <name>main.obj</name>
      </input_file>
      <input_file id="fl-6">
         <path>.\</path>
         <kind>object</kind>
         <file>sysctl_pll.obj</file>
         <name>sysctl_pll.obj</name>
      </input_file>
      <input_file id="fl-7">
         <path>.\</path>
         <kind>object</kind>
         <file>time_display.obj</file>
         <name>time_display.obj</name>
      </input_file>
      <input_file id="fl-8">
         <path>.\</path>
         <kind>object</kind>
         <file>tm4c1294ncpdt_startup_ccs.obj</file>
         <name>tm4c1294ncpdt_startup_ccs.obj</name>
      </input_file>
      <input_file id="fl-e">
         <kind>object</kind>
         <file>&lt;internal&gt;</file>
         <name>&lt;internal&gt;</name>
      </input_file>
      <input_file id="fl-c4">
         <path>C:\ti\ccs930\ccs\tools\compiler\ti-cgt-arm_18.12.4.LTS\lib\</path>
         <kind>archive</kind>
         <file>rtsv7M4_T_le_v4SPD16_eabi.lib</file>
         <name>printf.c.obj</name>
      </input_file>
      <input_file id="fl-c5">
         <path>C:\ti\ccs930\ccs\tools\compiler\ti-cgt-arm_18.12.4.LTS\lib\</path>
         <kind>archive</kind>
         <file>rtsv7M4_T_le_v4SPD16_eabi.lib</file>
         <name>_printfi.c.obj</name>
      </input_file>
      <input_file id="fl-c6">
         <path>C:\ti\ccs930\ccs\tools\compiler\ti-cgt-arm_18.12.4.LTS\lib\</path>
         <kind>archive</kind>
         <file>rtsv7M4_T_le_v4SPD16_eabi.lib</file>
         <name>snprintf.c.obj</name>
      </input_file>
      <input_file id="fl-c7">
         <path>C:\ti\ccs930\ccs\tools\compiler\ti-cgt-arm_18.12.4.LTS\lib\</path>
         <kind>archive</kind>
         <file>rtsv7M4_T_le_v4SPD16_eabi.lib</file>
         <name>fputc.c.obj</name>
      </input_file>
      <input_file id="fl-c8">
         <path>C:\ti\ccs930\ccs\tools\compiler\ti-cgt-arm_18.12.4.LTS\lib\</path>
         <kind>archive</kind>
         <file>rtsv7M4_T_le_v4SPD16_eabi.lib</file>
         <name>fputs.c.obj</name>
      </input_file>
      <input_file id="fl-c9">
         <path>C:\ti\ccs930\ccs\tools\compiler\ti-cgt-arm_18.12.4.LTS\lib\</path>
         <kind>archive</kind>
         <file>rtsv7M4_T_le_v4SPD16_eabi.lib</file>
         <name>_io_perm.c.obj</name>
      </input_file>
      <input_file id="fl-ca">
         <path>C:\ti\ccs930\ccs\tools\compiler\ti-cgt-arm_18.12.4.LTS\lib\</path>
         <kind>archive</kind>
         <file>rtsv7M4_T_le_v4SPD16_eabi.lib</file>
         <name>setvbuf.c.obj</name>
      </input_file>
      <input_file id="fl-cb">
         <path>C:\ti\ccs930\ccs\tools\compiler\ti-cgt-arm_18.12.4.LTS\lib\</path>
         <kind>archive</kind>
         <file>rtsv7M4_T_le_v4SPD16_eabi.lib</file>
         <name>fd_add_t2.asm.obj</name>
      </input_file>
      <input_file id="fl-cc">
         <path>C:\ti\ccs930\ccs\tools\compiler\ti-cgt-arm_18.12.4.LTS\lib\</path>
         <kind>archive</kind>
         <file>rtsv7M4_T_le_v4SPD16_eabi.lib</file>
         <name>fd_cmp_t2.asm.obj</name>
      </input_file>
      <input_file id="fl-cd">
         <path>C:\ti\ccs930\ccs\tools\compiler\ti-cgt-arm_18.12.4.LTS\lib\</path>
         <kind>archive</kind>
         <file>rtsv7M4_T_le_v4SPD16_eabi.lib</file>
         <name>fd_div_t2.asm.obj</name>
      </input_file>
      <input_file id="fl-ce">
         <path>C:\ti\ccs930\ccs\tools\compiler\ti-cgt-arm_18.12.4.LTS\lib\</path>
         <kind>archive</kind>
         <file>rtsv7M4_T_le_v4SPD16_eabi.lib</file>
         <name>fd_mul_t2.asm.obj</name>
      </input_file>
      <input_file id="fl-cf">
         <path>C:\ti\ccs930\ccs\tools\compiler\ti-cgt-arm_18.12.4.LTS\lib\</path>
         <kind>archive</kind>
         <file>rtsv7M4_T_le_v4SPD16_eabi.lib</file>
         <name>fd_toi_t2.asm.obj</name>
      </input_file>
      <input_file id="fl-d0">
         <path>C:\ti\ccs930\ccs\tools\compiler\ti-cgt-arm_18.12.4.LTS\lib\</path>
         <kind>archive</kind>
         <file>rtsv7M4_T_le_v4SPD16_eabi.lib</file>
         <name>i_tofd_t2.asm.obj</name>
      </input_file>
      <input_file id="fl-d1">
         <path>C:\ti\ccs930\ccs\tools\compiler\ti-cgt-arm_18.12.4.LTS\lib\</path>
         <kind>archive</kind>
         <file>rtsv7M4_T_le_v4SPD16_eabi.lib</file>
         <name>memcpy_t2.asm.obj</name>
      </input_file>
      <input_file id="fl-d2">
         <path>C:\ti\ccs930\ccs\tools\compiler\ti-cgt-arm_18.12.4.LTS\lib\</path>
         <kind>archive</kind>
         <file>rtsv7M4_T_le_v4SPD16_eabi.lib</file>
         <name>ull_div_t2.asm.obj</name>
      </input_file>
      <input_file id="fl-d3">
         <path>C:\ti\ccs930\ccs\tools\compiler\ti-cgt-arm_18.12.4.LTS\lib\</path>
         <kind>archive</kind>
         <file>rtsv7M4_T_le_v4SPD16_eabi.lib</file>
         <name>memset_t2.asm.obj</name>
      </input_file>
      <input_file id="fl-d4">
         <path>C:\ti\ccs930\ccs\tools\compiler\ti-cgt-arm_18.12.4.LTS\lib\</path>
         <kind>archive</kind>
         <file>rtsv7M4_T_le_v4SPD16_eabi.lib</file>
         <name>copy_zero_init.c.obj</name>
      </input_file>
      <input_file id="fl-d5">
         <path>C:\ti\ccs930\ccs\tools\compiler\ti-cgt-arm_18.12.4.LTS\lib\</path>
         <kind>archive</kind>
         <file>rtsv7M4_T_le_v4SPD16_eabi.lib</file>
         <name>copy_decompress_none.c.obj</name>
      </input_file>
      <input_file id="fl-d6">
         <path>C:\ti\ccs930\ccs\tools\compiler\ti-cgt-arm_18.12.4.LTS\lib\</path>
         <kind>archive</kind>
         <file>rtsv7M4_T_le_v4SPD16_eabi.lib</file>
         <name>copy_decompress_lzss.c.obj</name>
      </input_file>
      <input_file id="fl-d7">
         <path>C:\ti\ccs930\ccs\tools\compiler\ti-cgt-arm_18.12.4.LTS\lib\</path>
         <kind>archive</kind>
         <file>rtsv7M4_T_le_v4SPD16_eabi.lib</file>
         <name>exit.c.obj</name>
      </input_file>
      <input_file id="fl-d8">
         <path>C:\ti\ccs930\ccs\tools\compiler\ti-cgt-arm_18.12.4.LTS\lib\</path>
         <kind>archive</kind>
         <file>rtsv7M4_T_le_v4SPD16_eabi.lib</file>
         <name>_lock.c.obj</name>
      </input_file>
      <input_file id="fl-d9">
         <path>C:\ti\ccs930\ccs\tools\compiler\ti-cgt-arm_18.12.4.LTS\lib\</path>
         <kind>archive</kind>
         <file>rtsv7M4_T_le_v4SPD16_eabi.lib</file>
         <name>atoi.c.obj</name>
      </input_file>
      <input_file id="fl-da">
         <path>C:\ti\ccs930\ccs\tools\compiler\ti-cgt-arm_18.12.4.LTS\lib\</path>
         <kind>archive</kind>
         <file>rtsv7M4_T_le_v4SPD16_eabi.lib</file>
         <name>ctype.c.obj</name>
      </input_file>
      <input_file id="fl-db">
         <path>C:\ti\ccs930\ccs\tools\compiler\ti-cgt-arm_18.12.4.LTS\lib\</path>
         <kind>archive</kind>
         <file>rtsv7M4_T_le_v4SPD16_eabi.lib</file>
         <name>defs.c.obj</name>
      </input_file>
      <input_file id="fl-dc">
         <path>C:\ti\ccs930\ccs\tools\compiler\ti-cgt-arm_18.12.4.LTS\lib\</path>
         <kind>archive</kind>
         <file>rtsv7M4_T_le_v4SPD16_eabi.lib</file>
         <name>ltoa.c.obj</name>
      </input_file>
      <input_file id="fl-dd">
         <path>C:\ti\ccs930\ccs\tools\compiler\ti-cgt-arm_18.12.4.LTS\lib\</path>
         <kind>archive</kind>
         <file>rtsv7M4_T_le_v4SPD16_eabi.lib</file>
         <name>memccpy.c.obj</name>
      </input_file>
      <input_file id="fl-de">
         <path>C:\ti\ccs930\ccs\tools\compiler\ti-cgt-arm_18.12.4.LTS\lib\</path>
         <kind>archive</kind>
         <file>rtsv7M4_T_le_v4SPD16_eabi.lib</file>
         <name>memchr.c.obj</name>
      </input_file>
      <input_file id="fl-df">
         <path>C:\ti\ccs930\ccs\tools\compiler\ti-cgt-arm_18.12.4.LTS\lib\</path>
         <kind>archive</kind>
         <file>rtsv7M4_T_le_v4SPD16_eabi.lib</file>
         <name>memory.c.obj</name>
      </input_file>
      <input_file id="fl-e0">
         <path>C:\ti\ccs930\ccs\tools\compiler\ti-cgt-arm_18.12.4.LTS\lib\</path>
         <kind>archive</kind>
         <file>rtsv7M4_T_le_v4SPD16_eabi.lib</file>
         <name>strchr.c.obj</name>
      </input_file>
      <input_file id="fl-e1">
         <path>C:\ti\ccs930\ccs\tools\compiler\ti-cgt-arm_18.12.4.LTS\lib\</path>
         <kind>archive</kind>
         <file>rtsv7M4_T_le_v4SPD16_eabi.lib</file>
         <name>strlen.c.obj</name>
      </input_file>
      <input_file id="fl-e2">
         <path>C:\ti\ccs930\ccs\tools\compiler\ti-cgt-arm_18.12.4.LTS\lib\</path>
         <kind>archive</kind>
         <file>rtsv7M4_T_le_v4SPD16_eabi.lib</file>
         <name>write.c.obj</name>
      </input_file>
      <input_file id="fl-e3">
         <path>C:\ti\ccs930\ccs\tools\compiler\ti-cgt-arm_18.12.4.LTS\lib\</path>
         <kind>archive</kind>
         <file>rtsv7M4_T_le_v4SPD16_eabi.lib</file>
         <name>host_device.c.obj</name>
      </input_file>
      <input_file id="fl-e4">
         <path>C:\ti\ccs930\ccs\tools\compiler\ti-cgt-arm_18.12.4.LTS\lib\</path>
         <kind>archive</kind>
         <file>rtsv7M4_T_le_v4SPD16_eabi.lib</file>
         <name>boot_cortex_m.c.obj</name>
      </input_file>
      <input_file id="fl-e5">
         <path>C:\ti\ccs930\ccs\tools\compiler\ti-cgt-arm_18.12.4.LTS\lib\</path>
         <kind>archive</kind>
         <file>rtsv7M4_T_le_v4SPD16_eabi.lib</file>
         <name>errno.c.obj</name>
      </input_file>
      <input_file id="fl-e6">
         <path>C:\ti\ccs930\ccs\tools\compiler\ti-cgt-arm_18.12.4.LTS\lib\</path>
         <kind>archive</kind>
         <file>rtsv7M4_T_le_v4SPD16_eabi.lib</file>
         <name>wcslen.c.obj</name>
      </input_file>
      <input_file id="fl-e7">
         <path>C:\ti\ccs930\ccs\tools\compiler\ti-cgt-arm_18.12.4.LTS\lib\</path>
         <kind>archive</kind>
         <file>rtsv7M4_T_le_v4SPD16_eabi.lib</file>
         <name>s_frexp.c.obj</name>
      </input_file>
      <input_file id="fl-e8">
         <path>C:\ti\ccs930\ccs\tools\compiler\ti-cgt-arm_18.12.4.LTS\lib\</path>
         <kind>archive</kind>
         <file>rtsv7M4_T_le_v4SPD16_eabi.lib</file>
         <name>s_scalbn.c.obj</name>
      </input_file>
      <input_file id="fl-e9">
         <path>C:\ti\ccs930\ccs\tools\compiler\ti-cgt-arm_18.12.4.LTS\lib\</path>
         <kind>archive</kind>
         <file>rtsv7M4_T_le_v4SPD16_eabi.lib</file>
         <name>fflush.c.obj</name>
      </input_file>
      <input_file id="fl-ea">
         <path>C:\ti\ccs930\ccs\tools\compiler\ti-cgt-arm_18.12.4.LTS\lib\</path>
         <kind>archive</kind>
         <file>rtsv7M4_T_le_v4SPD16_eabi.lib</file>
         <name>fopen.c.obj</name>
      </input_file>
      <input_file id="fl-eb">
         <path>C:\ti\ccs930\ccs\tools\compiler\ti-cgt-arm_18.12.4.LTS\lib\</path>
         <kind>archive</kind>
         <file>rtsv7M4_T_le_v4SPD16_eabi.lib</file>
         <name>fseek.c.obj</name>
      </input_file>
      <input_file id="fl-ec">
         <path>C:\ti\ccs930\ccs\tools\compiler\ti-cgt-arm_18.12.4.LTS\lib\</path>
         <kind>archive</kind>
         <file>rtsv7M4_T_le_v4SPD16_eabi.lib</file>
         <name>div0.asm.obj</name>
      </input_file>
      <input_file id="fl-ed">
         <path>C:\ti\ccs930\ccs\tools\compiler\ti-cgt-arm_18.12.4.LTS\lib\</path>
         <kind>archive</kind>
         <file>rtsv7M4_T_le_v4SPD16_eabi.lib</file>
         <name>autoinit.c.obj</name>
      </input_file>
      <input_file id="fl-ee">
         <path>C:\ti\ccs930\ccs\tools\compiler\ti-cgt-arm_18.12.4.LTS\lib\</path>
         <kind>archive</kind>
         <file>rtsv7M4_T_le_v4SPD16_eabi.lib</file>
         <name>pre_init.c.obj</name>
      </input_file>
      <input_file id="fl-ef">
         <path>C:\ti\ccs930\ccs\tools\compiler\ti-cgt-arm_18.12.4.LTS\lib\</path>
         <kind>archive</kind>
         <file>rtsv7M4_T_le_v4SPD16_eabi.lib</file>
         <name>cpy_tbl.c.obj</name>
      </input_file>
      <input_file id="fl-f0">
         <path>C:\ti\ccs930\ccs\tools\compiler\ti-cgt-arm_18.12.4.LTS\lib\</path>
         <kind>archive</kind>
         <file>rtsv7M4_T_le_v4SPD16_eabi.lib</file>
         <name>args_main.c.obj</name>
      </input_file>
      <input_file id="fl-f1">
         <path>C:\ti\ccs930\ccs\tools\compiler\ti-cgt-arm_18.12.4.LTS\lib\</path>
         <kind>archive</kind>
         <file>rtsv7M4_T_le_v4SPD16_eabi.lib</file>
         <name>hostclose.c.obj</name>
      </input_file>
      <input_file id="fl-f2">
         <path>C:\ti\ccs930\ccs\tools\compiler\ti-cgt-arm_18.12.4.LTS\lib\</path>
         <kind>archive</kind>
         <file>rtsv7M4_T_le_v4SPD16_eabi.lib</file>
         <name>hostlseek.c.obj</name>
      </input_file>
      <input_file id="fl-f3">
         <path>C:\ti\ccs930\ccs\tools\compiler\ti-cgt-arm_18.12.4.LTS\lib\</path>
         <kind>archive</kind>
         <file>rtsv7M4_T_le_v4SPD16_eabi.lib</file>
         <name>hostopen.c.obj</name>
      </input_file>
      <input_file id="fl-f4">
         <path>C:\ti\ccs930\ccs\tools\compiler\ti-cgt-arm_18.12.4.LTS\lib\</path>
         <kind>archive</kind>
         <file>rtsv7M4_T_le_v4SPD16_eabi.lib</file>
         <name>hostread.c.obj</name>
      </input_file>
      <input_file id="fl-f5">
         <path>C:\ti\ccs930\ccs\tools\compiler\ti-cgt-arm_18.12.4.LTS\lib\</path>
         <kind>archive</kind>
         <file>rtsv7M4_T_le_v4SPD16_eabi.lib</file>
         <name>hostrename.c.obj</name>
      </input_file>
      <input_file id="fl-f6">
         <path>C:\ti\ccs930\ccs\tools\compiler\ti-cgt-arm_18.12.4.LTS\lib\</path>
         <kind>archive</kind>
         <file>rtsv7M4_T_le_v4SPD16_eabi.lib</file>
         <name>hostunlink.c.obj</name>
      </input_file>
      <input_file id="fl-f7">
         <path>C:\ti\ccs930\ccs\tools\compiler\ti-cgt-arm_18.12.4.LTS\lib\</path>
         <kind>archive</kind>
         <file>rtsv7M4_T_le_v4SPD16_eabi.lib</file>
         <name>hostwrite.c.obj</name>
      </input_file>
      <input_file id="fl-f8">
         <path>C:\ti\ccs930\ccs\tools\compiler\ti-cgt-arm_18.12.4.LTS\lib\</path>
         <kind>archive</kind>
         <file>rtsv7M4_T_le_v4SPD16_eabi.lib</file>
         <name>trgmsg.c.obj</name>
      </input_file>
      <input_file id="fl-f9">
         <path>C:\ti\ccs930\ccs\tools\compiler\ti-cgt-arm_18.12.4.LTS\lib\</path>
         <kind>archive</kind>
         <file>rtsv7M4_T_le_v4SPD16_eabi.lib</file>
         <name>open.c.obj</name>
      </input_file>
      <input_file id="fl-fa">
         <path>C:\ti\ccs930\ccs\tools\compiler\ti-cgt-arm_18.12.4.LTS\lib\</path>
         <kind>archive</kind>
         <file>rtsv7M4_T_le_v4SPD16_eabi.lib</file>
         <name>lseek.c.obj</name>
      </input_file>
      <input_file id="fl-fb">
         <path>C:\ti\ccs930\ccs\tools\compiler\ti-cgt-arm_18.12.4.LTS\lib\</path>
         <kind>archive</kind>
         <file>rtsv7M4_T_le_v4SPD16_eabi.lib</file>
         <name>s_copysign.c.obj</name>
      </input_file>
      <input_file id="fl-fc">
         <path>C:\ti\ccs930\ccs\tools\compiler\ti-cgt-arm_18.12.4.LTS\lib\</path>
         <kind>archive</kind>
         <file>rtsv7M4_T_le_v4SPD16_eabi.lib</file>
         <name>fclose.c.obj</name>
      </input_file>
      <input_file id="fl-fd">
         <path>C:\ti\ccs930\ccs\tools\compiler\ti-cgt-arm_18.12.4.LTS\lib\</path>
         <kind>archive</kind>
         <file>rtsv7M4_T_le_v4SPD16_eabi.lib</file>
         <name>getdevice.c.obj</name>
      </input_file>
      <input_file id="fl-fe">
         <path>C:\ti\ccs930\ccs\tools\compiler\ti-cgt-arm_18.12.4.LTS\lib\</path>
         <kind>archive</kind>
         <file>rtsv7M4_T_le_v4SPD16_eabi.lib</file>
         <name>strcmp.c.obj</name>
      </input_file>
      <input_file id="fl-ff">
         <path>C:\ti\ccs930\ccs\tools\compiler\ti-cgt-arm_18.12.4.LTS\lib\</path>
         <kind>archive</kind>
         <file>rtsv7M4_T_le_v4SPD16_eabi.lib</file>
         <name>strcpy.c.obj</name>
      </input_file>
      <input_file id="fl-100">
         <path>C:\ti\ccs930\ccs\tools\compiler\ti-cgt-arm_18.12.4.LTS\lib\</path>
         <kind>archive</kind>
         <file>rtsv7M4_T_le_v4SPD16_eabi.lib</file>
         <name>strncpy.c.obj</name>
      </input_file>
      <input_file id="fl-101">
         <path>C:\ti\ccs930\ccs\tools\compiler\ti-cgt-arm_18.12.4.LTS\lib\</path>
         <kind>archive</kind>
         <file>rtsv7M4_T_le_v4SPD16_eabi.lib</file>
         <name>remove.c.obj</name>
      </input_file>
      <input_file id="fl-102">
         <path>C:\ti\ccs930\ccs\tools\compiler\ti-cgt-arm_18.12.4.LTS\lib\</path>
         <kind>archive</kind>
         <file>rtsv7M4_T_le_v4SPD16_eabi.lib</file>
         <name>close.c.obj</name>
      </input_file>
      <input_file id="fl-103">
         <path>C:\ti\ccs930\ccs\tools\compiler\ti-cgt-arm_18.12.4.LTS\lib\</path>
         <kind>archive</kind>
         <file>rtsv7M4_T_le_v4SPD16_eabi.lib</file>
         <name>unlink.c.obj</name>
      </input_file>
      <input_file id="fl-104">
         <path>C:\ti\tirtos_tivac_2_16_01_14\products\TivaWare_C_Series-2.1.1.71b\grlib\ccs\Debug\</path>
         <kind>archive</kind>
         <file>grlib.lib</file>
         <name>context.obj</name>
      </input_file>
      <input_file id="fl-105">
         <path>C:\ti\tirtos_tivac_2_16_01_14\products\TivaWare_C_Series-2.1.1.71b\grlib\ccs\Debug\</path>
         <kind>archive</kind>
         <file>grlib.lib</file>
         <name>rectangle.obj</name>
      </input_file>
      <input_file id="fl-106">
         <path>C:\ti\tirtos_tivac_2_16_01_14\products\TivaWare_C_Series-2.1.1.71b\grlib\ccs\Debug\</path>
         <kind>archive</kind>
         <file>grlib.lib</file>
         <name>string.obj</name>
      </input_file>
      <input_file id="fl-107">
         <path>C:\ti\tirtos_tivac_2_16_01_14\products\TivaWare_C_Series-2.1.1.71b\grlib\ccs\Debug\</path>
         <kind>archive</kind>
         <file>grlib.lib</file>
         <name>fontfixed6x8.obj</name>
      </input_file>
      <input_file id="fl-108">
         <path>C:\ti\tirtos_tivac_2_16_01_14\products\TivaWare_C_Series-2.1.1.71b\grlib\ccs\Debug\</path>
         <kind>archive</kind>
         <file>grlib.lib</file>
         <name>charmap.obj</name>
      </input_file>
      <input_file id="fl-109">
         <path>C:\ti\tirtos_tivac_2_16_01_14\products\TivaWare_C_Series-2.1.1.71b\grlib\ccs\Debug\</path>
         <kind>archive</kind>
         <file>grlib.lib</file>
         <name>line.obj</name>
      </input_file>
      <input_file id="fl-10a">
         <path>C:\ti\tirtos_tivac_2_16_01_14\products\TivaWare_C_Series-2.1.1.71b\driverlib\ccs\Debug\</path>
         <kind>archive</kind>
         <file>driverlib.lib</file>
         <name>adc.obj</name>
      </input_file>
      <input_file id="fl-10b">
         <path>C:\ti\tirtos_tivac_2_16_01_14\products\TivaWare_C_Series-2.1.1.71b\driverlib\ccs\Debug\</path>
         <kind>archive</kind>
         <file>driverlib.lib</file>
         <name>fpu.obj</name>
      </input_file>
      <input_file id="fl-10c">
         <path>C:\ti\tirtos_tivac_2_16_01_14\products\TivaWare_C_Series-2.1.1.71b\driverlib\ccs\Debug\</path>
         <kind>archive</kind>
         <file>driverlib.lib</file>
         <name>gpio.obj</name>
      </input_file>
      <input_file id="fl-10d">
         <path>C:\ti\tirtos_tivac_2_16_01_14\products\TivaWare_C_Series-2.1.1.71b\driverlib\ccs\Debug\</path>
         <kind>archive</kind>
         <file>driverlib.lib</file>
         <name>interrupt.obj</name>
      </input_file>
      <input_file id="fl-10e">
         <path>C:\ti\tirtos_tivac_2_16_01_14\products\TivaWare_C_Series-2.1.1.71b\driverlib\ccs\Debug\</path>
         <kind>archive</kind>
         <file>driverlib.lib</file>
         <name>ssi.obj</name>
      </input_file>
      <input_file id="fl-10f">
         <path>C:\ti\tirtos_tivac_2_16_01_14\products\TivaWare_C_Series-2.1.1.71b\driverlib\ccs\Debug\</path>
         <kind>archive</kind>
         <file>driverlib.lib</file>
         <name>sysctl.obj</name>
      </input_file>
      <input_file id="fl-110">
         <path>C:\ti\tirtos_tivac_2_16_01_14\products\TivaWare_C_Series-2.1.1.71b\driverlib\ccs\Debug\</path>
         <kind>archive</kind>
         <file>driverlib.lib</file>
         <name>timer.obj</name>
      </input_file>
      <input_file id="fl-111">
         <path>C:\ti\tirtos_tivac_2_16_01_14\products\TivaWare_C_Series-2.1.1.71b\driverlib\ccs\Debug\</path>
         <kind>archive</kind>
         <file>driverlib.lib</file>
         <name>cpu.obj</name>
      </input_file>
   </input_file_list>
   <object_component_list>
      <object_component id="oc-f">
         <name>.intvecs</name>
         <load_address>0x0</load_address>
         <run_address>0x0</run_address>
         <size>0x208</size>
         <input_file_ref idref="fl-8"/>
      </object_component>
      <object_component id="oc-27e">
         <name>.text:__TI_printfi</name>
         <load_address>0x208</load_address>
         <run_address>0x208</run_address>
         <size>0xa4e</size>
         <input_file_ref idref="fl-c5"/>
      </object_component>
      <object_component id="oc-2b5">
         <name>.text:_nop</name>
         <load_address>0xc56</load_address>
         <run_address>0xc56</run_address>
         <size>0x2</size>
         <input_file_ref idref="fl-d8"/>
      </object_component>
      <object_component id="oc-f4">
         <name>.text</name>
         <load_address>0xc58</load_address>
         <run_address>0xc58</run_address>
         <size>0x3f0</size>
         <input_file_ref idref="fl-2"/>
      </object_component>
      <object_component id="oc-32e">
         <name>.text:_pconv_a</name>
         <load_address>0x1048</load_address>
         <run_address>0x1048</run_address>
         <size>0x270</size>
         <input_file_ref idref="fl-c5"/>
      </object_component>
      <object_component id="oc-25e">
         <name>.text:GrFontGlyphRender</name>
         <load_address>0x12b8</load_address>
         <run_address>0x12b8</run_address>
         <size>0x256</size>
         <input_file_ref idref="fl-106"/>
      </object_component>
      <object_component id="oc-429">
         <name>.text</name>
         <load_address>0x150e</load_address>
         <run_address>0x150e</run_address>
         <size>0x2</size>
         <input_file_ref idref="fl-ec"/>
      </object_component>
      <object_component id="oc-eb">
         <name>.text:SysCtlClockFreqSet</name>
         <load_address>0x1510</load_address>
         <run_address>0x1510</run_address>
         <size>0x204</size>
         <input_file_ref idref="fl-10f"/>
      </object_component>
      <object_component id="oc-31c">
         <name>.text:_pconv_g</name>
         <load_address>0x1714</load_address>
         <run_address>0x1714</run_address>
         <size>0x1d0</size>
         <input_file_ref idref="fl-c5"/>
      </object_component>
      <object_component id="oc-3b7">
         <name>.text</name>
         <load_address>0x18e4</load_address>
         <run_address>0x18e4</run_address>
         <size>0x1b6</size>
         <input_file_ref idref="fl-cb"/>
      </object_component>
      <object_component id="oc-21e">
         <name>.text:GPIOPinWrite</name>
         <load_address>0x1a9a</load_address>
         <run_address>0x1a9a</run_address>
         <size>0x6</size>
         <input_file_ref idref="fl-10c"/>
      </object_component>
      <object_component id="oc-18c">
         <name>.text</name>
         <load_address>0x1aa0</load_address>
         <run_address>0x1aa0</run_address>
         <size>0x17e</size>
         <input_file_ref idref="fl-3"/>
      </object_component>
      <object_component id="oc-328">
         <name>.text:_pconv_e</name>
         <load_address>0x1c20</load_address>
         <run_address>0x1c20</run_address>
         <size>0x13c</size>
         <input_file_ref idref="fl-c5"/>
      </object_component>
      <object_component id="oc-39d">
         <name>.text</name>
         <load_address>0x1d5c</load_address>
         <run_address>0x1d5c</run_address>
         <size>0x136</size>
         <input_file_ref idref="fl-cd"/>
      </object_component>
      <object_component id="oc-2e4">
         <name>.text:GPIOPadConfigSet</name>
         <load_address>0x1e92</load_address>
         <run_address>0x1e92</run_address>
         <size>0x130</size>
         <input_file_ref idref="fl-10c"/>
      </object_component>
      <object_component id="oc-3c9">
         <name>.text:fcvt</name>
         <load_address>0x1fc4</load_address>
         <run_address>0x1fc4</run_address>
         <size>0x124</size>
         <input_file_ref idref="fl-c5"/>
      </object_component>
      <object_component id="oc-4d4">
         <name>.text:aligned_alloc</name>
         <load_address>0x20e8</load_address>
         <run_address>0x20e8</run_address>
         <size>0x118</size>
         <input_file_ref idref="fl-df"/>
      </object_component>
      <object_component id="oc-356">
         <name>.text:fputs</name>
         <load_address>0x2200</load_address>
         <run_address>0x2200</run_address>
         <size>0x114</size>
         <input_file_ref idref="fl-c8"/>
      </object_component>
      <object_component id="oc-3dd">
         <name>.text:scalbn</name>
         <load_address>0x2314</load_address>
         <run_address>0x2314</run_address>
         <size>0x110</size>
         <input_file_ref idref="fl-e8"/>
      </object_component>
      <object_component id="oc-398">
         <name>.text</name>
         <load_address>0x2424</load_address>
         <run_address>0x2424</run_address>
         <size>0xfc</size>
         <input_file_ref idref="fl-ce"/>
      </object_component>
      <object_component id="oc-492">
         <name>.text:free</name>
         <load_address>0x2520</load_address>
         <run_address>0x2520</run_address>
         <size>0xe4</size>
         <input_file_ref idref="fl-df"/>
      </object_component>
      <object_component id="oc-464">
         <name>.text:setvbuf</name>
         <load_address>0x2604</load_address>
         <run_address>0x2604</run_address>
         <size>0xdc</size>
         <input_file_ref idref="fl-ca"/>
      </object_component>
      <object_component id="oc-1a6">
         <name>.text:GrDefaultStringRenderer</name>
         <load_address>0x26e0</load_address>
         <run_address>0x26e0</run_address>
         <size>0xc4</size>
         <input_file_ref idref="fl-106"/>
      </object_component>
      <object_component id="oc-311">
         <name>.text:_ltostr</name>
         <load_address>0x27a4</load_address>
         <run_address>0x27a4</run_address>
         <size>0xb1</size>
         <input_file_ref idref="fl-c5"/>
      </object_component>
      <object_component id="oc-9f">
         <name>.text</name>
         <load_address>0x2858</load_address>
         <run_address>0x2858</run_address>
         <size>0xa4</size>
         <input_file_ref idref="fl-5"/>
      </object_component>
      <object_component id="oc-28d">
         <name>.text:_outc</name>
         <load_address>0x28fc</load_address>
         <run_address>0x28fc</run_address>
         <size>0x4</size>
         <input_file_ref idref="fl-c4"/>
      </object_component>
      <object_component id="oc-118">
         <name>.text</name>
         <load_address>0x2900</load_address>
         <run_address>0x2900</run_address>
         <size>0xa2</size>
         <input_file_ref idref="fl-7"/>
      </object_component>
      <object_component id="oc-3b">
         <name>.text</name>
         <load_address>0x29a2</load_address>
         <run_address>0x29a2</run_address>
         <size>0x9c</size>
         <input_file_ref idref="fl-d1"/>
      </object_component>
      <object_component id="oc-391">
         <name>.text</name>
         <load_address>0x2a3e</load_address>
         <run_address>0x2a3e</run_address>
         <size>0x96</size>
         <input_file_ref idref="fl-d2"/>
      </object_component>
      <object_component id="oc-35d">
         <name>.text:fputc</name>
         <load_address>0x2ad4</load_address>
         <run_address>0x2ad4</run_address>
         <size>0x8c</size>
         <input_file_ref idref="fl-c7"/>
      </object_component>
      <object_component id="oc-112">
         <name>.text:GrRectFill</name>
         <load_address>0x2b60</load_address>
         <run_address>0x2b60</run_address>
         <size>0x86</size>
         <input_file_ref idref="fl-105"/>
      </object_component>
      <object_component id="oc-317">
         <name>.text:__aeabi_cdcmple</name>
         <load_address>0x2be6</load_address>
         <run_address>0x2be6</run_address>
         <size>0x86</size>
         <input_file_ref idref="fl-cc"/>
      </object_component>
      <object_component id="oc-3a2">
         <name>.text:__aeabi_cdrcmple</name>
         <load_address>0x2c6c</load_address>
         <run_address>0x2c6c</run_address>
         <size>0x86</size>
         <input_file_ref idref="fl-cc"/>
      </object_component>
      <object_component id="oc-93">
         <name>.text</name>
         <load_address>0x2cf2</load_address>
         <run_address>0x2cf2</run_address>
         <size>0x7a</size>
         <input_file_ref idref="fl-d3"/>
      </object_component>
      <object_component id="oc-4db">
         <name>.text:__TI_closefile</name>
         <load_address>0x2d6c</load_address>
         <run_address>0x2d6c</run_address>
         <size>0x74</size>
         <input_file_ref idref="fl-fc"/>
      </object_component>
      <object_component id="oc-51c">
         <name>.text:split</name>
         <load_address>0x2de0</load_address>
         <run_address>0x2de0</run_address>
         <size>0x70</size>
         <input_file_ref idref="fl-df"/>
      </object_component>
      <object_component id="oc-3c2">
         <name>.text:_mcpy</name>
         <load_address>0x2e50</load_address>
         <run_address>0x2e50</run_address>
         <size>0x6e</size>
         <input_file_ref idref="fl-c5"/>
      </object_component>
      <object_component id="oc-50b">
         <name>.text:HOSTrename</name>
         <load_address>0x2ec0</load_address>
         <run_address>0x2ec0</run_address>
         <size>0x6c</size>
         <input_file_ref idref="fl-f5"/>
      </object_component>
      <object_component id="oc-100">
         <name>.text:GrContextInit</name>
         <load_address>0x2f2c</load_address>
         <run_address>0x2f2c</run_address>
         <size>0x68</size>
         <input_file_ref idref="fl-104"/>
      </object_component>
      <object_component id="oc-4ff">
         <name>.text:HOSTlseek</name>
         <load_address>0x2f94</load_address>
         <run_address>0x2f94</run_address>
         <size>0x68</size>
         <input_file_ref idref="fl-f2"/>
      </object_component>
      <object_component id="oc-12">
         <name>.text:decompress:lzss:__TI_decompress_lzss</name>
         <load_address>0x2ffc</load_address>
         <run_address>0x2ffc</run_address>
         <size>0x68</size>
         <input_file_ref idref="fl-d6"/>
      </object_component>
      <object_component id="oc-1cb">
         <name>.text:printf</name>
         <load_address>0x3064</load_address>
         <run_address>0x3064</run_address>
         <size>0x68</size>
         <input_file_ref idref="fl-c4"/>
      </object_component>
      <object_component id="oc-3d7">
         <name>.text:frexp</name>
         <load_address>0x30cc</load_address>
         <run_address>0x30cc</run_address>
         <size>0x64</size>
         <input_file_ref idref="fl-e7"/>
      </object_component>
      <object_component id="oc-45e">
         <name>.text:fseek</name>
         <load_address>0x3130</load_address>
         <run_address>0x3130</run_address>
         <size>0x64</size>
         <input_file_ref idref="fl-eb"/>
      </object_component>
      <object_component id="oc-406">
         <name>.text:__TI_wrt_ok</name>
         <load_address>0x3194</load_address>
         <run_address>0x3194</run_address>
         <size>0x62</size>
         <input_file_ref idref="fl-c9"/>
      </object_component>
      <object_component id="oc-4e7">
         <name>.text:HOSTopen</name>
         <load_address>0x31f8</load_address>
         <run_address>0x31f8</run_address>
         <size>0x60</size>
         <input_file_ref idref="fl-f3"/>
      </object_component>
      <object_component id="oc-523">
         <name>.text:close</name>
         <load_address>0x3258</load_address>
         <run_address>0x3258</run_address>
         <size>0x5c</size>
         <input_file_ref idref="fl-102"/>
      </object_component>
      <object_component id="oc-2f4">
         <name>.text:FontWideGlyphDataGet</name>
         <load_address>0x32b4</load_address>
         <run_address>0x32b4</run_address>
         <size>0x5a</size>
         <input_file_ref idref="fl-106"/>
      </object_component>
      <object_component id="oc-4f3">
         <name>.text:HOSTread</name>
         <load_address>0x3310</load_address>
         <run_address>0x3310</run_address>
         <size>0x58</size>
         <input_file_ref idref="fl-f4"/>
      </object_component>
      <object_component id="oc-4f9">
         <name>.text:HOSTwrite</name>
         <load_address>0x3368</load_address>
         <run_address>0x3368</run_address>
         <size>0x58</size>
         <input_file_ref idref="fl-f7"/>
      </object_component>
      <object_component id="oc-322">
         <name>.text:_pconv_f</name>
         <load_address>0x33c0</load_address>
         <run_address>0x33c0</run_address>
         <size>0x56</size>
         <input_file_ref idref="fl-c5"/>
      </object_component>
      <object_component id="oc-3ac">
         <name>.text:ltoa</name>
         <load_address>0x3416</load_address>
         <run_address>0x3416</run_address>
         <size>0x54</size>
         <input_file_ref idref="fl-dc"/>
      </object_component>
      <object_component id="oc-3bc">
         <name>.text:_ecpy</name>
         <load_address>0x346a</load_address>
         <run_address>0x346a</run_address>
         <size>0x52</size>
         <input_file_ref idref="fl-c5"/>
      </object_component>
      <object_component id="oc-412">
         <name>.text:__TI_doflush</name>
         <load_address>0x34bc</load_address>
         <run_address>0x34bc</run_address>
         <size>0x4c</size>
         <input_file_ref idref="fl-e9"/>
      </object_component>
      <object_component id="oc-30b">
         <name>.text:atoi</name>
         <load_address>0x3508</load_address>
         <run_address>0x3508</run_address>
         <size>0x4c</size>
         <input_file_ref idref="fl-d9"/>
      </object_component>
      <object_component id="oc-1d2">
         <name>.text:snprintf</name>
         <load_address>0x3554</load_address>
         <run_address>0x3554</run_address>
         <size>0x4c</size>
         <input_file_ref idref="fl-c6"/>
      </object_component>
      <object_component id="oc-1b9">
         <name>.text:UpdateContextCharMapping</name>
         <load_address>0x35a0</load_address>
         <run_address>0x35a0</run_address>
         <size>0x4a</size>
         <input_file_ref idref="fl-106"/>
      </object_component>
      <object_component id="oc-23c">
         <name>.text:GPIOPinConfigure</name>
         <load_address>0x35ec</load_address>
         <run_address>0x35ec</run_address>
         <size>0x48</size>
         <input_file_ref idref="fl-10c"/>
      </object_component>
      <object_component id="oc-173">
         <name>.text:_SysCtlFrequencyGet</name>
         <load_address>0x3634</load_address>
         <run_address>0x3634</run_address>
         <size>0x48</size>
         <input_file_ref idref="fl-10f"/>
      </object_component>
      <object_component id="oc-12a">
         <name>.text:exit</name>
         <load_address>0x367c</load_address>
         <run_address>0x367c</run_address>
         <size>0x48</size>
         <input_file_ref idref="fl-d7"/>
      </object_component>
      <object_component id="oc-3a7">
         <name>.text</name>
         <load_address>0x36c4</load_address>
         <run_address>0x36c4</run_address>
         <size>0x48</size>
         <input_file_ref idref="fl-cf"/>
      </object_component>
      <object_component id="oc-4ed">
         <name>.text:HOSTclose</name>
         <load_address>0x370c</load_address>
         <run_address>0x370c</run_address>
         <size>0x44</size>
         <input_file_ref idref="fl-f1"/>
      </object_component>
      <object_component id="oc-505">
         <name>.text:HOSTunlink</name>
         <load_address>0x3750</load_address>
         <run_address>0x3750</run_address>
         <size>0x44</size>
         <input_file_ref idref="fl-f6"/>
      </object_component>
      <object_component id="oc-130">
         <name>.text:__TI_auto_init_nobinit_nopinit:__TI_auto_init_nobinit_nopinit</name>
         <load_address>0x3794</load_address>
         <run_address>0x3794</run_address>
         <size>0x44</size>
         <input_file_ref idref="fl-ed"/>
      </object_component>
      <object_component id="oc-55b">
         <name>.text:getdevice</name>
         <load_address>0x37d8</load_address>
         <run_address>0x37d8</run_address>
         <size>0x44</size>
         <input_file_ref idref="fl-fd"/>
      </object_component>
      <object_component id="oc-3cf">
         <name>.text:_fcpy</name>
         <load_address>0x381c</load_address>
         <run_address>0x381c</run_address>
         <size>0x3e</size>
         <input_file_ref idref="fl-c5"/>
      </object_component>
      <object_component id="oc-22a">
         <name>.text:SSIConfigSetExpClk</name>
         <load_address>0x385a</load_address>
         <run_address>0x385a</run_address>
         <size>0x3c</size>
         <input_file_ref idref="fl-10e"/>
      </object_component>
      <object_component id="oc-2fa">
         <name>.text:FontGlyphDataGet</name>
         <load_address>0x3896</load_address>
         <run_address>0x3896</run_address>
         <size>0x3a</size>
         <input_file_ref idref="fl-106"/>
      </object_component>
      <object_component id="oc-534">
         <name>.text:__TI_writemsg</name>
         <load_address>0x38d0</load_address>
         <run_address>0x38d0</run_address>
         <size>0x38</size>
         <input_file_ref idref="fl-f8"/>
      </object_component>
      <object_component id="oc-57d">
         <name>.text:strncpy</name>
         <load_address>0x3908</load_address>
         <run_address>0x3908</run_address>
         <size>0x36</size>
         <input_file_ref idref="fl-100"/>
      </object_component>
      <object_component id="oc-224">
         <name>.text:SysCtlPeripheralEnable</name>
         <load_address>0x3940</load_address>
         <run_address>0x3940</run_address>
         <size>0x34</size>
         <input_file_ref idref="fl-10f"/>
      </object_component>
      <object_component id="oc-49e">
         <name>.text:__TI_cleanup</name>
         <load_address>0x3974</load_address>
         <run_address>0x3974</run_address>
         <size>0x34</size>
         <input_file_ref idref="fl-ea"/>
      </object_component>
      <object_component id="oc-53a">
         <name>.text:__TI_readmsg</name>
         <load_address>0x39a8</load_address>
         <run_address>0x39a8</run_address>
         <size>0x34</size>
         <input_file_ref idref="fl-f8"/>
      </object_component>
      <object_component id="oc-59">
         <name>.text:_c_int00_noargs:_c_int00_noargs</name>
         <load_address>0x39dc</load_address>
         <run_address>0x39dc</run_address>
         <size>0x34</size>
         <input_file_ref idref="fl-e4"/>
      </object_component>
      <object_component id="oc-29a">
         <name>.text:_outs</name>
         <load_address>0x3a10</load_address>
         <run_address>0x3a10</run_address>
         <size>0x30</size>
         <input_file_ref idref="fl-c6"/>
      </object_component>
      <object_component id="oc-583">
         <name>.text:finddevice</name>
         <load_address>0x3a40</load_address>
         <run_address>0x3a40</run_address>
         <size>0x30</size>
         <input_file_ref idref="fl-fd"/>
      </object_component>
      <object_component id="oc-252">
         <name>.text:GrStringNextCharGet</name>
         <load_address>0x3a70</load_address>
         <run_address>0x3a70</run_address>
         <size>0x2e</size>
         <input_file_ref idref="fl-106"/>
      </object_component>
      <object_component id="oc-3b2">
         <name>.text</name>
         <load_address>0x3a9e</load_address>
         <run_address>0x3a9e</run_address>
         <size>0x2e</size>
         <input_file_ref idref="fl-d0"/>
      </object_component>
      <object_component id="oc-529">
         <name>.text:unlink</name>
         <load_address>0x3acc</load_address>
         <run_address>0x3acc</run_address>
         <size>0x2c</size>
         <input_file_ref idref="fl-103"/>
      </object_component>
      <object_component id="oc-2de">
         <name>.text:GPIODirModeSet</name>
         <load_address>0x3af8</load_address>
         <run_address>0x3af8</run_address>
         <size>0x2a</size>
         <input_file_ref idref="fl-10c"/>
      </object_component>
      <object_component id="oc-4cd">
         <name>.text:free_list_insert</name>
         <load_address>0x3b24</load_address>
         <run_address>0x3b24</run_address>
         <size>0x28</size>
         <input_file_ref idref="fl-df"/>
      </object_component>
      <object_component id="oc-48a">
         <name>.text:lseek</name>
         <load_address>0x3b4c</load_address>
         <run_address>0x3b4c</run_address>
         <size>0x28</size>
         <input_file_ref idref="fl-fa"/>
      </object_component>
      <object_component id="oc-418">
         <name>.text:write</name>
         <load_address>0x3b74</load_address>
         <run_address>0x3b74</run_address>
         <size>0x28</size>
         <input_file_ref idref="fl-e2"/>
      </object_component>
      <object_component id="oc-24c">
         <name>.text:GrFontInfoGet</name>
         <load_address>0x3b9c</load_address>
         <run_address>0x3b9c</run_address>
         <size>0x26</size>
         <input_file_ref idref="fl-106"/>
      </object_component>
      <object_component id="oc-258">
         <name>.text:GrFontGlyphDataGet</name>
         <load_address>0x3bc2</load_address>
         <run_address>0x3bc2</run_address>
         <size>0x22</size>
         <input_file_ref idref="fl-106"/>
      </object_component>
      <object_component id="oc-40c">
         <name>.text:memchr</name>
         <load_address>0x3be4</load_address>
         <run_address>0x3be4</run_address>
         <size>0x20</size>
         <input_file_ref idref="fl-de"/>
      </object_component>
      <object_component id="oc-273">
         <name>.text:GrFontCodepageGet</name>
         <load_address>0x3c04</load_address>
         <run_address>0x3c04</run_address>
         <size>0x1e</size>
         <input_file_ref idref="fl-106"/>
      </object_component>
      <object_component id="oc-16d">
         <name>.text:_SysCtlMemTimingGet</name>
         <load_address>0x3c24</load_address>
         <run_address>0x3c24</run_address>
         <size>0x1c</size>
         <input_file_ref idref="fl-10f"/>
      </object_component>
      <object_component id="oc-47">
         <name>.text:decompress:ZI:__TI_zero_init_nomemset:__TI_zero_init_nomemset</name>
         <load_address>0x3c40</load_address>
         <run_address>0x3c40</run_address>
         <size>0x1c</size>
         <input_file_ref idref="fl-d4"/>
      </object_component>
      <object_component id="oc-4c7">
         <name>.text:free_list_remove</name>
         <load_address>0x3c5c</load_address>
         <run_address>0x3c5c</run_address>
         <size>0x1c</size>
         <input_file_ref idref="fl-df"/>
      </object_component>
      <object_component id="oc-334">
         <name>.text:memccpy</name>
         <load_address>0x3c78</load_address>
         <run_address>0x3c78</run_address>
         <size>0x1c</size>
         <input_file_ref idref="fl-dd"/>
      </object_component>
      <object_component id="oc-442">
         <name>.text:copysign</name>
         <load_address>0x3c94</load_address>
         <run_address>0x3c94</run_address>
         <size>0x1a</size>
         <input_file_ref idref="fl-fb"/>
      </object_component>
      <object_component id="oc-27">
         <name>.text</name>
         <load_address>0x3cb0</load_address>
         <run_address>0x3cb0</run_address>
         <size>0x1a</size>
         <input_file_ref idref="fl-8"/>
      </object_component>
      <object_component id="oc-242">
         <name>.text:GPIOPinTypeGPIOOutput</name>
         <load_address>0x3cca</load_address>
         <run_address>0x3cca</run_address>
         <size>0x18</size>
         <input_file_ref idref="fl-10c"/>
      </object_component>
      <object_component id="oc-2a0">
         <name>.text:_outc</name>
         <load_address>0x3ce2</load_address>
         <run_address>0x3ce2</run_address>
         <size>0x18</size>
         <input_file_ref idref="fl-c6"/>
      </object_component>
      <object_component id="oc-59a">
         <name>.text:strcmp</name>
         <load_address>0x3cfa</load_address>
         <run_address>0x3cfa</run_address>
         <size>0x18</size>
         <input_file_ref idref="fl-fe"/>
      </object_component>
      <object_component id="oc-1d8">
         <name>.text:GrStringDraw</name>
         <load_address>0x3d12</load_address>
         <run_address>0x3d12</run_address>
         <size>0x16</size>
         <input_file_ref idref="fl-106"/>
      </object_component>
      <object_component id="oc-3e3">
         <name>.text:strchr</name>
         <load_address>0x3d28</load_address>
         <run_address>0x3d28</run_address>
         <size>0x16</size>
         <input_file_ref idref="fl-e0"/>
      </object_component>
      <object_component id="oc-54e">
         <name>.text:strcpy</name>
         <load_address>0x3d3e</load_address>
         <run_address>0x3d3e</run_address>
         <size>0x14</size>
         <input_file_ref idref="fl-ff"/>
      </object_component>
      <object_component id="oc-305">
         <name>.text:strlen</name>
         <load_address>0x3d52</load_address>
         <run_address>0x3d52</run_address>
         <size>0x14</size>
         <input_file_ref idref="fl-e1"/>
      </object_component>
      <object_component id="oc-236">
         <name>.text:GPIOPinTypeSSI</name>
         <load_address>0x3d66</load_address>
         <run_address>0x3d66</run_address>
         <size>0x12</size>
         <input_file_ref idref="fl-10c"/>
      </object_component>
      <object_component id="oc-33a">
         <name>.text:wcslen</name>
         <load_address>0x3d78</load_address>
         <run_address>0x3d78</run_address>
         <size>0x12</size>
         <input_file_ref idref="fl-e6"/>
      </object_component>
      <object_component id="oc-df">
         <name>.text:FPUEnable</name>
         <load_address>0x3d8c</load_address>
         <run_address>0x3d8c</run_address>
         <size>0x10</size>
         <input_file_ref idref="fl-10b"/>
      </object_component>
      <object_component id="oc-e5">
         <name>.text:FPULazyStackingEnable</name>
         <load_address>0x3d9c</load_address>
         <run_address>0x3d9c</run_address>
         <size>0x10</size>
         <input_file_ref idref="fl-10b"/>
      </object_component>
      <object_component id="oc-d9">
         <name>.text:IntMasterDisable</name>
         <load_address>0x3dac</load_address>
         <run_address>0x3dac</run_address>
         <size>0x10</size>
         <input_file_ref idref="fl-10d"/>
      </object_component>
      <object_component id="oc-18">
         <name>.text:decompress:none:__TI_decompress_none</name>
         <load_address>0x3dbc</load_address>
         <run_address>0x3dbc</run_address>
         <size>0xe</size>
         <input_file_ref idref="fl-d5"/>
      </object_component>
      <object_component id="oc-164">
         <name>.text:CPUcpsid</name>
         <load_address>0x3dca</load_address>
         <run_address>0x3dca</run_address>
         <size>0xc</size>
         <input_file_ref idref="fl-111"/>
      </object_component>
      <object_component id="oc-212">
         <name>.text:SSIDataPut</name>
         <load_address>0x3dd6</load_address>
         <run_address>0x3dd6</run_address>
         <size>0xa</size>
         <input_file_ref idref="fl-10e"/>
      </object_component>
      <object_component id="oc-230">
         <name>.text:SSIEnable</name>
         <load_address>0x3de0</load_address>
         <run_address>0x3de0</run_address>
         <size>0xa</size>
         <input_file_ref idref="fl-10e"/>
      </object_component>
      <object_component id="oc-265">
         <name>.text:GrMapISO8859_1_Unicode</name>
         <load_address>0x3dea</load_address>
         <run_address>0x3dea</run_address>
         <size>0x8</size>
         <input_file_ref idref="fl-108"/>
      </object_component>
      <object_component id="oc-218">
         <name>.text:SSIBusy</name>
         <load_address>0x3df2</load_address>
         <run_address>0x3df2</run_address>
         <size>0x8</size>
         <input_file_ref idref="fl-10e"/>
      </object_component>
      <object_component id="oc-340">
         <name>.text:__aeabi_errno_addr</name>
         <load_address>0x3dfc</load_address>
         <run_address>0x3dfc</run_address>
         <size>0x8</size>
         <input_file_ref idref="fl-e5"/>
      </object_component>
      <object_component id="oc-498">
         <name>.text:malloc</name>
         <load_address>0x3e04</load_address>
         <run_address>0x3e04</run_address>
         <size>0x8</size>
         <input_file_ref idref="fl-df"/>
      </object_component>
      <object_component id="oc-109">
         <name>.text:GrContextFontSet</name>
         <load_address>0x3e0c</load_address>
         <run_address>0x3e0c</run_address>
         <size>0x6</size>
         <input_file_ref idref="fl-106"/>
      </object_component>
      <object_component id="oc-195">
         <name>.text:SysCtlDelay</name>
         <load_address>0x3e12</load_address>
         <run_address>0x3e12</run_address>
         <size>0x6</size>
         <input_file_ref idref="fl-10f"/>
      </object_component>
      <object_component id="oc-287">
         <name>.text:_outs</name>
         <load_address>0x3e18</load_address>
         <run_address>0x3e18</run_address>
         <size>0x4</size>
         <input_file_ref idref="fl-c4"/>
      </object_component>
      <object_component id="oc-99">
         <name>.text:_system_pre_init</name>
         <load_address>0x3e1c</load_address>
         <run_address>0x3e1c</run_address>
         <size>0x4</size>
         <input_file_ref idref="fl-ee"/>
      </object_component>
      <object_component id="oc-124">
         <name>.text:abort:abort</name>
         <load_address>0x3e20</load_address>
         <run_address>0x3e20</run_address>
         <size>0x4</size>
         <input_file_ref idref="fl-d7"/>
      </object_component>
      <object_component id="oc-1b3">
         <name>.const:.string:g_pui8FontFixed6x8Data</name>
         <load_address>0x3e24</load_address>
         <run_address>0x3e24</run_address>
         <size>0x2f8</size>
         <input_file_ref idref="fl-107"/>
      </object_component>
      <object_component id="oc-17c">
         <name>.const:g_pppui32XTALtoVCO</name>
         <load_address>0x411c</load_address>
         <run_address>0x411c</run_address>
         <size>0x120</size>
         <input_file_ref idref="fl-10f"/>
      </object_component>
      <object_component id="oc-38c">
         <name>.const:.string:_ctypes_</name>
         <load_address>0x423c</load_address>
         <run_address>0x423c</run_address>
         <size>0x101</size>
         <input_file_ref idref="fl-da"/>
      </object_component>
      <object_component id="oc-106">
         <name>.const:g_sFontFixed6x8</name>
         <load_address>0x4340</load_address>
         <run_address>0x4340</run_address>
         <size>0xc8</size>
         <input_file_ref idref="fl-107"/>
      </object_component>
      <object_component id="oc-2eb">
         <name>.const:g_pui32GPIOBaseAddrs</name>
         <load_address>0x4408</load_address>
         <run_address>0x4408</run_address>
         <size>0x90</size>
         <input_file_ref idref="fl-10c"/>
      </object_component>
      <object_component id="oc-179">
         <name>.const:g_pui32Xtals</name>
         <load_address>0x4498</load_address>
         <run_address>0x4498</run_address>
         <size>0x6c</size>
         <input_file_ref idref="fl-10f"/>
      </object_component>
      <object_component id="oc-200">
         <name>.const:g_sXTALtoMEMTIM</name>
         <load_address>0x4504</load_address>
         <run_address>0x4504</run_address>
         <size>0x30</size>
         <input_file_ref idref="fl-10f"/>
      </object_component>
      <object_component id="oc-fd">
         <name>.const:g_sCrystalfontz128x128</name>
         <load_address>0x4534</load_address>
         <run_address>0x4534</run_address>
         <size>0x28</size>
         <input_file_ref idref="fl-2"/>
      </object_component>
      <object_component id="oc-1ac">
         <name>.const</name>
         <load_address>0x455c</load_address>
         <run_address>0x455c</run_address>
         <size>0x10</size>
         <input_file_ref idref="fl-104"/>
      </object_component>
      <object_component id="oc-17f">
         <name>.const</name>
         <load_address>0x456c</load_address>
         <run_address>0x456c</run_address>
         <size>0x8</size>
         <input_file_ref idref="fl-10f"/>
      </object_component>
      <object_component id="oc-5d2">
         <name>.cinit..data.load</name>
         <load_address>0x4578</load_address>
         <run_address>0x4578</run_address>
         <size>0x6a</size>
      </object_component>
      <object_component id="oc-5d0">
         <name>__TI_handler_table</name>
         <load_address>0x45e4</load_address>
         <run_address>0x45e4</run_address>
         <size>0xc</size>
      </object_component>
      <object_component id="oc-5d3">
         <name>.cinit..bss.load</name>
         <load_address>0x45f0</load_address>
         <run_address>0x45f0</run_address>
         <size>0x8</size>
      </object_component>
      <object_component id="oc-5d1">
         <name>__TI_cinit_table</name>
         <load_address>0x45f8</load_address>
         <run_address>0x45f8</run_address>
         <size>0x10</size>
      </object_component>
      <object_component id="oc-192">
         <name>.data:Lcd_buffer</name>
         <load_address>0x20000000</load_address>
         <run_address>0x20000000</run_address>
         <size>0x8000</size>
         <input_file_ref idref="fl-2"/>
      </object_component>
      <object_component id="oc-10f">
         <name>.data</name>
         <load_address>0x200081e4</load_address>
         <run_address>0x200081e4</run_address>
         <size>0x4</size>
         <input_file_ref idref="fl-5"/>
      </object_component>
      <object_component id="oc-1e0">
         <name>.data:$O1$$</name>
         <load_address>0x200081c8</load_address>
         <run_address>0x200081c8</run_address>
         <size>0xc</size>
         <input_file_ref idref="fl-d7"/>
      </object_component>
      <object_component id="oc-1e3">
         <name>.data:$O1$$</name>
         <load_address>0x200081d4</load_address>
         <run_address>0x200081d4</run_address>
         <size>0x8</size>
         <input_file_ref idref="fl-d8"/>
      </object_component>
      <object_component id="oc-284">
         <name>.data:_ftable</name>
         <load_address>0x20008000</load_address>
         <run_address>0x20008000</run_address>
         <size>0xf0</size>
         <input_file_ref idref="fl-db"/>
      </object_component>
      <object_component id="oc-4e1">
         <name>.data</name>
         <load_address>0x200081b8</load_address>
         <run_address>0x200081b8</run_address>
         <size>0x10</size>
         <input_file_ref idref="fl-db"/>
      </object_component>
      <object_component id="oc-517">
         <name>.data:$O1$$</name>
         <load_address>0x200081dc</load_address>
         <run_address>0x200081dc</run_address>
         <size>0x8</size>
         <input_file_ref idref="fl-df"/>
      </object_component>
      <object_component id="oc-4b1">
         <name>.data:_device</name>
         <load_address>0x200080f0</load_address>
         <run_address>0x200080f0</run_address>
         <size>0x78</size>
         <input_file_ref idref="fl-e3"/>
      </object_component>
      <object_component id="oc-470">
         <name>.data:_stream</name>
         <load_address>0x20008168</load_address>
         <run_address>0x20008168</run_address>
         <size>0x50</size>
         <input_file_ref idref="fl-e3"/>
      </object_component>
      <object_component id="oc-3f3">
         <name>.data</name>
         <load_address>0x200081e8</load_address>
         <run_address>0x200081e8</run_address>
         <size>0x4</size>
         <input_file_ref idref="fl-e5"/>
      </object_component>
      <object_component id="oc-565">
         <name>.bss:_CIOBUF_</name>
         <uninitialized>true</uninitialized>
         <run_address>0x200089f0</run_address>
         <size>0x120</size>
         <input_file_ref idref="fl-f8"/>
      </object_component>
      <object_component id="oc-18b">
         <name>.common:Lcd_Orientation</name>
         <uninitialized>true</uninitialized>
         <run_address>0x20008c28</run_address>
         <size>0x1</size>
      </object_component>
      <object_component id="oc-197">
         <name>.common:Lcd_ScreenWidth</name>
         <uninitialized>true</uninitialized>
         <run_address>0x20008c22</run_address>
         <size>0x2</size>
      </object_component>
      <object_component id="oc-196">
         <name>.common:Lcd_ScreenHeigth</name>
         <uninitialized>true</uninitialized>
         <run_address>0x20008c20</run_address>
         <size>0x2</size>
      </object_component>
      <object_component id="oc-198">
         <name>.common:Lcd_PenSolid</name>
         <uninitialized>true</uninitialized>
         <run_address>0x20008c29</run_address>
         <size>0x1</size>
      </object_component>
      <object_component id="oc-199">
         <name>.common:Lcd_FontSolid</name>
         <uninitialized>true</uninitialized>
         <run_address>0x20008c27</run_address>
         <size>0x1</size>
      </object_component>
      <object_component id="oc-19a">
         <name>.common:Lcd_FlagRead</name>
         <uninitialized>true</uninitialized>
         <run_address>0x20008c26</run_address>
         <size>0x1</size>
      </object_component>
      <object_component id="oc-19b">
         <name>.common:Lcd_TouchTrim</name>
         <uninitialized>true</uninitialized>
         <run_address>0x20008c24</run_address>
         <size>0x2</size>
      </object_component>
      <object_component id="oc-1d1">
         <name>.common:time_display_buffer</name>
         <uninitialized>true</uninitialized>
         <run_address>0x20008bb0</run_address>
         <size>0x34</size>
      </object_component>
      <object_component id="oc-fa">
         <name>.common:sContext</name>
         <uninitialized>true</uninitialized>
         <run_address>0x20008be4</run_address>
         <size>0x2c</size>
      </object_component>
      <object_component id="oc-f1">
         <name>.common:gSystemClock</name>
         <uninitialized>true</uninitialized>
         <run_address>0x20008c18</run_address>
         <size>0x4</size>
      </object_component>
      <object_component id="oc-52f">
         <name>.common:__TI_tmpnams</name>
         <uninitialized>true</uninitialized>
         <run_address>0x20008b10</run_address>
         <size>0xa0</size>
      </object_component>
      <object_component id="oc-540">
         <name>.common:parmbuf</name>
         <uninitialized>true</uninitialized>
         <run_address>0x20008c10</run_address>
         <size>0x8</size>
      </object_component>
      <object_component id="oc-1af">
         <name>.common:g_psGrLibDefaults</name>
         <uninitialized>true</uninitialized>
         <run_address>0x20008c1c</run_address>
         <size>0x4</size>
      </object_component>
      <object_component id="oc-21">
         <name>.sysmem</name>
         <uninitialized>true</uninitialized>
         <run_address>0x20008c30</run_address>
         <size>0x10</size>
         <input_file_ref idref="fl-df"/>
      </object_component>
      <object_component id="oc-5d5">
         <name>.sysmem</name>
         <uninitialized>true</uninitialized>
         <run_address>0x20008c30</run_address>
         <size>0x0</size>
      </object_component>
      <object_component id="oc-24">
         <name>.stack</name>
         <uninitialized>true</uninitialized>
         <run_address>0x200081f0</run_address>
         <size>0x4</size>
         <input_file_ref idref="fl-e4"/>
      </object_component>
      <object_component id="oc-5d4">
         <name>.stack</name>
         <uninitialized>true</uninitialized>
         <run_address>0x200081f0</run_address>
         <size>0x0</size>
      </object_component>
      <object_component id="oc-c7">
         <name>.debug_info</name>
         <load_address>0x0</load_address>
         <run_address>0x0</run_address>
         <size>0x703</size>
         <input_file_ref idref="fl-2"/>
      </object_component>
      <object_component id="oc-193">
         <name>.debug_info</name>
         <load_address>0x703</load_address>
         <run_address>0x703</run_address>
         <size>0x109</size>
         <input_file_ref idref="fl-2"/>
      </object_component>
      <object_component id="oc-fe">
         <name>.debug_info</name>
         <load_address>0x80c</load_address>
         <run_address>0x80c</run_address>
         <size>0x122</size>
         <input_file_ref idref="fl-2"/>
      </object_component>
      <object_component id="oc-f5">
         <name>.debug_info</name>
         <load_address>0x92e</load_address>
         <run_address>0x92e</run_address>
         <size>0x10fe</size>
         <input_file_ref idref="fl-2"/>
      </object_component>
      <object_component id="oc-11f">
         <name>.debug_info</name>
         <load_address>0x1a2c</load_address>
         <run_address>0x1a2c</run_address>
         <size>0x6bd</size>
         <input_file_ref idref="fl-2"/>
      </object_component>
      <object_component id="oc-74">
         <name>.debug_info</name>
         <load_address>0x20e9</load_address>
         <run_address>0x20e9</run_address>
         <size>0x26b</size>
         <input_file_ref idref="fl-2"/>
      </object_component>
      <object_component id="oc-c2">
         <name>.debug_info</name>
         <load_address>0x2354</load_address>
         <run_address>0x2354</run_address>
         <size>0x8b</size>
         <input_file_ref idref="fl-2"/>
      </object_component>
      <object_component id="oc-bd">
         <name>.debug_info</name>
         <load_address>0x23df</load_address>
         <run_address>0x23df</run_address>
         <size>0x297</size>
         <input_file_ref idref="fl-2"/>
      </object_component>
      <object_component id="oc-79">
         <name>.debug_info</name>
         <load_address>0x2676</load_address>
         <run_address>0x2676</run_address>
         <size>0xbb</size>
         <input_file_ref idref="fl-2"/>
      </object_component>
      <object_component id="oc-249">
         <name>.debug_info</name>
         <load_address>0x2731</load_address>
         <run_address>0x2731</run_address>
         <size>0x6c3</size>
         <input_file_ref idref="fl-3"/>
      </object_component>
      <object_component id="oc-18d">
         <name>.debug_info</name>
         <load_address>0x2df4</load_address>
         <run_address>0x2df4</run_address>
         <size>0x623</size>
         <input_file_ref idref="fl-3"/>
      </object_component>
      <object_component id="oc-f2">
         <name>.debug_info</name>
         <load_address>0x3417</load_address>
         <run_address>0x3417</run_address>
         <size>0x7bd</size>
         <input_file_ref idref="fl-5"/>
      </object_component>
      <object_component id="oc-110">
         <name>.debug_info</name>
         <load_address>0x3bd4</load_address>
         <run_address>0x3bd4</run_address>
         <size>0xe9</size>
         <input_file_ref idref="fl-5"/>
      </object_component>
      <object_component id="oc-a0">
         <name>.debug_info</name>
         <load_address>0x3cbd</load_address>
         <run_address>0x3cbd</run_address>
         <size>0x249</size>
         <input_file_ref idref="fl-5"/>
      </object_component>
      <object_component id="oc-19f">
         <name>.debug_info</name>
         <load_address>0x3f06</load_address>
         <run_address>0x3f06</run_address>
         <size>0xcc</size>
         <input_file_ref idref="fl-5"/>
      </object_component>
      <object_component id="oc-295">
         <name>.debug_info</name>
         <load_address>0x3fd2</load_address>
         <run_address>0x3fd2</run_address>
         <size>0x2c</size>
         <input_file_ref idref="fl-5"/>
      </object_component>
      <object_component id="oc-36">
         <name>.debug_info</name>
         <load_address>0x3ffe</load_address>
         <run_address>0x3ffe</run_address>
         <size>0x84</size>
         <input_file_ref idref="fl-6"/>
      </object_component>
      <object_component id="oc-fb">
         <name>.debug_info</name>
         <load_address>0x4082</load_address>
         <run_address>0x4082</run_address>
         <size>0x5c3</size>
         <input_file_ref idref="fl-7"/>
      </object_component>
      <object_component id="oc-119">
         <name>.debug_info</name>
         <load_address>0x4645</load_address>
         <run_address>0x4645</run_address>
         <size>0x1d6</size>
         <input_file_ref idref="fl-7"/>
      </object_component>
      <object_component id="oc-2f">
         <name>.debug_info</name>
         <load_address>0x481b</load_address>
         <run_address>0x481b</run_address>
         <size>0x2cd</size>
         <input_file_ref idref="fl-8"/>
      </object_component>
      <object_component id="oc-10">
         <name>.debug_info</name>
         <load_address>0x4ae8</load_address>
         <run_address>0x4ae8</run_address>
         <size>0x10c</size>
         <input_file_ref idref="fl-8"/>
      </object_component>
      <object_component id="oc-2b">
         <name>.debug_info</name>
         <load_address>0x4bf4</load_address>
         <run_address>0x4bf4</run_address>
         <size>0x28b</size>
         <input_file_ref idref="fl-8"/>
      </object_component>
      <object_component id="oc-294">
         <name>.debug_info</name>
         <load_address>0x4e7f</load_address>
         <run_address>0x4e7f</run_address>
         <size>0x3e4</size>
         <input_file_ref idref="fl-c4"/>
      </object_component>
      <object_component id="oc-28e">
         <name>.debug_info</name>
         <load_address>0x5263</load_address>
         <run_address>0x5263</run_address>
         <size>0x156</size>
         <input_file_ref idref="fl-c4"/>
      </object_component>
      <object_component id="oc-288">
         <name>.debug_info</name>
         <load_address>0x53b9</load_address>
         <run_address>0x53b9</run_address>
         <size>0x165</size>
         <input_file_ref idref="fl-c4"/>
      </object_component>
      <object_component id="oc-1cd">
         <name>.debug_info</name>
         <load_address>0x551e</load_address>
         <run_address>0x551e</run_address>
         <size>0x1ab</size>
         <input_file_ref idref="fl-c4"/>
      </object_component>
      <object_component id="oc-366">
         <name>.debug_info</name>
         <load_address>0x56c9</load_address>
         <run_address>0x56c9</run_address>
         <size>0xb2</size>
         <input_file_ref idref="fl-c4"/>
      </object_component>
      <object_component id="oc-347">
         <name>.debug_info</name>
         <load_address>0x577b</load_address>
         <run_address>0x577b</run_address>
         <size>0x57a</size>
         <input_file_ref idref="fl-c5"/>
      </object_component>
      <object_component id="oc-313">
         <name>.debug_info</name>
         <load_address>0x5cf5</load_address>
         <run_address>0x5cf5</run_address>
         <size>0x21d</size>
         <input_file_ref idref="fl-c5"/>
      </object_component>
      <object_component id="oc-3bf">
         <name>.debug_info</name>
         <load_address>0x5f12</load_address>
         <run_address>0x5f12</run_address>
         <size>0x1b2</size>
         <input_file_ref idref="fl-c5"/>
      </object_component>
      <object_component id="oc-3c5">
         <name>.debug_info</name>
         <load_address>0x60c4</load_address>
         <run_address>0x60c4</run_address>
         <size>0x21a</size>
         <input_file_ref idref="fl-c5"/>
      </object_component>
      <object_component id="oc-31f">
         <name>.debug_info</name>
         <load_address>0x62de</load_address>
         <run_address>0x62de</run_address>
         <size>0x3ba</size>
         <input_file_ref idref="fl-c5"/>
      </object_component>
      <object_component id="oc-3cc">
         <name>.debug_info</name>
         <load_address>0x6698</load_address>
         <run_address>0x6698</run_address>
         <size>0x304</size>
         <input_file_ref idref="fl-c5"/>
      </object_component>
      <object_component id="oc-3d1">
         <name>.debug_info</name>
         <load_address>0x699c</load_address>
         <run_address>0x699c</run_address>
         <size>0x214</size>
         <input_file_ref idref="fl-c5"/>
      </object_component>
      <object_component id="oc-324">
         <name>.debug_info</name>
         <load_address>0x6bb0</load_address>
         <run_address>0x6bb0</run_address>
         <size>0x214</size>
         <input_file_ref idref="fl-c5"/>
      </object_component>
      <object_component id="oc-32a">
         <name>.debug_info</name>
         <load_address>0x6dc4</load_address>
         <run_address>0x6dc4</run_address>
         <size>0x303</size>
         <input_file_ref idref="fl-c5"/>
      </object_component>
      <object_component id="oc-330">
         <name>.debug_info</name>
         <load_address>0x70c7</load_address>
         <run_address>0x70c7</run_address>
         <size>0x4af</size>
         <input_file_ref idref="fl-c5"/>
      </object_component>
      <object_component id="oc-280">
         <name>.debug_info</name>
         <load_address>0x7576</load_address>
         <run_address>0x7576</run_address>
         <size>0x5f3</size>
         <input_file_ref idref="fl-c5"/>
      </object_component>
      <object_component id="oc-348">
         <name>.debug_info</name>
         <load_address>0x7b69</load_address>
         <run_address>0x7b69</run_address>
         <size>0x86</size>
         <input_file_ref idref="fl-c5"/>
      </object_component>
      <object_component id="oc-3fa">
         <name>.debug_info</name>
         <load_address>0x7bef</load_address>
         <run_address>0x7bef</run_address>
         <size>0x39</size>
         <input_file_ref idref="fl-c5"/>
      </object_component>
      <object_component id="oc-459">
         <name>.debug_info</name>
         <load_address>0x7c28</load_address>
         <run_address>0x7c28</run_address>
         <size>0xb6</size>
         <input_file_ref idref="fl-c5"/>
      </object_component>
      <object_component id="oc-3ff">
         <name>.debug_info</name>
         <load_address>0x7cde</load_address>
         <run_address>0x7cde</run_address>
         <size>0x46</size>
         <input_file_ref idref="fl-c5"/>
      </object_component>
      <object_component id="oc-34d">
         <name>.debug_info</name>
         <load_address>0x7d24</load_address>
         <run_address>0x7d24</run_address>
         <size>0x46</size>
         <input_file_ref idref="fl-c5"/>
      </object_component>
      <object_component id="oc-2a8">
         <name>.debug_info</name>
         <load_address>0x7d6a</load_address>
         <run_address>0x7d6a</run_address>
         <size>0x2c</size>
         <input_file_ref idref="fl-c5"/>
      </object_component>
      <object_component id="oc-2a7">
         <name>.debug_info</name>
         <load_address>0x7d96</load_address>
         <run_address>0x7d96</run_address>
         <size>0x339</size>
         <input_file_ref idref="fl-c6"/>
      </object_component>
      <object_component id="oc-1d5">
         <name>.debug_info</name>
         <load_address>0x80cf</load_address>
         <run_address>0x80cf</run_address>
         <size>0x1ed</size>
         <input_file_ref idref="fl-c6"/>
      </object_component>
      <object_component id="oc-29d">
         <name>.debug_info</name>
         <load_address>0x82bc</load_address>
         <run_address>0x82bc</run_address>
         <size>0x1c2</size>
         <input_file_ref idref="fl-c6"/>
      </object_component>
      <object_component id="oc-2a3">
         <name>.debug_info</name>
         <load_address>0x847e</load_address>
         <run_address>0x847e</run_address>
         <size>0x175</size>
         <input_file_ref idref="fl-c6"/>
      </object_component>
      <object_component id="oc-2ad">
         <name>.debug_info</name>
         <load_address>0x85f3</load_address>
         <run_address>0x85f3</run_address>
         <size>0x69</size>
         <input_file_ref idref="fl-c6"/>
      </object_component>
      <object_component id="oc-421">
         <name>.debug_info</name>
         <load_address>0x865c</load_address>
         <run_address>0x865c</run_address>
         <size>0x382</size>
         <input_file_ref idref="fl-c7"/>
      </object_component>
      <object_component id="oc-35e">
         <name>.debug_info</name>
         <load_address>0x89de</load_address>
         <run_address>0x89de</run_address>
         <size>0x1e9</size>
         <input_file_ref idref="fl-c7"/>
      </object_component>
      <object_component id="oc-41f">
         <name>.debug_info</name>
         <load_address>0x8bc7</load_address>
         <run_address>0x8bc7</run_address>
         <size>0x3fb</size>
         <input_file_ref idref="fl-c8"/>
      </object_component>
      <object_component id="oc-357">
         <name>.debug_info</name>
         <load_address>0x8fc2</load_address>
         <run_address>0x8fc2</run_address>
         <size>0x2e1</size>
         <input_file_ref idref="fl-c8"/>
      </object_component>
      <object_component id="oc-d0">
         <name>.debug_info</name>
         <load_address>0x92a3</load_address>
         <run_address>0x92a3</run_address>
         <size>0x2c</size>
         <input_file_ref idref="fl-c8"/>
      </object_component>
      <object_component id="oc-46b">
         <name>.debug_info</name>
         <load_address>0x92cf</load_address>
         <run_address>0x92cf</run_address>
         <size>0x2ff</size>
         <input_file_ref idref="fl-c9"/>
      </object_component>
      <object_component id="oc-408">
         <name>.debug_info</name>
         <load_address>0x95ce</load_address>
         <run_address>0x95ce</run_address>
         <size>0x19b</size>
         <input_file_ref idref="fl-c9"/>
      </object_component>
      <object_component id="oc-4a6">
         <name>.debug_info</name>
         <load_address>0x9769</load_address>
         <run_address>0x9769</run_address>
         <size>0xbf</size>
         <input_file_ref idref="fl-c9"/>
      </object_component>
      <object_component id="oc-4a5">
         <name>.debug_info</name>
         <load_address>0x9828</load_address>
         <run_address>0x9828</run_address>
         <size>0x373</size>
         <input_file_ref idref="fl-ca"/>
      </object_component>
      <object_component id="oc-468">
         <name>.debug_info</name>
         <load_address>0x9b9b</load_address>
         <run_address>0x9b9b</run_address>
         <size>0x20a</size>
         <input_file_ref idref="fl-ca"/>
      </object_component>
      <object_component id="oc-3b8">
         <name>.debug_info</name>
         <load_address>0x9da5</load_address>
         <run_address>0x9da5</run_address>
         <size>0x14b</size>
         <input_file_ref idref="fl-cb"/>
      </object_component>
      <object_component id="oc-31a">
         <name>.debug_info</name>
         <load_address>0x9ef0</load_address>
         <run_address>0x9ef0</run_address>
         <size>0x127</size>
         <input_file_ref idref="fl-cc"/>
      </object_component>
      <object_component id="oc-3a3">
         <name>.debug_info</name>
         <load_address>0xa017</load_address>
         <run_address>0xa017</run_address>
         <size>0x129</size>
         <input_file_ref idref="fl-cc"/>
      </object_component>
      <object_component id="oc-39f">
         <name>.debug_info</name>
         <load_address>0xa140</load_address>
         <run_address>0xa140</run_address>
         <size>0x139</size>
         <input_file_ref idref="fl-cd"/>
      </object_component>
      <object_component id="oc-399">
         <name>.debug_info</name>
         <load_address>0xa279</load_address>
         <run_address>0xa279</run_address>
         <size>0x139</size>
         <input_file_ref idref="fl-ce"/>
      </object_component>
      <object_component id="oc-3a8">
         <name>.debug_info</name>
         <load_address>0xa3b2</load_address>
         <run_address>0xa3b2</run_address>
         <size>0x12d</size>
         <input_file_ref idref="fl-cf"/>
      </object_component>
      <object_component id="oc-3b3">
         <name>.debug_info</name>
         <load_address>0xa4df</load_address>
         <run_address>0xa4df</run_address>
         <size>0x12b</size>
         <input_file_ref idref="fl-d0"/>
      </object_component>
      <object_component id="oc-3d">
         <name>.debug_info</name>
         <load_address>0xa60a</load_address>
         <run_address>0xa60a</run_address>
         <size>0x118</size>
         <input_file_ref idref="fl-d1"/>
      </object_component>
      <object_component id="oc-394">
         <name>.debug_info</name>
         <load_address>0xa722</load_address>
         <run_address>0xa722</run_address>
         <size>0x133</size>
         <input_file_ref idref="fl-d2"/>
      </object_component>
      <object_component id="oc-96">
         <name>.debug_info</name>
         <load_address>0xa855</load_address>
         <run_address>0xa855</run_address>
         <size>0x146</size>
         <input_file_ref idref="fl-d3"/>
      </object_component>
      <object_component id="oc-92">
         <name>.debug_info</name>
         <load_address>0xa99b</load_address>
[...]
         <value>0x18e5</value>
         <object_component_ref idref="oc-3b7"/>
      </symbol>
      <symbol id="sm-347">
         <name>__aeabi_dadd</name>
         <value>0x18ef</value>
         <object_component_ref idref="oc-3b7"/>
      </symbol>
      <symbol id="sm-369">
         <name>__aeabi_cdcmpeq</name>
         <value>0x2be7</value>
         <object_component_ref idref="oc-317"/>
      </symbol>
      <symbol id="sm-36a">
         <name>__aeabi_cdcmple</name>
         <value>0x2be7</value>
         <object_component_ref idref="oc-317"/>
      </symbol>
      <symbol id="sm-36b">
         <name>__aeabi_cdrcmple</name>
         <value>0x2c6d</value>
         <object_component_ref idref="oc-3a2"/>
      </symbol>
      <symbol id="sm-37f">
         <name>__aeabi_ddiv</name>
         <value>0x1d5d</value>
         <object_component_ref idref="oc-39d"/>
      </symbol>
      <symbol id="sm-38a">
         <name>__aeabi_dmul</name>
         <value>0x2425</value>
         <object_component_ref idref="oc-398"/>
      </symbol>
      <symbol id="sm-394">
         <name>__aeabi_d2iz</name>
         <value>0x36c5</value>
         <object_component_ref idref="oc-3a7"/>
      </symbol>
      <symbol id="sm-39e">
         <name>__aeabi_i2d</name>
         <value>0x3a9f</value>
         <object_component_ref idref="oc-3b2"/>
      </symbol>
      <symbol id="sm-3b9">
         <name>memcpy</name>
         <value>0x29a3</value>
         <object_component_ref idref="oc-3b"/>
      </symbol>
      <symbol id="sm-3ba">
         <name>__aeabi_memcpy</name>
         <value>0x29a3</value>
         <object_component_ref idref="oc-3b"/>
      </symbol>
      <symbol id="sm-3bb">
         <name>__aeabi_memcpy8</name>
         <value>0x29a3</value>
         <object_component_ref idref="oc-3b"/>
      </symbol>
      <symbol id="sm-3bc">
         <name>__aeabi_memcpy4</name>
         <value>0x29a3</value>
         <object_component_ref idref="oc-3b"/>
      </symbol>
      <symbol id="sm-3c9">
         <name>__aeabi_uldivmod</name>
         <value>0x2a3f</value>
         <object_component_ref idref="oc-391"/>
      </symbol>
      <symbol id="sm-3d8">
         <name>__aeabi_memset</name>
         <value>0x2cf5</value>
         <object_component_ref idref="oc-93"/>
      </symbol>
      <symbol id="sm-3d9">
         <name>memset</name>
         <value>0x2cfb</value>
         <object_component_ref idref="oc-93"/>
      </symbol>
      <symbol id="sm-3da">
         <name>__aeabi_memset8</name>
         <value>0x2cf5</value>
         <object_component_ref idref="oc-93"/>
      </symbol>
      <symbol id="sm-3db">
         <name>__aeabi_memset4</name>
         <value>0x2cf5</value>
         <object_component_ref idref="oc-93"/>
      </symbol>
      <symbol id="sm-3dc">
         <name>__aeabi_memclr8</name>
         <value>0x2cf3</value>
         <object_component_ref idref="oc-93"/>
      </symbol>
      <symbol id="sm-3dd">
         <name>__aeabi_memclr4</name>
         <value>0x2cf3</value>
         <object_component_ref idref="oc-93"/>
      </symbol>
      <symbol id="sm-3de">
         <name>__aeabi_memclr</name>
         <value>0x2cf3</value>
         <object_component_ref idref="oc-93"/>
      </symbol>
      <symbol id="sm-3f2">
         <name>__TI_zero_init_nomemset</name>
         <value>0x3c41</value>
         <object_component_ref idref="oc-47"/>
      </symbol>
      <symbol id="sm-409">
         <name>__TI_decompress_none</name>
         <value>0x3dbd</value>
         <object_component_ref idref="oc-18"/>
      </symbol>
      <symbol id="sm-42c">
         <name>__TI_decompress_lzss</name>
         <value>0x2ffd</value>
         <object_component_ref idref="oc-12"/>
      </symbol>
      <symbol id="sm-452">
         <name>C$$EXIT</name>
         <value>0x3e21</value>
         <object_component_ref idref="oc-124"/>
      </symbol>
      <symbol id="sm-453">
         <name>abort</name>
         <value>0x3e21</value>
         <object_component_ref idref="oc-124"/>
      </symbol>
      <symbol id="sm-454">
         <name>__TI_dtors_ptr</name>
         <value>0x200081cc</value>
         <object_component_ref idref="oc-1e0"/>
      </symbol>
      <symbol id="sm-455">
         <name>__TI_cleanup_ptr</name>
         <value>0x200081c8</value>
         <object_component_ref idref="oc-1e0"/>
      </symbol>
      <symbol id="sm-456">
         <name>__TI_enable_exit_profile_output</name>
         <value>0x200081d0</value>
         <object_component_ref idref="oc-1e0"/>
      </symbol>
      <symbol id="sm-457">
         <name>exit</name>
         <value>0x367d</value>
         <object_component_ref idref="oc-12a"/>
      </symbol>
      <symbol id="sm-46c">
         <name>_nop</name>
         <value>0xc57</value>
         <object_component_ref idref="oc-2b5"/>
      </symbol>
      <symbol id="sm-46d">
         <name>_lock</name>
         <value>0x200081d4</value>
         <object_component_ref idref="oc-1e3"/>
      </symbol>
      <symbol id="sm-46e">
         <name>_unlock</name>
         <value>0x200081d8</value>
         <object_component_ref idref="oc-1e3"/>
      </symbol>
      <symbol id="sm-484">
         <name>atoi</name>
         <value>0x3509</value>
         <object_component_ref idref="oc-30b"/>
      </symbol>
      <symbol id="sm-48f">
         <name>_ctypes_</name>
         <value>0x423c</value>
         <object_component_ref idref="oc-38c"/>
      </symbol>
      <symbol id="sm-4a4">
         <name>__TI_tmpnams</name>
         <value>0x20008b10</value>
      </symbol>
      <symbol id="sm-4a5">
         <name>__aeabi_stdout</name>
         <value>0x200081c0</value>
         <object_component_ref idref="oc-4e1"/>
      </symbol>
      <symbol id="sm-4a6">
         <name>__aeabi_stderr</name>
         <value>0x200081c4</value>
         <object_component_ref idref="oc-4e1"/>
      </symbol>
      <symbol id="sm-4a7">
         <name>__aeabi_stdin</name>
         <value>0x200081bc</value>
         <object_component_ref idref="oc-4e1"/>
      </symbol>
      <symbol id="sm-4a8">
         <name>_ftable</name>
         <value>0x20008000</value>
         <object_component_ref idref="oc-284"/>
      </symbol>
      <symbol id="sm-4a9">
         <name>__TI_ft_end</name>
         <value>0x200081b8</value>
         <object_component_ref idref="oc-4e1"/>
      </symbol>
      <symbol id="sm-4b8">
         <name>ltoa</name>
         <value>0x3417</value>
         <object_component_ref idref="oc-3ac"/>
      </symbol>
      <symbol id="sm-4c8">
         <name>memccpy</name>
         <value>0x3c79</value>
         <object_component_ref idref="oc-334"/>
      </symbol>
      <symbol id="sm-4d8">
         <name>memchr</name>
         <value>0x3be5</value>
         <object_component_ref idref="oc-40c"/>
      </symbol>
      <symbol id="sm-561">
         <name>_sys_memory</name>
         <value>0x20008c30</value>
         <object_component_ref idref="oc-21"/>
      </symbol>
      <symbol id="sm-562">
         <name>free</name>
         <value>0x2521</value>
         <object_component_ref idref="oc-492"/>
      </symbol>
      <symbol id="sm-563">
         <name>memalign</name>
         <value>0x20e9</value>
         <object_component_ref idref="oc-4d4"/>
      </symbol>
      <symbol id="sm-564">
         <name>malloc</name>
         <value>0x3e05</value>
         <object_component_ref idref="oc-498"/>
      </symbol>
      <symbol id="sm-565">
         <name>aligned_alloc</name>
         <value>0x20e9</value>
         <object_component_ref idref="oc-4d4"/>
      </symbol>
      <symbol id="sm-575">
         <name>strchr</name>
         <value>0x3d29</value>
         <object_component_ref idref="oc-3e3"/>
      </symbol>
      <symbol id="sm-583">
         <name>strlen</name>
         <value>0x3d53</value>
         <object_component_ref idref="oc-305"/>
      </symbol>
      <symbol id="sm-59d">
         <name>write</name>
         <value>0x3b75</value>
         <object_component_ref idref="oc-418"/>
      </symbol>
      <symbol id="sm-5ae">
         <name>_stream</name>
         <value>0x20008168</value>
         <object_component_ref idref="oc-470"/>
      </symbol>
      <symbol id="sm-5af">
         <name>_device</name>
         <value>0x200080f0</value>
         <object_component_ref idref="oc-4b1"/>
      </symbol>
      <symbol id="sm-5c2">
         <name>__stack</name>
         <value>0x200081f0</value>
         <object_component_ref idref="oc-24"/>
      </symbol>
      <symbol id="sm-5c3">
         <name>_c_int00_noargs</name>
         <value>0x39dd</value>
         <object_component_ref idref="oc-59"/>
      </symbol>
      <symbol id="sm-5d9">
         <name>__aeabi_errno_addr</name>
         <value>0x3dfd</value>
         <object_component_ref idref="oc-340"/>
      </symbol>
      <symbol id="sm-5da">
         <name>errno</name>
         <value>0x200081e8</value>
         <object_component_ref idref="oc-3f3"/>
      </symbol>
      <symbol id="sm-5f3">
         <name>wcslen</name>
         <value>0x3d79</value>
         <object_component_ref idref="oc-33a"/>
      </symbol>
      <symbol id="sm-613">
         <name>frexpl</name>
         <value>0x30cd</value>
         <object_component_ref idref="oc-3d7"/>
      </symbol>
      <symbol id="sm-614">
         <name>frexp</name>
         <value>0x30cd</value>
         <object_component_ref idref="oc-3d7"/>
      </symbol>
      <symbol id="sm-631">
         <name>scalbn</name>
         <value>0x2315</value>
         <object_component_ref idref="oc-3dd"/>
      </symbol>
      <symbol id="sm-632">
         <name>scalbnl</name>
         <value>0x2315</value>
         <object_component_ref idref="oc-3dd"/>
      </symbol>
      <symbol id="sm-633">
         <name>ldexpl</name>
         <value>0x2315</value>
         <object_component_ref idref="oc-3dd"/>
      </symbol>
      <symbol id="sm-634">
         <name>ldexp</name>
         <value>0x2315</value>
         <object_component_ref idref="oc-3dd"/>
      </symbol>
      <symbol id="sm-644">
         <name>__TI_doflush</name>
         <value>0x34bd</value>
         <object_component_ref idref="oc-412"/>
      </symbol>
      <symbol id="sm-654">
         <name>__TI_cleanup</name>
         <value>0x3975</value>
         <object_component_ref idref="oc-49e"/>
      </symbol>
      <symbol id="sm-666">
         <name>fseek</name>
         <value>0x3131</value>
         <object_component_ref idref="oc-45e"/>
      </symbol>
      <symbol id="sm-670">
         <name>__aeabi_idiv0</name>
         <value>0x150f</value>
         <object_component_ref idref="oc-429"/>
      </symbol>
      <symbol id="sm-671">
         <name>__aeabi_ldiv0</name>
         <value>0x150f</value>
         <object_component_ref idref="oc-429"/>
      </symbol>
      <symbol id="sm-699">
         <name>__TI_auto_init_nobinit_nopinit</name>
         <value>0x3795</value>
         <object_component_ref idref="oc-130"/>
      </symbol>
      <symbol id="sm-6a3">
         <name>_system_pre_init</name>
         <value>0x3e1d</value>
         <object_component_ref idref="oc-99"/>
      </symbol>
      <symbol id="sm-6b6">
         <name>HOSTclose</name>
         <value>0x370d</value>
         <object_component_ref idref="oc-4ed"/>
      </symbol>
      <symbol id="sm-6c7">
         <name>HOSTlseek</name>
         <value>0x2f95</value>
         <object_component_ref idref="oc-4ff"/>
      </symbol>
      <symbol id="sm-6d9">
         <name>parmbuf</name>
         <value>0x20008c10</value>
      </symbol>
      <symbol id="sm-6da">
         <name>HOSTopen</name>
         <value>0x31f9</value>
         <object_component_ref idref="oc-4e7"/>
      </symbol>
      <symbol id="sm-6eb">
         <name>HOSTread</name>
         <value>0x3311</value>
         <object_component_ref idref="oc-4f3"/>
      </symbol>
      <symbol id="sm-6fc">
         <name>HOSTrename</name>
         <value>0x2ec1</value>
         <object_component_ref idref="oc-50b"/>
      </symbol>
      <symbol id="sm-70d">
         <name>HOSTunlink</name>
         <value>0x3751</value>
         <object_component_ref idref="oc-505"/>
      </symbol>
      <symbol id="sm-71e">
         <name>HOSTwrite</name>
         <value>0x3369</value>
         <object_component_ref idref="oc-4f9"/>
      </symbol>
      <symbol id="sm-742">
         <name>__TI_readmsg</name>
         <value>0x39a9</value>
         <object_component_ref idref="oc-53a"/>
      </symbol>
      <symbol id="sm-743">
         <name>C$$IO$$</name>
         <value>0x38ff</value>
         <object_component_ref idref="oc-534"/>
      </symbol>
      <symbol id="sm-744">
         <name>__CIOBUF_</name>
         <value>0x200089f0</value>
         <object_component_ref idref="oc-565"/>
      </symbol>
      <symbol id="sm-745">
         <name>__TI_writemsg</name>
         <value>0x38d1</value>
         <object_component_ref idref="oc-534"/>
      </symbol>
      <symbol id="sm-756">
         <name>lseek</name>
         <value>0x3b4d</value>
         <object_component_ref idref="oc-48a"/>
      </symbol>
      <symbol id="sm-760">
         <name>copysign</name>
         <value>0x3c95</value>
         <object_component_ref idref="oc-442"/>
      </symbol>
      <symbol id="sm-761">
         <name>copysignl</name>
         <value>0x3c95</value>
         <object_component_ref idref="oc-442"/>
      </symbol>
      <symbol id="sm-776">
         <name>__TI_closefile</name>
         <value>0x2d6d</value>
         <object_component_ref idref="oc-4db"/>
      </symbol>
      <symbol id="sm-799">
         <name>finddevice</name>
         <value>0x3a41</value>
         <object_component_ref idref="oc-583"/>
      </symbol>
      <symbol id="sm-79a">
         <name>getdevice</name>
         <value>0x37d9</value>
         <object_component_ref idref="oc-55b"/>
      </symbol>
      <symbol id="sm-7a9">
         <name>strcmp</name>
         <value>0x3cfb</value>
         <object_component_ref idref="oc-59a"/>
      </symbol>
      <symbol id="sm-7b7">
         <name>strcpy</name>
         <value>0x3d3f</value>
         <object_component_ref idref="oc-54e"/>
      </symbol>
      <symbol id="sm-7c7">
         <name>strncpy</name>
         <value>0x3909</value>
         <object_component_ref idref="oc-57d"/>
      </symbol>
      <symbol id="sm-7dc">
         <name>close</name>
         <value>0x3259</value>
         <object_component_ref idref="oc-523"/>
      </symbol>
      <symbol id="sm-7ec">
         <name>unlink</name>
         <value>0x3acd</value>
         <object_component_ref idref="oc-529"/>
      </symbol>
      <symbol id="sm-811">
         <name>GrContextInit</name>
         <value>0x2f2d</value>
         <object_component_ref idref="oc-100"/>
      </symbol>
      <symbol id="sm-812">
         <name>g_psDefaultCodePointMapTable</name>
         <value>0x455c</value>
         <object_component_ref idref="oc-1ac"/>
      </symbol>
      <symbol id="sm-820">
         <name>GrRectFill</name>
         <value>0x2b61</value>
         <object_component_ref idref="oc-112"/>
      </symbol>
      <symbol id="sm-8af">
         <name>GrFontInfoGet</name>
         <value>0x3b9d</value>
         <object_component_ref idref="oc-24c"/>
      </symbol>
      <symbol id="sm-8b0">
         <name>GrDefaultStringRenderer</name>
         <value>0x26e1</value>
         <object_component_ref idref="oc-1a6"/>
      </symbol>
      <symbol id="sm-8b1">
         <name>GrFontGlyphRender</name>
         <value>0x12b9</value>
         <object_component_ref idref="oc-25e"/>
      </symbol>
      <symbol id="sm-8b2">
         <name>GrContextFontSet</name>
         <value>0x3e0d</value>
         <object_component_ref idref="oc-109"/>
      </symbol>
      <symbol id="sm-8b3">
         <name>GrFontGlyphDataGet</name>
         <value>0x3bc3</value>
         <object_component_ref idref="oc-258"/>
      </symbol>
      <symbol id="sm-8b4">
         <name>GrStringDraw</name>
         <value>0x3d13</value>
         <object_component_ref idref="oc-1d8"/>
      </symbol>
      <symbol id="sm-8b5">
         <name>GrFontCodepageGet</name>
         <value>0x3c05</value>
         <object_component_ref idref="oc-273"/>
      </symbol>
      <symbol id="sm-8b6">
         <name>GrStringNextCharGet</name>
         <value>0x3a71</value>
         <object_component_ref idref="oc-252"/>
      </symbol>
      <symbol id="sm-8c8">
         <name>g_sFontFixed6x8</name>
         <value>0x4340</value>
         <object_component_ref idref="oc-106"/>
      </symbol>
      <symbol id="sm-8d5">
         <name>GrMapISO8859_1_Unicode</name>
         <value>0x3deb</value>
         <object_component_ref idref="oc-265"/>
      </symbol>
      <symbol id="sm-8ed">
         <name>FPULazyStackingEnable</name>
         <value>0x3d9d</value>
         <object_component_ref idref="oc-e5"/>
      </symbol>
      <symbol id="sm-8ee">
         <name>FPUEnable</name>
         <value>0x3d8d</value>
         <object_component_ref idref="oc-df"/>
      </symbol>
      <symbol id="sm-930">
         <name>GPIOPinConfigure</name>
         <value>0x35ed</value>
         <object_component_ref idref="oc-23c"/>
      </symbol>
      <symbol id="sm-931">
         <name>GPIOPinTypeGPIOOutput</name>
         <value>0x3ccb</value>
         <object_component_ref idref="oc-242"/>
      </symbol>
      <symbol id="sm-932">
         <name>GPIODirModeSet</name>
         <value>0x3af9</value>
         <object_component_ref idref="oc-2de"/>
      </symbol>
      <symbol id="sm-933">
         <name>GPIOPinWrite</name>
         <value>0x1a9b</value>
         <object_component_ref idref="oc-21e"/>
      </symbol>
      <symbol id="sm-934">
         <name>GPIOPadConfigSet</name>
         <value>0x1e93</value>
         <object_component_ref idref="oc-2e4"/>
      </symbol>
      <symbol id="sm-935">
         <name>GPIOPinTypeSSI</name>
         <value>0x3d67</value>
         <object_component_ref idref="oc-236"/>
      </symbol>
      <symbol id="sm-940">
         <name>IntMasterDisable</name>
         <value>0x3dad</value>
         <object_component_ref idref="oc-d9"/>
      </symbol>
      <symbol id="sm-967">
         <name>SSIDataPut</name>
         <value>0x3dd7</value>
         <object_component_ref idref="oc-212"/>
      </symbol>
      <symbol id="sm-968">
         <name>SSIConfigSetExpClk</name>
         <value>0x385b</value>
         <object_component_ref idref="oc-22a"/>
      </symbol>
      <symbol id="sm-969">
         <name>SSIEnable</name>
         <value>0x3de1</value>
         <object_component_ref idref="oc-230"/>
      </symbol>
      <symbol id="sm-96a">
         <name>SSIBusy</name>
         <value>0x3df3</value>
         <object_component_ref idref="oc-218"/>
      </symbol>
      <symbol id="sm-9da">
         <name>SysCtlDelay</name>
         <value>0x3e13</value>
         <object_component_ref idref="oc-195"/>
      </symbol>
      <symbol id="sm-9db">
         <name>SysCtlPeripheralEnable</name>
         <value>0x3941</value>
         <object_component_ref idref="oc-224"/>
      </symbol>
      <symbol id="sm-9dc">
         <name>SysCtlClockFreqSet</name>
         <value>0x1511</value>
         <object_component_ref idref="oc-eb"/>
      </symbol>
      <symbol id="sm-9e7">
         <name>CPUcpsid</name>
         <value>0x3dcb</value>
         <object_component_ref idref="oc-164"/>
      </symbol>
      <symbol id="sm-9e8">
         <name>__TI_static_base__</name>
         <value>0x0</value>
      </symbol>
      <symbol id="sm-9eb">
         <name>__mpu_init</name>
         <value>0x0</value>
      </symbol>
      <symbol id="sm-9ec">
         <name>_system_post_cinit</name>
         <value>0x0</value>
      </symbol>
      <symbol id="sm-9ed">
         <name>remove</name>
         <value>0x3acd</value>
      </symbol>
   </symbol_table>
   <title>Link successful</title>
</link_info>
